[robosuite WARNING] No private macro file found! (__init__.py:7)
[robosuite WARNING] It is recommended to use a private macro file (__init__.py:8)
[robosuite WARNING] To setup, run: python /home/zhaosiying/codebase/groot-fsdp2/Isaac-GR00T/gr00t/eval/sim/LIBERO/libero_uv/.venv/lib/python3.12/site-packages/robosuite/scripts/setup_macros.py (__init__.py:9)
Gym has been unmaintained since 2022 and does not support NumPy 2.0 amongst other critical functionality.
Please upgrade to Gymnasium, the maintained drop-in replacement of Gym, or contact the authors of your software and request that they upgrade.
See the migration guide at https://gymnasium.farama.org/introduction/migration_guide/ for additional information.
[info] using task orders [0, 1, 2, 3, 4, 5, 6, 7, 8, 9]
[Warning]: datasets path /home/zhaosiying/codebase/groot-fsdp2/Isaac-GR00T/external_dependencies/LIBERO/libero/libero/../datasets does not exist!
Running collecting 2 episodes for libero_sim/LIVING_ROOM_SCENE5_put_the_white_mug_on_the_left_plate_and_put_the_yellow_and_white_mug_on_the_right_plate with 1 vec envs
[info] using task orders [0, 1, 2, 3, 4, 5, 6, 7, 8, 9]
[info] using task orders [0, 1, 2, 3, 4, 5, 6, 7, 8, 9]
[info] using task orders [0, 1, 2, 3, 4, 5, 6, 7, 8, 9]
[info] using task orders [0, 1, 2, 3, 4, 5, 6, 7, 8, 9]
FP4VLA_EPISODE_RESET {"episode_index": 0, "seed": 334000, "task_id": 4, "init_state_index": 0, "init_state_bank_size": 50, "init_state_bank_sha256": "b6f20784b381c75d715f4fdaadda1fb460cbe24adcbad76f381a009419b8474e", "restored_state_sha256": "4365b3c5a82da7f8818c11ef5fd494c4890c17c4c3e27948dc290a9ac2f08131", "settle_steps": 10, "initial_state_sha256": "32d28f9351c55c4e0bed6633d46d5b02cc63ba7bd87c0aae544f3b32ed759f4c"}
/home/zhaosiying/codebase/groot-fsdp2/Isaac-GR00T/gr00t/eval/sim/LIBERO/libero_uv/.venv/lib/python3.12/site-packages/gymnasium/utils/passive_env_checker.py:159: UserWarning: [33mWARN: The obs returned by the `reset()` method is not within the observation space.[0m
  logger.warn(f"{pre} is not within the observation space.")
/home/zhaosiying/codebase/groot-fsdp2/Isaac-GR00T/gr00t/eval/sim/LIBERO/libero_uv/.venv/lib/python3.12/site-packages/gymnasium/utils/passive_env_checker.py:135: UserWarning: [33mWARN: The obs returned by the `reset()` method was expecting numpy array dtype to be float32, actual type: float64[0m
  logger.warn(
/home/zhaosiying/codebase/groot-fsdp2/Isaac-GR00T/gr00t/eval/sim/LIBERO/libero_uv/.venv/lib/python3.12/site-packages/gymnasium/utils/passive_env_checker.py:131: UserWarning: [33mWARN: The obs returned by the `reset()` method was expecting a numpy array, actual type: <class 'list'>[0m
  logger.warn(
/home/zhaosiying/codebase/groot-fsdp2/Isaac-GR00T/gr00t/eval/sim/LIBERO/libero_uv/.venv/lib/python3.12/site-packages/gymnasium/spaces/box.py:240: UserWarning: [33mWARN: Casting input x to numpy array.[0m
  gym.logger.warn("Casting input x to numpy array.")
Episodes:   0%|          | 0/2 [00:00<?, ?it/s]/home/zhaosiying/codebase/groot-fsdp2/Isaac-GR00T/gr00t/eval/sim/LIBERO/libero_uv/.venv/lib/python3.12/site-packages/gymnasium/utils/passive_env_checker.py:159: UserWarning: [33mWARN: The obs returned by the `step()` method is not within the observation space.[0m
  logger.warn(f"{pre} is not within the observation space.")
/home/zhaosiying/codebase/groot-fsdp2/Isaac-GR00T/gr00t/eval/sim/LIBERO/libero_uv/.venv/lib/python3.12/site-packages/gymnasium/utils/passive_env_checker.py:135: UserWarning: [33mWARN: The obs returned by the `step()` method was expecting numpy array dtype to be float32, actual type: float64[0m
  logger.warn(
/home/zhaosiying/codebase/groot-fsdp2/Isaac-GR00T/gr00t/eval/sim/LIBERO/libero_uv/.venv/lib/python3.12/site-packages/gymnasium/utils/passive_env_checker.py:131: UserWarning: [33mWARN: The obs returned by the `step()` method was expecting a numpy array, actual type: <class 'list'>[0m
  logger.warn(
FP4VLA_EPISODE_RESET {"episode_index": 1, "seed": 334001, "task_id": 4, "init_state_index": 1, "init_state_bank_size": 50, "init_state_bank_sha256": "b6f20784b381c75d715f4fdaadda1fb460cbe24adcbad76f381a009419b8474e", "restored_state_sha256": "b55dd89278457f3c00d7b4d871dc8d64e84534e5a119dd35a53e5a152c831d6a", "settle_steps": 10, "initial_state_sha256": "c407a81a3dd25c174d74dfbf8ca3da47609c17b1851453ce81f5b6aefbd59d13"}
Episodes:  50%|█████     | 1/2 [00:18<00:18, 18.11s/it]FP4VLA_EPISODE_RESET {"episode_index": 2, "seed": 334002, "task_id": 4, "init_state_index": 0, "init_state_bank_size": 50, "init_state_bank_sha256": "b6f20784b381c75d715f4fdaadda1fb460cbe24adcbad76f381a009419b8474e", "restored_state_sha256": "4365b3c5a82da7f8818c11ef5fd494c4890c17c4c3e27948dc290a9ac2f08131", "settle_steps": 10, "initial_state_sha256": "32d28f9351c55c4e0bed6633d46d5b02cc63ba7bd87c0aae544f3b32ed759f4c"}
Episodes: 100%|██████████| 2/2 [00:34<00:00, 16.88s/it]FP4VLA_EPISODE_RESET {"episode_index": 3, "seed": 334003, "task_id": 4, "init_state_index": 1, "init_state_bank_size": 50, "init_state_bank_sha256": "b6f20784b381c75d715f4fdaadda1fb460cbe24adcbad76f381a009419b8474e", "restored_state_sha256": "b55dd89278457f3c00d7b4d871dc8d64e84534e5a119dd35a53e5a152c831d6a", "settle_steps": 10, "initial_state_sha256": "c407a81a3dd25c174d74dfbf8ca3da47609c17b1851453ce81f5b6aefbd59d13"}
Episodes: 100%|██████████| 2/2 [00:36<00:00, 18.03s/it]
Collecting 2 episodes took 41.35995030403137 seconds
Video saved to:  /home/zhaosiying/codebase/fp4vla/results/ptqad_20260929/development/head_lang/videos/LIVING_ROOM_SCENE5_put_the_white_mug_on_the_left_plate_and_put_the_yellow_and_white_mug_on_the_right_plate
results:  ('libero_sim/LIVING_ROOM_SCENE5_put_the_white_mug_on_the_left_plate_and_put_the_yellow_and_white_mug_on_the_right_plate', [True, True], {'episode_lengths': [233, 210], 'episode_rewards': [1.0, 1.0]})
success rate:  1.0
