[robosuite WARNING] No private macro file found! (__init__.py:7)
[robosuite WARNING] It is recommended to use a private macro file (__init__.py:8)
[robosuite WARNING] To setup, run: python /home/zhaosiying/codebase/groot-fsdp2/Isaac-GR00T/gr00t/eval/sim/LIBERO/libero_uv/.venv/lib/python3.12/site-packages/robosuite/scripts/setup_macros.py (__init__.py:9)
Gym has been unmaintained since 2022 and does not support NumPy 2.0 amongst other critical functionality.
Please upgrade to Gymnasium, the maintained drop-in replacement of Gym, or contact the authors of your software and request that they upgrade.
See the migration guide at https://gymnasium.farama.org/introduction/migration_guide/ for additional information.
[info] using task orders [0, 1, 2, 3, 4, 5, 6, 7, 8, 9]
[Warning]: datasets path /home/zhaosiying/codebase/groot-fsdp2/Isaac-GR00T/external_dependencies/LIBERO/libero/libero/../datasets does not exist!
Running collecting 2 episodes for libero_sim/LIVING_ROOM_SCENE2_put_both_the_cream_cheese_box_and_the_butter_in_the_basket with 1 vec envs
[info] using task orders [0, 1, 2, 3, 4, 5, 6, 7, 8, 9]
[info] using task orders [0, 1, 2, 3, 4, 5, 6, 7, 8, 9]
[info] using task orders [0, 1, 2, 3, 4, 5, 6, 7, 8, 9]
[info] using task orders [0, 1, 2, 3, 4, 5, 6, 7, 8, 9]
FP4VLA_EPISODE_RESET {"episode_index": 0, "seed": 331000, "task_id": 1, "init_state_index": 0, "init_state_bank_size": 50, "init_state_bank_sha256": "f8ac06ea8f43bb328d40cba1e6a9767da2f8f5386fd7ff3f845c64a96bf6d2ce", "restored_state_sha256": "5abdf8f466f490901dee9f931b32eb181b2928eaa17bb6379742f988581d564a", "settle_steps": 10, "initial_state_sha256": "e866c33e9a4d3f0a267b958895cff96dc73b679b554b55f50ed0323da1bb88bd"}
/home/zhaosiying/codebase/groot-fsdp2/Isaac-GR00T/gr00t/eval/sim/LIBERO/libero_uv/.venv/lib/python3.12/site-packages/gymnasium/utils/passive_env_checker.py:159: UserWarning: [33mWARN: The obs returned by the `reset()` method is not within the observation space.[0m
  logger.warn(f"{pre} is not within the observation space.")
/home/zhaosiying/codebase/groot-fsdp2/Isaac-GR00T/gr00t/eval/sim/LIBERO/libero_uv/.venv/lib/python3.12/site-packages/gymnasium/utils/passive_env_checker.py:135: UserWarning: [33mWARN: The obs returned by the `reset()` method was expecting numpy array dtype to be float32, actual type: float64[0m
  logger.warn(
/home/zhaosiying/codebase/groot-fsdp2/Isaac-GR00T/gr00t/eval/sim/LIBERO/libero_uv/.venv/lib/python3.12/site-packages/gymnasium/utils/passive_env_checker.py:131: UserWarning: [33mWARN: The obs returned by the `reset()` method was expecting a numpy array, actual type: <class 'list'>[0m
  logger.warn(
/home/zhaosiying/codebase/groot-fsdp2/Isaac-GR00T/gr00t/eval/sim/LIBERO/libero_uv/.venv/lib/python3.12/site-packages/gymnasium/spaces/box.py:240: UserWarning: [33mWARN: Casting input x to numpy array.[0m
  gym.logger.warn("Casting input x to numpy array.")
Episodes:   0%|          | 0/2 [00:00<?, ?it/s]/home/zhaosiying/codebase/groot-fsdp2/Isaac-GR00T/gr00t/eval/sim/LIBERO/libero_uv/.venv/lib/python3.12/site-packages/gymnasium/utils/passive_env_checker.py:159: UserWarning: [33mWARN: The obs returned by the `step()` method is not within the observation space.[0m
  logger.warn(f"{pre} is not within the observation space.")
/home/zhaosiying/codebase/groot-fsdp2/Isaac-GR00T/gr00t/eval/sim/LIBERO/libero_uv/.venv/lib/python3.12/site-packages/gymnasium/utils/passive_env_checker.py:135: UserWarning: [33mWARN: The obs returned by the `step()` method was expecting numpy array dtype to be float32, actual type: float64[0m
  logger.warn(
/home/zhaosiying/codebase/groot-fsdp2/Isaac-GR00T/gr00t/eval/sim/LIBERO/libero_uv/.venv/lib/python3.12/site-packages/gymnasium/utils/passive_env_checker.py:131: UserWarning: [33mWARN: The obs returned by the `step()` method was expecting a numpy array, actual type: <class 'list'>[0m
  logger.warn(
FP4VLA_EPISODE_RESET {"episode_index": 1, "seed": 331001, "task_id": 1, "init_state_index": 1, "init_state_bank_size": 50, "init_state_bank_sha256": "f8ac06ea8f43bb328d40cba1e6a9767da2f8f5386fd7ff3f845c64a96bf6d2ce", "restored_state_sha256": "cd3e7f86ef217ee7b7d26cc505b3f56ea8f49664ef10f6749270dfcd39dd17a6", "settle_steps": 10, "initial_state_sha256": "285a4bcaba0330e9b62ed5f4dda48aad5a463bcbb1e22e88373040279d23658f"}
Episodes:  50%|█████     | 1/2 [00:29<00:29, 29.62s/it]FP4VLA_EPISODE_RESET {"episode_index": 2, "seed": 331002, "task_id": 1, "init_state_index": 0, "init_state_bank_size": 50, "init_state_bank_sha256": "f8ac06ea8f43bb328d40cba1e6a9767da2f8f5386fd7ff3f845c64a96bf6d2ce", "restored_state_sha256": "5abdf8f466f490901dee9f931b32eb181b2928eaa17bb6379742f988581d564a", "settle_steps": 10, "initial_state_sha256": "4ac73f0a9f734e9c50241c217e72cfe4a04490d1f6622f1e7dad5ceab9c82225"}
Episodes: 100%|██████████| 2/2 [01:10<00:00, 36.53s/it]FP4VLA_EPISODE_RESET {"episode_index": 3, "seed": 331003, "task_id": 1, "init_state_index": 1, "init_state_bank_size": 50, "init_state_bank_sha256": "f8ac06ea8f43bb328d40cba1e6a9767da2f8f5386fd7ff3f845c64a96bf6d2ce", "restored_state_sha256": "cd3e7f86ef217ee7b7d26cc505b3f56ea8f49664ef10f6749270dfcd39dd17a6", "settle_steps": 10, "initial_state_sha256": "64bd74235ca1ce667f1a8952edd25245ec00a6e73bb76406db07a14b259d3384"}
Episodes: 100%|██████████| 2/2 [01:13<00:00, 36.54s/it]
Collecting 2 episodes took 78.30365085601807 seconds
Video saved to:  /home/zhaosiying/codebase/fp4vla/results/ptqad_20260929/development/head_lang/videos/LIVING_ROOM_SCENE2_put_both_the_cream_cheese_box_and_the_butter_in_the_basket
results:  ('libero_sim/LIVING_ROOM_SCENE2_put_both_the_cream_cheese_box_and_the_butter_in_the_basket', [True, True], {'episode_lengths': [257, 382], 'episode_rewards': [1.0, 1.0]})
success rate:  1.0
