/home/zhaosiying/codebase/groot-fsdp2/Isaac-GR00T/.venv/lib/python3.12/site-packages/torch/backends/__init__.py:46: UserWarning: Please use the new API settings to control TF32 behavior, such as torch.backends.cudnn.conv.fp32_precision = 'tf32' or torch.backends.cuda.matmul.fp32_precision = 'ieee'. Old settings, e.g, torch.backends.cuda.matmul.allow_tf32 = True, torch.backends.cudnn.allow_tf32 = True, allowTF32CuDNN() and allowTF32CuBLAS() will be deprecated after Pytorch 2.9. Please see https://pytorch.org/docs/main/notes/cuda.html#tensorfloat-32-tf32-on-ampere-and-later-devices (Triggered internally at /pytorch/aten/src/ATen/Context.cpp:80.)
  self.setter(val)
/home/zhaosiying/codebase/groot-fsdp2/Isaac-GR00T/.venv/lib/python3.12/site-packages/albumentations/__init__.py:13: UserWarning: A new version of Albumentations is available: 2.0.8 (you have 1.4.18). Upgrade using: pip install -U albumentations. To disable automatic update checks, set the environment variable NO_ALBUMENTATIONS_UPDATE to 1.
  check_for_updates()
flash_attn is not installed. Falling back to sdpa attention. Install flash-attn for better performance: pip install flash-attn
/home/zhaosiying/codebase/groot-fsdp2/Isaac-GR00T/gr00t/model/modules/dit.py:255: FutureWarning: Accessing config attribute `compute_dtype` directly via 'AlternateVLDiT' object attribute is deprecated. Please access 'compute_dtype' over 'AlternateVLDiT's config object instead, e.g. 'unet.config.compute_dtype'.
  embedding_dim=self.inner_dim, compute_dtype=self.compute_dtype
/home/zhaosiying/codebase/groot-fsdp2/Isaac-GR00T/gr00t/model/modules/dit.py:286: FutureWarning: Accessing config attribute `output_dim` directly via 'AlternateVLDiT' object attribute is deprecated. Please access 'output_dim' over 'AlternateVLDiT's config object instead, e.g. 'unet.config.output_dim'.
  self.proj_out_2 = nn.Linear(self.inner_dim, self.output_dim)
Total number of DiT parameters:  1091722240
Total number of SelfAttentionTransformer parameters:  201433088
Loading checkpoint shards:   0%|          | 0/2 [00:00<?, ?it/s]Loading checkpoint shards:  50%|█████     | 1/2 [00:02<00:02,  2.65s/it]Loading checkpoint shards: 100%|██████████| 2/2 [00:03<00:00,  1.63s/it]Loading checkpoint shards: 100%|██████████| 2/2 [00:03<00:00,  1.78s/it]
{
  "model": "nvidia/GR00T-N1.7-LIBERO",
  "dtype_config": "bfloat16",
  "parameter_dtype_elements": {
    "bfloat16": 3144016000
  },
  "timing_scope": {
    "entrypoint": "Gr00tPolicy.get_action",
    "included": [
      "processor",
      "backbone",
      "action_head",
      "action_device_to_host",
      "action_decoding",
      "policy_validation"
    ],
    "excluded": [
      "model_loading",
      "synthetic_input_generation",
      "finite_output_validation",
      "simulator",
      "network"
    ]
  },
  "n": 50,
  "latency_ms_mean": 90.48091667951667
}
Saved /home/zhaosiying/codebase/fp4vla/results/baselines/gr00t_pt_bf16_ptqad_20260929.json
