flash_attn is not installed. Falling back to sdpa attention. Install flash-attn for better performance: pip install flash-attn
/home/zhaosiying/codebase/groot-fsdp2/Isaac-GR00T/gr00t/model/modules/dit.py:255: FutureWarning: Accessing config attribute `compute_dtype` directly via 'AlternateVLDiT' object attribute is deprecated. Please access 'compute_dtype' over 'AlternateVLDiT's config object instead, e.g. 'unet.config.compute_dtype'.
  embedding_dim=self.inner_dim, compute_dtype=self.compute_dtype
/home/zhaosiying/codebase/groot-fsdp2/Isaac-GR00T/gr00t/model/modules/dit.py:286: FutureWarning: Accessing config attribute `output_dim` directly via 'AlternateVLDiT' object attribute is deprecated. Please access 'output_dim' over 'AlternateVLDiT's config object instead, e.g. 'unet.config.output_dim'.
  self.proj_out_2 = nn.Linear(self.inner_dim, self.output_dim)
Total number of DiT parameters:  1091722240
Total number of SelfAttentionTransformer parameters:  201433088
Loading checkpoint shards:   0%|          | 0/2 [00:00<?, ?it/s]Loading checkpoint shards:  50%|█████     | 1/2 [00:03<00:03,  3.95s/it]Loading checkpoint shards: 100%|██████████| 2/2 [00:08<00:00,  4.01s/it]Loading checkpoint shards: 100%|██████████| 2/2 [00:08<00:00,  4.00s/it]
[probe-cache] 1/160 pred=(1, 40, 132)
[probe-cache] 2/160 pred=(1, 40, 132)
[probe-cache] 3/160 pred=(1, 40, 132)
[probe-cache] 4/160 pred=(1, 40, 132)
[probe-cache] 5/160 pred=(1, 40, 132)
[probe-cache] 6/160 pred=(1, 40, 132)
[probe-cache] 7/160 pred=(1, 40, 132)
[probe-cache] 8/160 pred=(1, 40, 132)
[probe-cache] 9/160 pred=(1, 40, 132)
[probe-cache] 10/160 pred=(1, 40, 132)
[probe-cache] 11/160 pred=(1, 40, 132)
[probe-cache] 12/160 pred=(1, 40, 132)
[probe-cache] 13/160 pred=(1, 40, 132)
[probe-cache] 14/160 pred=(1, 40, 132)
[probe-cache] 15/160 pred=(1, 40, 132)
[probe-cache] 16/160 pred=(1, 40, 132)
[probe-cache] 17/160 pred=(1, 40, 132)
[probe-cache] 18/160 pred=(1, 40, 132)
[probe-cache] 19/160 pred=(1, 40, 132)
[probe-cache] 20/160 pred=(1, 40, 132)
[probe-cache] 21/160 pred=(1, 40, 132)
[probe-cache] 22/160 pred=(1, 40, 132)
[probe-cache] 23/160 pred=(1, 40, 132)
[probe-cache] 24/160 pred=(1, 40, 132)
[probe-cache] 25/160 pred=(1, 40, 132)
[probe-cache] 26/160 pred=(1, 40, 132)
[probe-cache] 27/160 pred=(1, 40, 132)
[probe-cache] 28/160 pred=(1, 40, 132)
[probe-cache] 29/160 pred=(1, 40, 132)
[probe-cache] 30/160 pred=(1, 40, 132)
[probe-cache] 31/160 pred=(1, 40, 132)
[probe-cache] 32/160 pred=(1, 40, 132)
[probe-cache] 33/160 pred=(1, 40, 132)
[probe-cache] 34/160 pred=(1, 40, 132)
[probe-cache] 35/160 pred=(1, 40, 132)
[probe-cache] 36/160 pred=(1, 40, 132)
[probe-cache] 37/160 pred=(1, 40, 132)
[probe-cache] 38/160 pred=(1, 40, 132)
[probe-cache] 39/160 pred=(1, 40, 132)
[probe-cache] 40/160 pred=(1, 40, 132)
[probe-cache] 41/160 pred=(1, 40, 132)
[probe-cache] 42/160 pred=(1, 40, 132)
[probe-cache] 43/160 pred=(1, 40, 132)
[probe-cache] 44/160 pred=(1, 40, 132)
[probe-cache] 45/160 pred=(1, 40, 132)
[probe-cache] 46/160 pred=(1, 40, 132)
[probe-cache] 47/160 pred=(1, 40, 132)
[probe-cache] 48/160 pred=(1, 40, 132)
[probe-cache] 49/160 pred=(1, 40, 132)
[probe-cache] 50/160 pred=(1, 40, 132)
[probe-cache] 51/160 pred=(1, 40, 132)
[probe-cache] 52/160 pred=(1, 40, 132)
[probe-cache] 53/160 pred=(1, 40, 132)
[probe-cache] 54/160 pred=(1, 40, 132)
[probe-cache] 55/160 pred=(1, 40, 132)
[probe-cache] 56/160 pred=(1, 40, 132)
[probe-cache] 57/160 pred=(1, 40, 132)
[probe-cache] 58/160 pred=(1, 40, 132)
[probe-cache] 59/160 pred=(1, 40, 132)
[probe-cache] 60/160 pred=(1, 40, 132)
[probe-cache] 61/160 pred=(1, 40, 132)
[probe-cache] 62/160 pred=(1, 40, 132)
[probe-cache] 63/160 pred=(1, 40, 132)
[probe-cache] 64/160 pred=(1, 40, 132)
[probe-cache] 65/160 pred=(1, 40, 132)
[probe-cache] 66/160 pred=(1, 40, 132)
[probe-cache] 67/160 pred=(1, 40, 132)
[probe-cache] 68/160 pred=(1, 40, 132)
[probe-cache] 69/160 pred=(1, 40, 132)
[probe-cache] 70/160 pred=(1, 40, 132)
[probe-cache] 71/160 pred=(1, 40, 132)
[probe-cache] 72/160 pred=(1, 40, 132)
[probe-cache] 73/160 pred=(1, 40, 132)
[probe-cache] 74/160 pred=(1, 40, 132)
[probe-cache] 75/160 pred=(1, 40, 132)
[probe-cache] 76/160 pred=(1, 40, 132)
[probe-cache] 77/160 pred=(1, 40, 132)
[probe-cache] 78/160 pred=(1, 40, 132)
[probe-cache] 79/160 pred=(1, 40, 132)
[probe-cache] 80/160 pred=(1, 40, 132)
[probe-cache] 81/160 pred=(1, 40, 132)
[probe-cache] 82/160 pred=(1, 40, 132)
[probe-cache] 83/160 pred=(1, 40, 132)
[probe-cache] 84/160 pred=(1, 40, 132)
[probe-cache] 85/160 pred=(1, 40, 132)
[probe-cache] 86/160 pred=(1, 40, 132)
[probe-cache] 87/160 pred=(1, 40, 132)
[probe-cache] 88/160 pred=(1, 40, 132)
[probe-cache] 89/160 pred=(1, 40, 132)
[probe-cache] 90/160 pred=(1, 40, 132)
[probe-cache] 91/160 pred=(1, 40, 132)
[probe-cache] 92/160 pred=(1, 40, 132)
[probe-cache] 93/160 pred=(1, 40, 132)
[probe-cache] 94/160 pred=(1, 40, 132)
[probe-cache] 95/160 pred=(1, 40, 132)
[probe-cache] 96/160 pred=(1, 40, 132)
[probe-cache] 97/160 pred=(1, 40, 132)
[probe-cache] 98/160 pred=(1, 40, 132)
[probe-cache] 99/160 pred=(1, 40, 132)
[probe-cache] 100/160 pred=(1, 40, 132)
[probe-cache] 101/160 pred=(1, 40, 132)
[probe-cache] 102/160 pred=(1, 40, 132)
[probe-cache] 103/160 pred=(1, 40, 132)
[probe-cache] 104/160 pred=(1, 40, 132)
[probe-cache] 105/160 pred=(1, 40, 132)
[probe-cache] 106/160 pred=(1, 40, 132)
[probe-cache] 107/160 pred=(1, 40, 132)
[probe-cache] 108/160 pred=(1, 40, 132)
[probe-cache] 109/160 pred=(1, 40, 132)
[probe-cache] 110/160 pred=(1, 40, 132)
[probe-cache] 111/160 pred=(1, 40, 132)
[probe-cache] 112/160 pred=(1, 40, 132)
[probe-cache] 113/160 pred=(1, 40, 132)
[probe-cache] 114/160 pred=(1, 40, 132)
[probe-cache] 115/160 pred=(1, 40, 132)
[probe-cache] 116/160 pred=(1, 40, 132)
[probe-cache] 117/160 pred=(1, 40, 132)
[probe-cache] 118/160 pred=(1, 40, 132)
[probe-cache] 119/160 pred=(1, 40, 132)
[probe-cache] 120/160 pred=(1, 40, 132)
[probe-cache] 121/160 pred=(1, 40, 132)
[probe-cache] 122/160 pred=(1, 40, 132)
[probe-cache] 123/160 pred=(1, 40, 132)
[probe-cache] 124/160 pred=(1, 40, 132)
[probe-cache] 125/160 pred=(1, 40, 132)
[probe-cache] 126/160 pred=(1, 40, 132)
[probe-cache] 127/160 pred=(1, 40, 132)
[probe-cache] 128/160 pred=(1, 40, 132)
[probe-cache] 129/160 pred=(1, 40, 132)
[probe-cache] 130/160 pred=(1, 40, 132)
[probe-cache] 131/160 pred=(1, 40, 132)
[probe-cache] 132/160 pred=(1, 40, 132)
[probe-cache] 133/160 pred=(1, 40, 132)
[probe-cache] 134/160 pred=(1, 40, 132)
[probe-cache] 135/160 pred=(1, 40, 132)
[probe-cache] 136/160 pred=(1, 40, 132)
[probe-cache] 137/160 pred=(1, 40, 132)
[probe-cache] 138/160 pred=(1, 40, 132)
[probe-cache] 139/160 pred=(1, 40, 132)
[probe-cache] 140/160 pred=(1, 40, 132)
[probe-cache] 141/160 pred=(1, 40, 132)
[probe-cache] 142/160 pred=(1, 40, 132)
[probe-cache] 143/160 pred=(1, 40, 132)
[probe-cache] 144/160 pred=(1, 40, 132)
[probe-cache] 145/160 pred=(1, 40, 132)
[probe-cache] 146/160 pred=(1, 40, 132)
[probe-cache] 147/160 pred=(1, 40, 132)
[probe-cache] 148/160 pred=(1, 40, 132)
[probe-cache] 149/160 pred=(1, 40, 132)
[probe-cache] 150/160 pred=(1, 40, 132)
[probe-cache] 151/160 pred=(1, 40, 132)
[probe-cache] 152/160 pred=(1, 40, 132)
[probe-cache] 153/160 pred=(1, 40, 132)
[probe-cache] 154/160 pred=(1, 40, 132)
[probe-cache] 155/160 pred=(1, 40, 132)
[probe-cache] 156/160 pred=(1, 40, 132)
[probe-cache] 157/160 pred=(1, 40, 132)
[probe-cache] 158/160 pred=(1, 40, 132)
[probe-cache] 159/160 pred=(1, 40, 132)
[probe-cache] 160/160 pred=(1, 40, 132)
[probe-cache] saved /home/zhaosiying/codebase/fp4vla/results/ptqad_20261003/v11_recovery_r4/artifacts/teacher_cache/teacher_probes.pt source=student_rollout architecture={'language_layers': 16, 'dit_layers': 32, 'vl_layers': 4}
UTC 2026-10-02T21:21:36Z
CWD /home/zhaosiying/codebase/groot-fsdp2/Isaac-GR00T
COMMAND /home/zhaosiying/codebase/groot-fsdp2/Isaac-GR00T/.venv/bin/python /home/zhaosiying/codebase/fp4vla/rl/opd_probe_cache.py --teacher /home/zhaosiying/codebase/fp4vla/weights/GR00T-N1.7-LIBERO/libero_10 --input-dir /home/zhaosiying/codebase/fp4vla/results/ptqad_20261003/v11_recovery_r4/artifacts/collection_qad/observations --count 160 --out /home/zhaosiying/codebase/fp4vla/results/ptqad_20261003/v11_recovery_r4/artifacts/teacher_cache/teacher_probes.pt --dataset /home/zhaosiying/codebase/groot-fsdp2/Isaac-GR00T/demo_data/libero_demo --seed 20261003
RETURN_CODE 0
COMPLETED_UTC 2026-10-02T21:22:35Z
