+ set -euo pipefail
+ export CUDA_VISIBLE_DEVICES=
+ CUDA_VISIBLE_DEVICES=
+ export OMP_NUM_THREADS=2 MKL_NUM_THREADS=2
+ OMP_NUM_THREADS=2
+ MKL_NUM_THREADS=2
+ export HF_HUB_OFFLINE=1 TRANSFORMERS_OFFLINE=1 NO_ALBUMENTATIONS_UPDATE=1
+ HF_HUB_OFFLINE=1
+ TRANSFORMERS_OFFLINE=1
+ NO_ALBUMENTATIONS_UPDATE=1
+ export GR00T_REPO=/home/zhaosiying/codebase/groot-fsdp2/Isaac-GR00T
+ GR00T_REPO=/home/zhaosiying/codebase/groot-fsdp2/Isaac-GR00T
+ cd /home/zhaosiying/codebase/fp4vla
+ /home/zhaosiying/codebase/groot-fsdp2/Isaac-GR00T/.venv/bin/python -m unittest tests.test_probe_distill tests.test_gr00t_runtime
[lora-qad] LoRA on 2 Linears (r=32, scope=all_ordinary_linear); trainable=0.0M frozen=0M
........[lora-qad] LoRA on 5 Linears (r=32, scope=head+lang_all); trainable=0.0M frozen=0M
.[2026-10-02 12:21:31,643] [WARNING] [real_accelerator.py:209:get_accelerator] Setting accelerator to CPU. If you have GPU or other accelerator, we were unable to detect it.
[opd] step=4 probe=0 mse=0.04 weight=0.7 microbatch=1
[opd] step=4 probe=0 mse=0.04 weight=0.7 microbatch=1
[opd] step=4 probe=0 mse=0.04 weight=0.7 microbatch=1
[opd] step=4 probe=0 mse=0.04 weight=0.7 microbatch=1
[opd] step=4 probe=0 mse=0.04 weight=0.7 microbatch=1
[opd] step=4 probe=0 mse=0.04 weight=0.7 microbatch=1
[opd] step=4 probe=0 mse=0.04 weight=0.7 microbatch=1
[opd] step=4 probe=0 mse=0.04 weight=0.7 microbatch=1
[opd] step=4 probe=0 mse=0.04 weight=0.7 microbatch=1
[opd] step=4 probe=0 mse=0.04 weight=0.7 microbatch=1
[opd] step=4 probe=0 mse=0.04 weight=0.7 microbatch=1
[opd] step=4 probe=0 mse=0.04 weight=0.7 microbatch=1
[opd] step=4 probe=0 mse=0.04 weight=0.7 microbatch=1
[opd] step=4 probe=0 mse=0.04 weight=0.7 microbatch=1
[opd] step=4 probe=0 mse=0.04 weight=0.7 microbatch=1
[opd] step=4 probe=0 mse=0.04 weight=0.7 microbatch=1
..{'train_runtime': 0.1198, 'train_samples_per_second': 2671.717, 'train_steps_per_second': 166.982, 'train_loss': 1.3666049003601075, 'epoch': 2.0}
[opd] step=2 probe=0 mse=0.04 weight=0.7 microbatch=1
[opd] step=2 probe=0 mse=0.04 weight=0.7 microbatch=1
..
----------------------------------------------------------------------
Ran 13 tests in 2.611s

OK
