[robosuite WARNING] No private macro file found! (__init__.py:7)
[robosuite WARNING] It is recommended to use a private macro file (__init__.py:8)
[robosuite WARNING] To setup, run: python /home/zhaosiying/codebase/groot-fsdp2/Isaac-GR00T/gr00t/eval/sim/LIBERO/libero_uv/.venv/lib/python3.12/site-packages/robosuite/scripts/setup_macros.py (__init__.py:9)
Gym has been unmaintained since 2022 and does not support NumPy 2.0 amongst other critical functionality.
Please upgrade to Gymnasium, the maintained drop-in replacement of Gym, or contact the authors of your software and request that they upgrade.
See the migration guide at https://gymnasium.farama.org/introduction/migration_guide/ for additional information.
[info] using task orders [0, 1, 2, 3, 4, 5, 6, 7, 8, 9]
[Warning]: datasets path /home/zhaosiying/codebase/groot-fsdp2/Isaac-GR00T/external_dependencies/LIBERO/libero/libero/../datasets does not exist!
Running collecting 2 episodes for libero_sim/KITCHEN_SCENE4_put_the_black_bowl_in_the_bottom_drawer_of_the_cabinet_and_close_it with 1 vec envs
[info] using task orders [0, 1, 2, 3, 4, 5, 6, 7, 8, 9]
[info] using task orders [0, 1, 2, 3, 4, 5, 6, 7, 8, 9]
[info] using task orders [0, 1, 2, 3, 4, 5, 6, 7, 8, 9]
[info] using task orders [0, 1, 2, 3, 4, 5, 6, 7, 8, 9]
FP4VLA_EPISODE_RESET {"episode_index": 0, "seed": 333000, "task_id": 3, "init_state_index": 0, "init_state_bank_size": 50, "init_state_bank_sha256": "e98ded151f64a036c74c872336dd09b968c379f3c9db7bc333aba37e7c235b86", "restored_state_sha256": "ea2ad0a67ceabe915bc4744e8231bf7fe71bddb74ff8c67eae6c821ff82078a4", "settle_steps": 10, "initial_state_sha256": "471e6d679852679a028aba2d16145dd8cfa36d3977f5602de5d331509fa3e254"}
/home/zhaosiying/codebase/groot-fsdp2/Isaac-GR00T/gr00t/eval/sim/LIBERO/libero_uv/.venv/lib/python3.12/site-packages/gymnasium/utils/passive_env_checker.py:159: UserWarning: [33mWARN: The obs returned by the `reset()` method is not within the observation space.[0m
  logger.warn(f"{pre} is not within the observation space.")
/home/zhaosiying/codebase/groot-fsdp2/Isaac-GR00T/gr00t/eval/sim/LIBERO/libero_uv/.venv/lib/python3.12/site-packages/gymnasium/utils/passive_env_checker.py:135: UserWarning: [33mWARN: The obs returned by the `reset()` method was expecting numpy array dtype to be float32, actual type: float64[0m
  logger.warn(
/home/zhaosiying/codebase/groot-fsdp2/Isaac-GR00T/gr00t/eval/sim/LIBERO/libero_uv/.venv/lib/python3.12/site-packages/gymnasium/utils/passive_env_checker.py:131: UserWarning: [33mWARN: The obs returned by the `reset()` method was expecting a numpy array, actual type: <class 'list'>[0m
  logger.warn(
/home/zhaosiying/codebase/groot-fsdp2/Isaac-GR00T/gr00t/eval/sim/LIBERO/libero_uv/.venv/lib/python3.12/site-packages/gymnasium/spaces/box.py:240: UserWarning: [33mWARN: Casting input x to numpy array.[0m
  gym.logger.warn("Casting input x to numpy array.")
Episodes:   0%|          | 0/2 [00:00<?, ?it/s]/home/zhaosiying/codebase/groot-fsdp2/Isaac-GR00T/gr00t/eval/sim/LIBERO/libero_uv/.venv/lib/python3.12/site-packages/gymnasium/utils/passive_env_checker.py:159: UserWarning: [33mWARN: The obs returned by the `step()` method is not within the observation space.[0m
  logger.warn(f"{pre} is not within the observation space.")
/home/zhaosiying/codebase/groot-fsdp2/Isaac-GR00T/gr00t/eval/sim/LIBERO/libero_uv/.venv/lib/python3.12/site-packages/gymnasium/utils/passive_env_checker.py:135: UserWarning: [33mWARN: The obs returned by the `step()` method was expecting numpy array dtype to be float32, actual type: float64[0m
  logger.warn(
/home/zhaosiying/codebase/groot-fsdp2/Isaac-GR00T/gr00t/eval/sim/LIBERO/libero_uv/.venv/lib/python3.12/site-packages/gymnasium/utils/passive_env_checker.py:131: UserWarning: [33mWARN: The obs returned by the `step()` method was expecting a numpy array, actual type: <class 'list'>[0m
  logger.warn(
FP4VLA_EPISODE_RESET {"episode_index": 1, "seed": 333001, "task_id": 3, "init_state_index": 1, "init_state_bank_size": 50, "init_state_bank_sha256": "e98ded151f64a036c74c872336dd09b968c379f3c9db7bc333aba37e7c235b86", "restored_state_sha256": "4163733ff3615b450aeebdbe916059b6c8b8f899330378fde0f00efc2f795efe", "settle_steps": 10, "initial_state_sha256": "3dfbc729c9e4418b8cc997475b318e451708da388abb01f9be61e6a38ad14e33"}
Episodes:  50%|█████     | 1/2 [00:25<00:25, 25.50s/it]FP4VLA_EPISODE_RESET {"episode_index": 2, "seed": 333002, "task_id": 3, "init_state_index": 0, "init_state_bank_size": 50, "init_state_bank_sha256": "e98ded151f64a036c74c872336dd09b968c379f3c9db7bc333aba37e7c235b86", "restored_state_sha256": "ea2ad0a67ceabe915bc4744e8231bf7fe71bddb74ff8c67eae6c821ff82078a4", "settle_steps": 10, "initial_state_sha256": "471e6d679852679a028aba2d16145dd8cfa36d3977f5602de5d331509fa3e254"}
Episodes: 100%|██████████| 2/2 [00:52<00:00, 26.41s/it]FP4VLA_EPISODE_RESET {"episode_index": 3, "seed": 333003, "task_id": 3, "init_state_index": 1, "init_state_bank_size": 50, "init_state_bank_sha256": "e98ded151f64a036c74c872336dd09b968c379f3c9db7bc333aba37e7c235b86", "restored_state_sha256": "4163733ff3615b450aeebdbe916059b6c8b8f899330378fde0f00efc2f795efe", "settle_steps": 10, "initial_state_sha256": "3dfbc729c9e4418b8cc997475b318e451708da388abb01f9be61e6a38ad14e33"}
Episodes: 100%|██████████| 2/2 [00:54<00:00, 27.28s/it]
Collecting 2 episodes took 58.99059343338013 seconds
Video saved to:  /home/zhaosiying/codebase/fp4vla/results/ptqad_20260929/development/fp8/videos/KITCHEN_SCENE4_put_the_black_bowl_in_the_bottom_drawer_of_the_cabinet_and_close_it
results:  ('libero_sim/KITCHEN_SCENE4_put_the_black_bowl_in_the_bottom_drawer_of_the_cabinet_and_close_it', [True, True], {'episode_lengths': [229, 246], 'episode_rewards': [1.0, 1.0]})
success rate:  1.0
