[robosuite WARNING] No private macro file found! (__init__.py:7)
[robosuite WARNING] It is recommended to use a private macro file (__init__.py:8)
[robosuite WARNING] To setup, run: python /home/zhaosiying/codebase/groot-fsdp2/Isaac-GR00T/gr00t/eval/sim/LIBERO/libero_uv/.venv/lib/python3.12/site-packages/robosuite/scripts/setup_macros.py (__init__.py:9)
Gym has been unmaintained since 2022 and does not support NumPy 2.0 amongst other critical functionality.
Please upgrade to Gymnasium, the maintained drop-in replacement of Gym, or contact the authors of your software and request that they upgrade.
See the migration guide at https://gymnasium.farama.org/introduction/migration_guide/ for additional information.
[info] using task orders [0, 1, 2, 3, 4, 5, 6, 7, 8, 9]
[Warning]: datasets path /home/zhaosiying/codebase/groot-fsdp2/Isaac-GR00T/external_dependencies/LIBERO/libero/libero/../datasets does not exist!
Running collecting 2 episodes for libero_sim/LIVING_ROOM_SCENE2_put_both_the_alphabet_soup_and_the_tomato_sauce_in_the_basket with 1 vec envs
[info] using task orders [0, 1, 2, 3, 4, 5, 6, 7, 8, 9]
[info] using task orders [0, 1, 2, 3, 4, 5, 6, 7, 8, 9]
[info] using task orders [0, 1, 2, 3, 4, 5, 6, 7, 8, 9]
[info] using task orders [0, 1, 2, 3, 4, 5, 6, 7, 8, 9]
FP4VLA_EPISODE_RESET {"episode_index": 0, "seed": 330000, "task_id": 0, "init_state_index": 0, "init_state_bank_size": 50, "init_state_bank_sha256": "1899fe54c51e24a41d5f9e32254730d6777f4894ab68e0e873f1fa7ae2062030", "restored_state_sha256": "747b653b2ca1feeae8f3bd994880ce743730993ea5ce4bd003623e877f26b3bd", "settle_steps": 10, "initial_state_sha256": "c217b89214f0cd9ef6e3be5e1a8f8615a663a3327e59be945dd69874d8dcac28"}
/home/zhaosiying/codebase/groot-fsdp2/Isaac-GR00T/gr00t/eval/sim/LIBERO/libero_uv/.venv/lib/python3.12/site-packages/gymnasium/utils/passive_env_checker.py:159: UserWarning: [33mWARN: The obs returned by the `reset()` method is not within the observation space.[0m
  logger.warn(f"{pre} is not within the observation space.")
/home/zhaosiying/codebase/groot-fsdp2/Isaac-GR00T/gr00t/eval/sim/LIBERO/libero_uv/.venv/lib/python3.12/site-packages/gymnasium/utils/passive_env_checker.py:135: UserWarning: [33mWARN: The obs returned by the `reset()` method was expecting numpy array dtype to be float32, actual type: float64[0m
  logger.warn(
/home/zhaosiying/codebase/groot-fsdp2/Isaac-GR00T/gr00t/eval/sim/LIBERO/libero_uv/.venv/lib/python3.12/site-packages/gymnasium/utils/passive_env_checker.py:131: UserWarning: [33mWARN: The obs returned by the `reset()` method was expecting a numpy array, actual type: <class 'list'>[0m
  logger.warn(
/home/zhaosiying/codebase/groot-fsdp2/Isaac-GR00T/gr00t/eval/sim/LIBERO/libero_uv/.venv/lib/python3.12/site-packages/gymnasium/spaces/box.py:240: UserWarning: [33mWARN: Casting input x to numpy array.[0m
  gym.logger.warn("Casting input x to numpy array.")
Episodes:   0%|          | 0/2 [00:00<?, ?it/s]/home/zhaosiying/codebase/groot-fsdp2/Isaac-GR00T/gr00t/eval/sim/LIBERO/libero_uv/.venv/lib/python3.12/site-packages/gymnasium/utils/passive_env_checker.py:159: UserWarning: [33mWARN: The obs returned by the `step()` method is not within the observation space.[0m
  logger.warn(f"{pre} is not within the observation space.")
/home/zhaosiying/codebase/groot-fsdp2/Isaac-GR00T/gr00t/eval/sim/LIBERO/libero_uv/.venv/lib/python3.12/site-packages/gymnasium/utils/passive_env_checker.py:135: UserWarning: [33mWARN: The obs returned by the `step()` method was expecting numpy array dtype to be float32, actual type: float64[0m
  logger.warn(
/home/zhaosiying/codebase/groot-fsdp2/Isaac-GR00T/gr00t/eval/sim/LIBERO/libero_uv/.venv/lib/python3.12/site-packages/gymnasium/utils/passive_env_checker.py:131: UserWarning: [33mWARN: The obs returned by the `step()` method was expecting a numpy array, actual type: <class 'list'>[0m
  logger.warn(
FP4VLA_EPISODE_RESET {"episode_index": 1, "seed": 330001, "task_id": 0, "init_state_index": 1, "init_state_bank_size": 50, "init_state_bank_sha256": "1899fe54c51e24a41d5f9e32254730d6777f4894ab68e0e873f1fa7ae2062030", "restored_state_sha256": "cf85ed132ae09bfad8798a3126b14879071228e0e2e7bd17c3e9d20e519cdb5a", "settle_steps": 10, "initial_state_sha256": "49a13496384363efceb59ccaffc06d54f57858cef790752f1cc8b780874d44a8"}
Episodes:  50%|█████     | 1/2 [00:31<00:31, 31.76s/it]FP4VLA_EPISODE_RESET {"episode_index": 2, "seed": 330002, "task_id": 0, "init_state_index": 0, "init_state_bank_size": 50, "init_state_bank_sha256": "1899fe54c51e24a41d5f9e32254730d6777f4894ab68e0e873f1fa7ae2062030", "restored_state_sha256": "747b653b2ca1feeae8f3bd994880ce743730993ea5ce4bd003623e877f26b3bd", "settle_steps": 10, "initial_state_sha256": "04467602a09490778c3ed1578b82050aac4d53be0f2bbfdad17568163d309c1c"}
Episodes: 100%|██████████| 2/2 [01:04<00:00, 32.20s/it]FP4VLA_EPISODE_RESET {"episode_index": 3, "seed": 330003, "task_id": 0, "init_state_index": 1, "init_state_bank_size": 50, "init_state_bank_sha256": "1899fe54c51e24a41d5f9e32254730d6777f4894ab68e0e873f1fa7ae2062030", "restored_state_sha256": "cf85ed132ae09bfad8798a3126b14879071228e0e2e7bd17c3e9d20e519cdb5a", "settle_steps": 10, "initial_state_sha256": "37737dc67b9fcafb4120c5692acf5e8a0eb2ff29c3612e97dadedc971243271f"}
Episodes: 100%|██████████| 2/2 [01:06<00:00, 33.19s/it]
Collecting 2 episodes took 71.71295642852783 seconds
Video saved to:  /home/zhaosiying/codebase/fp4vla/results/ptqad_20260929/development/fp8/videos/LIVING_ROOM_SCENE2_put_both_the_alphabet_soup_and_the_tomato_sauce_in_the_basket
results:  ('libero_sim/LIVING_ROOM_SCENE2_put_both_the_alphabet_soup_and_the_tomato_sauce_in_the_basket', [True, True], {'episode_lengths': [270, 274], 'episode_rewards': [1.0, 1.0]})
success rate:  1.0
