warning: apxinf-cuda@0.1.0: ApxInf CUDA architecture: sm_120 (explicit), CUTLASS: sm_120a
warning: field `max_seq_len` is never read
  --> crates/apxinf-core/src/kv_cache.rs:37:5
   |
33 | pub struct CpuKVCache {
   |            ---------- field in this struct
...
37 |     max_seq_len: usize,
   |     ^^^^^^^^^^^
   |
   = note: `#[warn(dead_code)]` (part of `#[warn(unused)]`) on by default

warning: `apxinf-core` (lib) generated 1 warning
warning: unreachable expression
    --> crates/apxinf-cuda/src/kernels/attention.rs:2126:5
     |
2121 | /         return fa2_attention(
2122 | |             ctx, q, k, v, 1, q_shape[0], key_tokens, q_shape[1], 1, q_shape[2],
2123 | |         );
     | |_________- any code following this expression is unreachable
...
2126 | /     {
2127 | |         return cublas_mqa_bf16(ctx, q, k, v, key_tokens);
2128 | |     }
     | |_____^ unreachable expression
     |
     = note: `#[warn(unreachable_code)]` (part of `#[warn(unused)]`) on by default

warning: constant `cudaHostAllocDefault` should have an upper case name
  --> crates/apxinf-cuda/src/ffi/cuda.rs:40:11
   |
40 | pub const cudaHostAllocDefault: u32 = 0;
   |           ^^^^^^^^^^^^^^^^^^^^ help: convert the identifier to upper case: `CUDA_HOST_ALLOC_DEFAULT`
   |
   = note: `#[warn(non_upper_case_globals)]` (part of `#[warn(nonstandard_style)]`) on by default

warning: constant `cudaHostAllocPortable` should have an upper case name
  --> crates/apxinf-cuda/src/ffi/cuda.rs:41:11
   |
41 | pub const cudaHostAllocPortable: u32 = 1;
   |           ^^^^^^^^^^^^^^^^^^^^^
   |
help: convert the identifier to upper case
   |
41 - pub const cudaHostAllocPortable: u32 = 1;
41 + pub const CUDA_HOST_ALLOC_PORTABLE: u32 = 1;
   |

warning: constant `cudaHostAllocMapped` should have an upper case name
  --> crates/apxinf-cuda/src/ffi/cuda.rs:42:11
   |
42 | pub const cudaHostAllocMapped: u32 = 2;
   |           ^^^^^^^^^^^^^^^^^^^
   |
help: convert the identifier to upper case
   |
42 - pub const cudaHostAllocMapped: u32 = 2;
42 + pub const CUDA_HOST_ALLOC_MAPPED: u32 = 2;
   |

warning: constant `cudaHostAllocWriteCombined` should have an upper case name
  --> crates/apxinf-cuda/src/ffi/cuda.rs:43:11
   |
43 | pub const cudaHostAllocWriteCombined: u32 = 4;
   |           ^^^^^^^^^^^^^^^^^^^^^^^^^^ help: convert the identifier to upper case: `CUDA_HOST_ALLOC_WRITE_COMBINED`

warning: `apxinf-cuda` (lib) generated 5 warnings (run `cargo fix --lib -p apxinf-cuda` to apply 4 suggestions)
warning: `apxinf-cuda` (lib test) generated 5 warnings (5 duplicates)
    Finished `release` profile [optimized] target(s) in 0.03s
     Running unittests src/lib.rs (target/wheel/release/deps/apxinf_cuda-0a62d12ebce0a46d)

running 1 test
FP4 graph capture/replay PASS: 4 changed-input replays, 2 scales, every output checked
test kernels::fp4::fp4_contract_tests::fp4_graph_replay_bf16_and_distinct_scales ... ok

test result: ok. 1 passed; 0 failed; 0 ignored; 0 measured; 150 filtered out; finished in 1.38s

     Running tests/bf16_addmv.rs (target/wheel/release/deps/bf16_addmv-aa7ea99797bf3430)

running 0 tests

test result: ok. 0 passed; 0 failed; 0 ignored; 0 measured; 1 filtered out; finished in 0.00s

     Running tests/cuda_arch.rs (target/wheel/release/deps/cuda_arch-b5244f4394276132)

running 0 tests

test result: ok. 0 passed; 0 failed; 0 ignored; 0 measured; 5 filtered out; finished in 0.00s

     Running tests/kv_reset.rs (target/wheel/release/deps/kv_reset-347ce83be6248af0)

running 0 tests

test result: ok. 0 passed; 0 failed; 0 ignored; 0 measured; 1 filtered out; finished in 0.00s

	Command being timed: "cargo test --release -p apxinf-cuda fp4_graph_replay_bf16_and_distinct_scales -- --ignored --nocapture"
	User time (seconds): 0.12
	System time (seconds): 0.22
	Percent of CPU this job got: 20%
	Elapsed (wall clock) time (h:mm:ss or m:ss): 0:01.68
	Average shared text size (kbytes): 0
	Average unshared data size (kbytes): 0
	Average stack size (kbytes): 0
	Average total size (kbytes): 0
	Maximum resident set size (kbytes): 376600
	Average resident set size (kbytes): 0
	Major (requiring I/O) page faults: 140
	Minor (reclaiming a frame) page faults: 126416
	Voluntary context switches: 900
	Involuntary context switches: 3
	Swaps: 0
	File system inputs: 0
	File system outputs: 0
	Socket messages sent: 0
	Socket messages received: 0
	Signals delivered: 0
	Page size (bytes): 4096
	Exit status: 0
