[robosuite WARNING] No private macro file found! (__init__.py:7)
[robosuite WARNING] It is recommended to use a private macro file (__init__.py:8)
[robosuite WARNING] To setup, run: python /home/zhaosiying/codebase/groot-fsdp2/Isaac-GR00T/gr00t/eval/sim/LIBERO/libero_uv/.venv/lib/python3.12/site-packages/robosuite/scripts/setup_macros.py (__init__.py:9)
Gym has been unmaintained since 2022 and does not support NumPy 2.0 amongst other critical functionality.
Please upgrade to Gymnasium, the maintained drop-in replacement of Gym, or contact the authors of your software and request that they upgrade.
See the migration guide at https://gymnasium.farama.org/introduction/migration_guide/ for additional information.
[info] using task orders [0, 1, 2, 3, 4, 5, 6, 7, 8, 9]
[Warning]: datasets path /home/zhaosiying/codebase/groot-fsdp2/Isaac-GR00T/external_dependencies/LIBERO/libero/libero/../datasets does not exist!
Running collecting 5 episodes for libero_sim/KITCHEN_SCENE3_turn_on_the_stove_and_put_the_moka_pot_on_it with 1 vec envs
[info] using task orders [0, 1, 2, 3, 4, 5, 6, 7, 8, 9]
[info] using task orders [0, 1, 2, 3, 4, 5, 6, 7, 8, 9]
[info] using task orders [0, 1, 2, 3, 4, 5, 6, 7, 8, 9]
[info] using task orders [0, 1, 2, 3, 4, 5, 6, 7, 8, 9]
FP4VLA_EPISODE_RESET {"event": "reset", "task_name": "KITCHEN_SCENE3_turn_on_the_stove_and_put_the_moka_pot_on_it", "episode_index": 0, "seed": 942000, "task_id": 2, "init_state_index": 4, "init_state_bank_size": 50, "init_state_bank_sha256": "02a8401f8d59f5447fc8c5a16f4c158dd8c426c3eaed6779927a2a53e9abf3c5", "restored_state_sha256": "0da0be61b3b3451f1ee4b9b911e9dcdc4fe9df1b95cdfb702eb3bfc9692ca446", "settle_steps": 10, "initial_state_sha256": "9d6802b15d34312b9797977b09e7e8dffc12c5884c85720decddfc93eab1ddf8"}
/home/zhaosiying/codebase/groot-fsdp2/Isaac-GR00T/gr00t/eval/sim/LIBERO/libero_uv/.venv/lib/python3.12/site-packages/gymnasium/utils/passive_env_checker.py:159: UserWarning: [33mWARN: The obs returned by the `reset()` method is not within the observation space.[0m
  logger.warn(f"{pre} is not within the observation space.")
/home/zhaosiying/codebase/groot-fsdp2/Isaac-GR00T/gr00t/eval/sim/LIBERO/libero_uv/.venv/lib/python3.12/site-packages/gymnasium/utils/passive_env_checker.py:135: UserWarning: [33mWARN: The obs returned by the `reset()` method was expecting numpy array dtype to be float32, actual type: float64[0m
  logger.warn(
/home/zhaosiying/codebase/groot-fsdp2/Isaac-GR00T/gr00t/eval/sim/LIBERO/libero_uv/.venv/lib/python3.12/site-packages/gymnasium/utils/passive_env_checker.py:131: UserWarning: [33mWARN: The obs returned by the `reset()` method was expecting a numpy array, actual type: <class 'list'>[0m
  logger.warn(
/home/zhaosiying/codebase/groot-fsdp2/Isaac-GR00T/gr00t/eval/sim/LIBERO/libero_uv/.venv/lib/python3.12/site-packages/gymnasium/spaces/box.py:240: UserWarning: [33mWARN: Casting input x to numpy array.[0m
  gym.logger.warn("Casting input x to numpy array.")
Episodes:   0%|          | 0/5 [00:00<?, ?it/s]/home/zhaosiying/codebase/groot-fsdp2/Isaac-GR00T/gr00t/eval/sim/LIBERO/libero_uv/.venv/lib/python3.12/site-packages/gymnasium/utils/passive_env_checker.py:159: UserWarning: [33mWARN: The obs returned by the `step()` method is not within the observation space.[0m
  logger.warn(f"{pre} is not within the observation space.")
/home/zhaosiying/codebase/groot-fsdp2/Isaac-GR00T/gr00t/eval/sim/LIBERO/libero_uv/.venv/lib/python3.12/site-packages/gymnasium/utils/passive_env_checker.py:135: UserWarning: [33mWARN: The obs returned by the `step()` method was expecting numpy array dtype to be float32, actual type: float64[0m
  logger.warn(
/home/zhaosiying/codebase/groot-fsdp2/Isaac-GR00T/gr00t/eval/sim/LIBERO/libero_uv/.venv/lib/python3.12/site-packages/gymnasium/utils/passive_env_checker.py:131: UserWarning: [33mWARN: The obs returned by the `step()` method was expecting a numpy array, actual type: <class 'list'>[0m
  logger.warn(
FP4VLA_EPISODE_RESET {"event": "reset", "task_name": "KITCHEN_SCENE3_turn_on_the_stove_and_put_the_moka_pot_on_it", "episode_index": 1, "seed": 942001, "task_id": 2, "init_state_index": 5, "init_state_bank_size": 50, "init_state_bank_sha256": "02a8401f8d59f5447fc8c5a16f4c158dd8c426c3eaed6779927a2a53e9abf3c5", "restored_state_sha256": "1a0f8034ad20898be65de30050ea599dc67c2a41d85dfecf67e4986f4d5959b3", "settle_steps": 10, "initial_state_sha256": "91c8998a37fec2819237494f1f5b52b09c57dcd31a05fbc7a4779b2ef0dedd9f"}
Episodes:  20%|██        | 1/5 [01:14<04:57, 74.46s/it]FP4VLA_EPISODE_RESET {"event": "reset", "task_name": "KITCHEN_SCENE3_turn_on_the_stove_and_put_the_moka_pot_on_it", "episode_index": 2, "seed": 942002, "task_id": 2, "init_state_index": 6, "init_state_bank_size": 50, "init_state_bank_sha256": "02a8401f8d59f5447fc8c5a16f4c158dd8c426c3eaed6779927a2a53e9abf3c5", "restored_state_sha256": "889f77b9e981349a8cf29c6e9a841bbac3634e4562ec0aab5d2b6e0292053178", "settle_steps": 10, "initial_state_sha256": "24c82a04c78d0d1cc8a01fff5653df7be392db935b075f4d56337e8c8f0195d8"}
Episodes:  40%|████      | 2/5 [02:34<03:53, 77.76s/it]FP4VLA_EPISODE_RESET {"event": "reset", "task_name": "KITCHEN_SCENE3_turn_on_the_stove_and_put_the_moka_pot_on_it", "episode_index": 3, "seed": 942003, "task_id": 2, "init_state_index": 7, "init_state_bank_size": 50, "init_state_bank_sha256": "02a8401f8d59f5447fc8c5a16f4c158dd8c426c3eaed6779927a2a53e9abf3c5", "restored_state_sha256": "081d6d4afe3c3b25a42f3e111c17902f1719489f2b3e1323e16f83c594db8684", "settle_steps": 10, "initial_state_sha256": "6bfed7eb62e3117a0cce6638a1f82c1d8e1e3c7dd8b3f2b72313750e9fcefa44"}
Episodes:  60%|██████    | 3/5 [03:57<02:40, 80.06s/it]FP4VLA_EPISODE_RESET {"event": "reset", "task_name": "KITCHEN_SCENE3_turn_on_the_stove_and_put_the_moka_pot_on_it", "episode_index": 4, "seed": 942004, "task_id": 2, "init_state_index": 8, "init_state_bank_size": 50, "init_state_bank_sha256": "02a8401f8d59f5447fc8c5a16f4c158dd8c426c3eaed6779927a2a53e9abf3c5", "restored_state_sha256": "3addeab455f4d1a2763345a27b34d5d71e22b3cae2fff48e7efe5c9ef20fb9f6", "settle_steps": 10, "initial_state_sha256": "183a009448e39383ceebbf753d8174d9f970f781472352fee4e73873eb6d74b4"}
Episodes:  80%|████████  | 4/5 [05:13<01:18, 78.41s/it]FP4VLA_EPISODE_RESET {"event": "reset", "task_name": "KITCHEN_SCENE3_turn_on_the_stove_and_put_the_moka_pot_on_it", "episode_index": 5, "seed": 942005, "task_id": 2, "init_state_index": 4, "init_state_bank_size": 50, "init_state_bank_sha256": "02a8401f8d59f5447fc8c5a16f4c158dd8c426c3eaed6779927a2a53e9abf3c5", "restored_state_sha256": "0da0be61b3b3451f1ee4b9b911e9dcdc4fe9df1b95cdfb702eb3bfc9692ca446", "settle_steps": 10, "initial_state_sha256": "9d6802b15d34312b9797977b09e7e8dffc12c5884c85720decddfc93eab1ddf8"}
Episodes: 100%|██████████| 5/5 [06:31<00:00, 78.47s/it]FP4VLA_EPISODE_RESET {"event": "reset", "task_name": "KITCHEN_SCENE3_turn_on_the_stove_and_put_the_moka_pot_on_it", "episode_index": 6, "seed": 942006, "task_id": 2, "init_state_index": 5, "init_state_bank_size": 50, "init_state_bank_sha256": "02a8401f8d59f5447fc8c5a16f4c158dd8c426c3eaed6779927a2a53e9abf3c5", "restored_state_sha256": "1a0f8034ad20898be65de30050ea599dc67c2a41d85dfecf67e4986f4d5959b3", "settle_steps": 10, "initial_state_sha256": "91c8998a37fec2819237494f1f5b52b09c57dcd31a05fbc7a4779b2ef0dedd9f"}
Episodes: 100%|██████████| 5/5 [06:33<00:00, 78.78s/it]
Collecting 5 episodes took 398.25179862976074 seconds
Video saved to:  /home/zhaosiying/codebase/fp4vla/results/ptqad_20261003/v11_recovery_r4/artifacts/dev_opd_025/videos/KITCHEN_SCENE3_turn_on_the_stove_and_put_the_moka_pot_on_it
results:  ('libero_sim/KITCHEN_SCENE3_turn_on_the_stove_and_put_the_moka_pot_on_it', [True, True, True, True, True], {'episode_lengths': [234, 262, 271, 246, 256], 'episode_rewards': [1.0, 1.0, 1.0, 1.0, 1.0]})
success rate:  1.0
