flash_attn is not installed. Falling back to sdpa attention. Install flash-attn for better performance: pip install flash-attn
/home/zhaosiying/codebase/groot-fsdp2/Isaac-GR00T/gr00t/model/modules/dit.py:255: FutureWarning: Accessing config attribute `compute_dtype` directly via 'AlternateVLDiT' object attribute is deprecated. Please access 'compute_dtype' over 'AlternateVLDiT's config object instead, e.g. 'unet.config.compute_dtype'.
  embedding_dim=self.inner_dim, compute_dtype=self.compute_dtype
/home/zhaosiying/codebase/groot-fsdp2/Isaac-GR00T/gr00t/model/modules/dit.py:286: FutureWarning: Accessing config attribute `output_dim` directly via 'AlternateVLDiT' object attribute is deprecated. Please access 'output_dim' over 'AlternateVLDiT's config object instead, e.g. 'unet.config.output_dim'.
  self.proj_out_2 = nn.Linear(self.inner_dim, self.output_dim)
Total number of DiT parameters:  1091722240
Total number of SelfAttentionTransformer parameters:  201433088
Loading checkpoint shards:   0%|          | 0/2 [00:00<?, ?it/s]Loading checkpoint shards:  50%|█████     | 1/2 [00:00<00:00,  1.28it/s]Loading checkpoint shards: 100%|██████████| 2/2 [00:01<00:00,  1.36it/s]Loading checkpoint shards: 100%|██████████| 2/2 [00:01<00:00,  1.34it/s]
[probe-cache] 1/154 pred=(1, 40, 132)
[probe-cache] 2/154 pred=(1, 40, 132)
[probe-cache] 3/154 pred=(1, 40, 132)
[probe-cache] 4/154 pred=(1, 40, 132)
[probe-cache] 5/154 pred=(1, 40, 132)
[probe-cache] 6/154 pred=(1, 40, 132)
[probe-cache] 7/154 pred=(1, 40, 132)
[probe-cache] 8/154 pred=(1, 40, 132)
[probe-cache] 9/154 pred=(1, 40, 132)
[probe-cache] 10/154 pred=(1, 40, 132)
[probe-cache] 11/154 pred=(1, 40, 132)
[probe-cache] 12/154 pred=(1, 40, 132)
[probe-cache] 13/154 pred=(1, 40, 132)
[probe-cache] 14/154 pred=(1, 40, 132)
[probe-cache] 15/154 pred=(1, 40, 132)
[probe-cache] 16/154 pred=(1, 40, 132)
[probe-cache] 17/154 pred=(1, 40, 132)
[probe-cache] 18/154 pred=(1, 40, 132)
[probe-cache] 19/154 pred=(1, 40, 132)
[probe-cache] 20/154 pred=(1, 40, 132)
[probe-cache] 21/154 pred=(1, 40, 132)
[probe-cache] 22/154 pred=(1, 40, 132)
[probe-cache] 23/154 pred=(1, 40, 132)
[probe-cache] 24/154 pred=(1, 40, 132)
[probe-cache] 25/154 pred=(1, 40, 132)
[probe-cache] 26/154 pred=(1, 40, 132)
[probe-cache] 27/154 pred=(1, 40, 132)
[probe-cache] 28/154 pred=(1, 40, 132)
[probe-cache] 29/154 pred=(1, 40, 132)
[probe-cache] 30/154 pred=(1, 40, 132)
[probe-cache] 31/154 pred=(1, 40, 132)
[probe-cache] 32/154 pred=(1, 40, 132)
[probe-cache] 33/154 pred=(1, 40, 132)
[probe-cache] 34/154 pred=(1, 40, 132)
[probe-cache] 35/154 pred=(1, 40, 132)
[probe-cache] 36/154 pred=(1, 40, 132)
[probe-cache] 37/154 pred=(1, 40, 132)
[probe-cache] 38/154 pred=(1, 40, 132)
[probe-cache] 39/154 pred=(1, 40, 132)
[probe-cache] 40/154 pred=(1, 40, 132)
[probe-cache] 41/154 pred=(1, 40, 132)
[probe-cache] 42/154 pred=(1, 40, 132)
[probe-cache] 43/154 pred=(1, 40, 132)
[probe-cache] 44/154 pred=(1, 40, 132)
[probe-cache] 45/154 pred=(1, 40, 132)
[probe-cache] 46/154 pred=(1, 40, 132)
[probe-cache] 47/154 pred=(1, 40, 132)
[probe-cache] 48/154 pred=(1, 40, 132)
[probe-cache] 49/154 pred=(1, 40, 132)
[probe-cache] 50/154 pred=(1, 40, 132)
[probe-cache] 51/154 pred=(1, 40, 132)
[probe-cache] 52/154 pred=(1, 40, 132)
[probe-cache] 53/154 pred=(1, 40, 132)
[probe-cache] 54/154 pred=(1, 40, 132)
[probe-cache] 55/154 pred=(1, 40, 132)
[probe-cache] 56/154 pred=(1, 40, 132)
[probe-cache] 57/154 pred=(1, 40, 132)
[probe-cache] 58/154 pred=(1, 40, 132)
[probe-cache] 59/154 pred=(1, 40, 132)
[probe-cache] 60/154 pred=(1, 40, 132)
[probe-cache] 61/154 pred=(1, 40, 132)
[probe-cache] 62/154 pred=(1, 40, 132)
[probe-cache] 63/154 pred=(1, 40, 132)
[probe-cache] 64/154 pred=(1, 40, 132)
[probe-cache] 65/154 pred=(1, 40, 132)
[probe-cache] 66/154 pred=(1, 40, 132)
[probe-cache] 67/154 pred=(1, 40, 132)
[probe-cache] 68/154 pred=(1, 40, 132)
[probe-cache] 69/154 pred=(1, 40, 132)
[probe-cache] 70/154 pred=(1, 40, 132)
[probe-cache] 71/154 pred=(1, 40, 132)
[probe-cache] 72/154 pred=(1, 40, 132)
[probe-cache] 73/154 pred=(1, 40, 132)
[probe-cache] 74/154 pred=(1, 40, 132)
[probe-cache] 75/154 pred=(1, 40, 132)
[probe-cache] 76/154 pred=(1, 40, 132)
[probe-cache] 77/154 pred=(1, 40, 132)
[probe-cache] 78/154 pred=(1, 40, 132)
[probe-cache] 79/154 pred=(1, 40, 132)
[probe-cache] 80/154 pred=(1, 40, 132)
[probe-cache] 81/154 pred=(1, 40, 132)
[probe-cache] 82/154 pred=(1, 40, 132)
[probe-cache] 83/154 pred=(1, 40, 132)
[probe-cache] 84/154 pred=(1, 40, 132)
[probe-cache] 85/154 pred=(1, 40, 132)
[probe-cache] 86/154 pred=(1, 40, 132)
[probe-cache] 87/154 pred=(1, 40, 132)
[probe-cache] 88/154 pred=(1, 40, 132)
[probe-cache] 89/154 pred=(1, 40, 132)
[probe-cache] 90/154 pred=(1, 40, 132)
[probe-cache] 91/154 pred=(1, 40, 132)
[probe-cache] 92/154 pred=(1, 40, 132)
[probe-cache] 93/154 pred=(1, 40, 132)
[probe-cache] 94/154 pred=(1, 40, 132)
[probe-cache] 95/154 pred=(1, 40, 132)
[probe-cache] 96/154 pred=(1, 40, 132)
[probe-cache] 97/154 pred=(1, 40, 132)
[probe-cache] 98/154 pred=(1, 40, 132)
[probe-cache] 99/154 pred=(1, 40, 132)
[probe-cache] 100/154 pred=(1, 40, 132)
[probe-cache] 101/154 pred=(1, 40, 132)
[probe-cache] 102/154 pred=(1, 40, 132)
[probe-cache] 103/154 pred=(1, 40, 132)
[probe-cache] 104/154 pred=(1, 40, 132)
[probe-cache] 105/154 pred=(1, 40, 132)
[probe-cache] 106/154 pred=(1, 40, 132)
[probe-cache] 107/154 pred=(1, 40, 132)
[probe-cache] 108/154 pred=(1, 40, 132)
[probe-cache] 109/154 pred=(1, 40, 132)
[probe-cache] 110/154 pred=(1, 40, 132)
[probe-cache] 111/154 pred=(1, 40, 132)
[probe-cache] 112/154 pred=(1, 40, 132)
[probe-cache] 113/154 pred=(1, 40, 132)
[probe-cache] 114/154 pred=(1, 40, 132)
[probe-cache] 115/154 pred=(1, 40, 132)
[probe-cache] 116/154 pred=(1, 40, 132)
[probe-cache] 117/154 pred=(1, 40, 132)
[probe-cache] 118/154 pred=(1, 40, 132)
[probe-cache] 119/154 pred=(1, 40, 132)
[probe-cache] 120/154 pred=(1, 40, 132)
[probe-cache] 121/154 pred=(1, 40, 132)
[probe-cache] 122/154 pred=(1, 40, 132)
[probe-cache] 123/154 pred=(1, 40, 132)
[probe-cache] 124/154 pred=(1, 40, 132)
[probe-cache] 125/154 pred=(1, 40, 132)
[probe-cache] 126/154 pred=(1, 40, 132)
[probe-cache] 127/154 pred=(1, 40, 132)
[probe-cache] 128/154 pred=(1, 40, 132)
[probe-cache] 129/154 pred=(1, 40, 132)
[probe-cache] 130/154 pred=(1, 40, 132)
[probe-cache] 131/154 pred=(1, 40, 132)
[probe-cache] 132/154 pred=(1, 40, 132)
[probe-cache] 133/154 pred=(1, 40, 132)
[probe-cache] 134/154 pred=(1, 40, 132)
[probe-cache] 135/154 pred=(1, 40, 132)
[probe-cache] 136/154 pred=(1, 40, 132)
[probe-cache] 137/154 pred=(1, 40, 132)
[probe-cache] 138/154 pred=(1, 40, 132)
[probe-cache] 139/154 pred=(1, 40, 132)
[probe-cache] 140/154 pred=(1, 40, 132)
[probe-cache] 141/154 pred=(1, 40, 132)
[probe-cache] 142/154 pred=(1, 40, 132)
[probe-cache] 143/154 pred=(1, 40, 132)
[probe-cache] 144/154 pred=(1, 40, 132)
[probe-cache] 145/154 pred=(1, 40, 132)
[probe-cache] 146/154 pred=(1, 40, 132)
[probe-cache] 147/154 pred=(1, 40, 132)
[probe-cache] 148/154 pred=(1, 40, 132)
[probe-cache] 149/154 pred=(1, 40, 132)
[probe-cache] 150/154 pred=(1, 40, 132)
[probe-cache] 151/154 pred=(1, 40, 132)
[probe-cache] 152/154 pred=(1, 40, 132)
[probe-cache] 153/154 pred=(1, 40, 132)
[probe-cache] 154/154 pred=(1, 40, 132)
[probe-cache] saved /home/zhaosiying/codebase/fp4vla/results/ptqad_20260929/round1/teacher_probes.pt source=student_rollout architecture={'language_layers': 16, 'dit_layers': 32, 'vl_layers': 4}
