[robosuite WARNING] No private macro file found! (__init__.py:7)
[robosuite WARNING] It is recommended to use a private macro file (__init__.py:8)
[robosuite WARNING] To setup, run: python /home/zhaosiying/codebase/groot-fsdp2/Isaac-GR00T/gr00t/eval/sim/LIBERO/libero_uv/.venv/lib/python3.12/site-packages/robosuite/scripts/setup_macros.py (__init__.py:9)
Gym has been unmaintained since 2022 and does not support NumPy 2.0 amongst other critical functionality.
Please upgrade to Gymnasium, the maintained drop-in replacement of Gym, or contact the authors of your software and request that they upgrade.
See the migration guide at https://gymnasium.farama.org/introduction/migration_guide/ for additional information.
[info] using task orders [0, 1, 2, 3, 4, 5, 6, 7, 8, 9]
[Warning]: datasets path /home/zhaosiying/codebase/groot-fsdp2/Isaac-GR00T/external_dependencies/LIBERO/libero/libero/../datasets does not exist!
Running collecting 4 episodes for libero_sim/KITCHEN_SCENE8_put_both_moka_pots_on_the_stove with 1 vec envs
[info] using task orders [0, 1, 2, 3, 4, 5, 6, 7, 8, 9]
[info] using task orders [0, 1, 2, 3, 4, 5, 6, 7, 8, 9]
[info] using task orders [0, 1, 2, 3, 4, 5, 6, 7, 8, 9]
[info] using task orders [0, 1, 2, 3, 4, 5, 6, 7, 8, 9]
FP4VLA_EPISODE_RESET {"event": "reset", "task_name": "KITCHEN_SCENE8_put_both_moka_pots_on_the_stove", "episode_index": 0, "seed": 958000, "task_id": 8, "init_state_index": 20, "init_state_bank_size": 50, "init_state_bank_sha256": "44f992e911c84a1340589510ecdaf947a4872966f7678c8364d8bb5d13dc4dac", "restored_state_sha256": "206564f7b57f4b31ddeb3067174fdd1cdcb3c4ee0f43b71eba06a5516b0867c5", "settle_steps": 10, "initial_state_sha256": "3ab4217c4fe7a308e64e5a54927ae13999694fcd48b1363dd0e6ce8e0de48f3e"}
/home/zhaosiying/codebase/groot-fsdp2/Isaac-GR00T/gr00t/eval/sim/LIBERO/libero_uv/.venv/lib/python3.12/site-packages/gymnasium/utils/passive_env_checker.py:159: UserWarning: [33mWARN: The obs returned by the `reset()` method is not within the observation space.[0m
  logger.warn(f"{pre} is not within the observation space.")
/home/zhaosiying/codebase/groot-fsdp2/Isaac-GR00T/gr00t/eval/sim/LIBERO/libero_uv/.venv/lib/python3.12/site-packages/gymnasium/utils/passive_env_checker.py:135: UserWarning: [33mWARN: The obs returned by the `reset()` method was expecting numpy array dtype to be float32, actual type: float64[0m
  logger.warn(
/home/zhaosiying/codebase/groot-fsdp2/Isaac-GR00T/gr00t/eval/sim/LIBERO/libero_uv/.venv/lib/python3.12/site-packages/gymnasium/utils/passive_env_checker.py:131: UserWarning: [33mWARN: The obs returned by the `reset()` method was expecting a numpy array, actual type: <class 'list'>[0m
  logger.warn(
/home/zhaosiying/codebase/groot-fsdp2/Isaac-GR00T/gr00t/eval/sim/LIBERO/libero_uv/.venv/lib/python3.12/site-packages/gymnasium/spaces/box.py:240: UserWarning: [33mWARN: Casting input x to numpy array.[0m
  gym.logger.warn("Casting input x to numpy array.")
Episodes:   0%|          | 0/4 [00:00<?, ?it/s]/home/zhaosiying/codebase/groot-fsdp2/Isaac-GR00T/gr00t/eval/sim/LIBERO/libero_uv/.venv/lib/python3.12/site-packages/gymnasium/utils/passive_env_checker.py:159: UserWarning: [33mWARN: The obs returned by the `step()` method is not within the observation space.[0m
  logger.warn(f"{pre} is not within the observation space.")
/home/zhaosiying/codebase/groot-fsdp2/Isaac-GR00T/gr00t/eval/sim/LIBERO/libero_uv/.venv/lib/python3.12/site-packages/gymnasium/utils/passive_env_checker.py:135: UserWarning: [33mWARN: The obs returned by the `step()` method was expecting numpy array dtype to be float32, actual type: float64[0m
  logger.warn(
/home/zhaosiying/codebase/groot-fsdp2/Isaac-GR00T/gr00t/eval/sim/LIBERO/libero_uv/.venv/lib/python3.12/site-packages/gymnasium/utils/passive_env_checker.py:131: UserWarning: [33mWARN: The obs returned by the `step()` method was expecting a numpy array, actual type: <class 'list'>[0m
  logger.warn(
FP4VLA_EPISODE_RESET {"event": "reset", "task_name": "KITCHEN_SCENE8_put_both_moka_pots_on_the_stove", "episode_index": 1, "seed": 958001, "task_id": 8, "init_state_index": 21, "init_state_bank_size": 50, "init_state_bank_sha256": "44f992e911c84a1340589510ecdaf947a4872966f7678c8364d8bb5d13dc4dac", "restored_state_sha256": "9e42025b1cce5338ad9ea19dc8b5748cf4677ad65e951914b3dd9991b3055b63", "settle_steps": 10, "initial_state_sha256": "286f1780b19401205c4a025cd62f85b4b6f2b8bc13e960de13a6e151aea031c7"}
Episodes:  25%|██▌       | 1/4 [01:31<04:34, 91.65s/it]FP4VLA_EPISODE_RESET {"event": "reset", "task_name": "KITCHEN_SCENE8_put_both_moka_pots_on_the_stove", "episode_index": 2, "seed": 958002, "task_id": 8, "init_state_index": 22, "init_state_bank_size": 50, "init_state_bank_sha256": "44f992e911c84a1340589510ecdaf947a4872966f7678c8364d8bb5d13dc4dac", "restored_state_sha256": "409c40056cad5fd3ab1b32c4f971335c2f8c53017606dbd586a5ce682ca5b3e2", "settle_steps": 10, "initial_state_sha256": "6647ccfa128d1c09952fe8da0681a8ef9a53fda586433a0ebae497cdc7c1a541"}
Episodes:  50%|█████     | 2/4 [03:03<03:03, 91.93s/it]FP4VLA_EPISODE_RESET {"event": "reset", "task_name": "KITCHEN_SCENE8_put_both_moka_pots_on_the_stove", "episode_index": 3, "seed": 958003, "task_id": 8, "init_state_index": 23, "init_state_bank_size": 50, "init_state_bank_sha256": "44f992e911c84a1340589510ecdaf947a4872966f7678c8364d8bb5d13dc4dac", "restored_state_sha256": "e6ead249c5a193c21aa299640062e679254d6e38c5abe30ff339b12d482e4c21", "settle_steps": 10, "initial_state_sha256": "7a9fe8e5c42af636fd67fef39569bb5d11a9db0d2cba835f21aeb4232449f6dc"}
Episodes:  75%|███████▌  | 3/4 [04:04<01:17, 77.72s/it]FP4VLA_EPISODE_RESET {"event": "reset", "task_name": "KITCHEN_SCENE8_put_both_moka_pots_on_the_stove", "episode_index": 4, "seed": 958004, "task_id": 8, "init_state_index": 20, "init_state_bank_size": 50, "init_state_bank_sha256": "44f992e911c84a1340589510ecdaf947a4872966f7678c8364d8bb5d13dc4dac", "restored_state_sha256": "206564f7b57f4b31ddeb3067174fdd1cdcb3c4ee0f43b71eba06a5516b0867c5", "settle_steps": 10, "initial_state_sha256": "3ab4217c4fe7a308e64e5a54927ae13999694fcd48b1363dd0e6ce8e0de48f3e"}
Episodes: 100%|██████████| 4/4 [05:07<00:00, 71.84s/it]FP4VLA_EPISODE_RESET {"event": "reset", "task_name": "KITCHEN_SCENE8_put_both_moka_pots_on_the_stove", "episode_index": 5, "seed": 958005, "task_id": 8, "init_state_index": 21, "init_state_bank_size": 50, "init_state_bank_sha256": "44f992e911c84a1340589510ecdaf947a4872966f7678c8364d8bb5d13dc4dac", "restored_state_sha256": "9e42025b1cce5338ad9ea19dc8b5748cf4677ad65e951914b3dd9991b3055b63", "settle_steps": 10, "initial_state_sha256": "286f1780b19401205c4a025cd62f85b4b6f2b8bc13e960de13a6e151aea031c7"}
Episodes: 100%|██████████| 4/4 [05:09<00:00, 77.37s/it]
Collecting 4 episodes took 313.69844365119934 seconds
Video saved to:  /home/zhaosiying/codebase/fp4vla/results/ptqad_20261003/w4a4_teacher_supervision/videos/KITCHEN_SCENE8_put_both_moka_pots_on_the_stove
results:  ('libero_sim/KITCHEN_SCENE8_put_both_moka_pots_on_the_stove', [False, False, True, True], {'episode_lengths': [720, 720, 458, 487], 'episode_rewards': [0.0, 0.0, 1.0, 1.0]})
success rate:  0.5
