[robosuite WARNING] No private macro file found! (__init__.py:7)
[robosuite WARNING] It is recommended to use a private macro file (__init__.py:8)
[robosuite WARNING] To setup, run: python /home/zhaosiying/codebase/groot-fsdp2/Isaac-GR00T/gr00t/eval/sim/LIBERO/libero_uv/.venv/lib/python3.12/site-packages/robosuite/scripts/setup_macros.py (__init__.py:9)
Gym has been unmaintained since 2022 and does not support NumPy 2.0 amongst other critical functionality.
Please upgrade to Gymnasium, the maintained drop-in replacement of Gym, or contact the authors of your software and request that they upgrade.
See the migration guide at https://gymnasium.farama.org/introduction/migration_guide/ for additional information.
[info] using task orders [0, 1, 2, 3, 4, 5, 6, 7, 8, 9]
[Warning]: datasets path /home/zhaosiying/codebase/groot-fsdp2/Isaac-GR00T/external_dependencies/LIBERO/libero/libero/../datasets does not exist!
Running collecting 4 episodes for libero_sim/LIVING_ROOM_SCENE2_put_both_the_cream_cheese_box_and_the_butter_in_the_basket with 1 vec envs
[info] using task orders [0, 1, 2, 3, 4, 5, 6, 7, 8, 9]
[info] using task orders [0, 1, 2, 3, 4, 5, 6, 7, 8, 9]
[info] using task orders [0, 1, 2, 3, 4, 5, 6, 7, 8, 9]
[info] using task orders [0, 1, 2, 3, 4, 5, 6, 7, 8, 9]
FP4VLA_EPISODE_RESET {"event": "reset", "task_name": "LIVING_ROOM_SCENE2_put_both_the_cream_cheese_box_and_the_butter_in_the_basket", "episode_index": 0, "seed": 951000, "task_id": 1, "init_state_index": 20, "init_state_bank_size": 50, "init_state_bank_sha256": "f8ac06ea8f43bb328d40cba1e6a9767da2f8f5386fd7ff3f845c64a96bf6d2ce", "restored_state_sha256": "1ddc6259e18ba32580516a16db9991698898aa83e150f096c5403b06f74cbe29", "settle_steps": 10, "initial_state_sha256": "dc0c07015cd09f5e992a01981e9627dbfb8ef1e9f19ab97436ebf797ce5ad2cf"}
/home/zhaosiying/codebase/groot-fsdp2/Isaac-GR00T/gr00t/eval/sim/LIBERO/libero_uv/.venv/lib/python3.12/site-packages/gymnasium/utils/passive_env_checker.py:159: UserWarning: [33mWARN: The obs returned by the `reset()` method is not within the observation space.[0m
  logger.warn(f"{pre} is not within the observation space.")
/home/zhaosiying/codebase/groot-fsdp2/Isaac-GR00T/gr00t/eval/sim/LIBERO/libero_uv/.venv/lib/python3.12/site-packages/gymnasium/utils/passive_env_checker.py:135: UserWarning: [33mWARN: The obs returned by the `reset()` method was expecting numpy array dtype to be float32, actual type: float64[0m
  logger.warn(
/home/zhaosiying/codebase/groot-fsdp2/Isaac-GR00T/gr00t/eval/sim/LIBERO/libero_uv/.venv/lib/python3.12/site-packages/gymnasium/utils/passive_env_checker.py:131: UserWarning: [33mWARN: The obs returned by the `reset()` method was expecting a numpy array, actual type: <class 'list'>[0m
  logger.warn(
/home/zhaosiying/codebase/groot-fsdp2/Isaac-GR00T/gr00t/eval/sim/LIBERO/libero_uv/.venv/lib/python3.12/site-packages/gymnasium/spaces/box.py:240: UserWarning: [33mWARN: Casting input x to numpy array.[0m
  gym.logger.warn("Casting input x to numpy array.")
Episodes:   0%|          | 0/4 [00:00<?, ?it/s]/home/zhaosiying/codebase/groot-fsdp2/Isaac-GR00T/gr00t/eval/sim/LIBERO/libero_uv/.venv/lib/python3.12/site-packages/gymnasium/utils/passive_env_checker.py:159: UserWarning: [33mWARN: The obs returned by the `step()` method is not within the observation space.[0m
  logger.warn(f"{pre} is not within the observation space.")
/home/zhaosiying/codebase/groot-fsdp2/Isaac-GR00T/gr00t/eval/sim/LIBERO/libero_uv/.venv/lib/python3.12/site-packages/gymnasium/utils/passive_env_checker.py:135: UserWarning: [33mWARN: The obs returned by the `step()` method was expecting numpy array dtype to be float32, actual type: float64[0m
  logger.warn(
/home/zhaosiying/codebase/groot-fsdp2/Isaac-GR00T/gr00t/eval/sim/LIBERO/libero_uv/.venv/lib/python3.12/site-packages/gymnasium/utils/passive_env_checker.py:131: UserWarning: [33mWARN: The obs returned by the `step()` method was expecting a numpy array, actual type: <class 'list'>[0m
  logger.warn(
FP4VLA_EPISODE_RESET {"event": "reset", "task_name": "LIVING_ROOM_SCENE2_put_both_the_cream_cheese_box_and_the_butter_in_the_basket", "episode_index": 1, "seed": 951001, "task_id": 1, "init_state_index": 21, "init_state_bank_size": 50, "init_state_bank_sha256": "f8ac06ea8f43bb328d40cba1e6a9767da2f8f5386fd7ff3f845c64a96bf6d2ce", "restored_state_sha256": "73f30734a195d8fb9c51e30d6c2bc3af8073a3cfce4ab902b32f22ee1e533309", "settle_steps": 10, "initial_state_sha256": "882eb0c28be641c9471f3c784c83e3d9425a6b0568982e92fe20011f23eebb66"}
Episodes:  25%|██▌       | 1/4 [00:29<01:27, 29.25s/it]FP4VLA_EPISODE_RESET {"event": "reset", "task_name": "LIVING_ROOM_SCENE2_put_both_the_cream_cheese_box_and_the_butter_in_the_basket", "episode_index": 2, "seed": 951002, "task_id": 1, "init_state_index": 22, "init_state_bank_size": 50, "init_state_bank_sha256": "f8ac06ea8f43bb328d40cba1e6a9767da2f8f5386fd7ff3f845c64a96bf6d2ce", "restored_state_sha256": "532200c92d74b65c8986ca5b3f668d9e79da78fa9313362e644d8dfc60a2fa2b", "settle_steps": 10, "initial_state_sha256": "72a31c00598ab00f9dc2ef77355f0a8601e3261414363d7f5dc5dd58c6b38fb7"}
Episodes:  50%|█████     | 2/4 [00:58<00:58, 29.24s/it]FP4VLA_EPISODE_RESET {"event": "reset", "task_name": "LIVING_ROOM_SCENE2_put_both_the_cream_cheese_box_and_the_butter_in_the_basket", "episode_index": 3, "seed": 951003, "task_id": 1, "init_state_index": 23, "init_state_bank_size": 50, "init_state_bank_sha256": "f8ac06ea8f43bb328d40cba1e6a9767da2f8f5386fd7ff3f845c64a96bf6d2ce", "restored_state_sha256": "2bf1ff9b2d1c706dd3a1944c03c8b0dbbc29879ea27a7fcfd0ae260a5134073c", "settle_steps": 10, "initial_state_sha256": "65f6f4111e027a9f0a4fd1f58b6d6809ef66c43e01a726052f452b1cc60913bc"}
Episodes:  75%|███████▌  | 3/4 [01:27<00:29, 29.01s/it]FP4VLA_EPISODE_RESET {"event": "reset", "task_name": "LIVING_ROOM_SCENE2_put_both_the_cream_cheese_box_and_the_butter_in_the_basket", "episode_index": 4, "seed": 951004, "task_id": 1, "init_state_index": 20, "init_state_bank_size": 50, "init_state_bank_sha256": "f8ac06ea8f43bb328d40cba1e6a9767da2f8f5386fd7ff3f845c64a96bf6d2ce", "restored_state_sha256": "1ddc6259e18ba32580516a16db9991698898aa83e150f096c5403b06f74cbe29", "settle_steps": 10, "initial_state_sha256": "167e4b211bd73760f6a0153020cc5e24d2751855164fdf146f0f035564918b4a"}
Episodes: 100%|██████████| 4/4 [01:52<00:00, 27.70s/it]FP4VLA_EPISODE_RESET {"event": "reset", "task_name": "LIVING_ROOM_SCENE2_put_both_the_cream_cheese_box_and_the_butter_in_the_basket", "episode_index": 5, "seed": 951005, "task_id": 1, "init_state_index": 21, "init_state_bank_size": 50, "init_state_bank_sha256": "f8ac06ea8f43bb328d40cba1e6a9767da2f8f5386fd7ff3f845c64a96bf6d2ce", "restored_state_sha256": "73f30734a195d8fb9c51e30d6c2bc3af8073a3cfce4ab902b32f22ee1e533309", "settle_steps": 10, "initial_state_sha256": "babef9243463728d7f37252d12c19626a83348956c4d932872864026d400d8cb"}
Episodes: 100%|██████████| 4/4 [01:55<00:00, 28.79s/it]
Collecting 4 episodes took 121.07239103317261 seconds
Video saved to:  /home/zhaosiying/codebase/fp4vla/results/ptqad_20261003/w4a4_teacher_supervision/videos/LIVING_ROOM_SCENE2_put_both_the_cream_cheese_box_and_the_butter_in_the_basket
results:  ('libero_sim/LIVING_ROOM_SCENE2_put_both_the_cream_cheese_box_and_the_butter_in_the_basket', [True, True, True, True], {'episode_lengths': [242, 252, 247, 220], 'episode_rewards': [1.0, 1.0, 1.0, 1.0]})
success rate:  1.0
