[robosuite WARNING] No private macro file found! (__init__.py:7)
[robosuite WARNING] It is recommended to use a private macro file (__init__.py:8)
[robosuite WARNING] To setup, run: python /home/zhaosiying/codebase/groot-fsdp2/Isaac-GR00T/gr00t/eval/sim/LIBERO/libero_uv/.venv/lib/python3.12/site-packages/robosuite/scripts/setup_macros.py (__init__.py:9)
Gym has been unmaintained since 2022 and does not support NumPy 2.0 amongst other critical functionality.
Please upgrade to Gymnasium, the maintained drop-in replacement of Gym, or contact the authors of your software and request that they upgrade.
See the migration guide at https://gymnasium.farama.org/introduction/migration_guide/ for additional information.
[info] using task orders [0, 1, 2, 3, 4, 5, 6, 7, 8, 9]
[Warning]: datasets path /home/zhaosiying/codebase/groot-fsdp2/Isaac-GR00T/external_dependencies/LIBERO/libero/libero/../datasets does not exist!
Running collecting 4 episodes for libero_sim/LIVING_ROOM_SCENE5_put_the_white_mug_on_the_left_plate_and_put_the_yellow_and_white_mug_on_the_right_plate with 1 vec envs
[info] using task orders [0, 1, 2, 3, 4, 5, 6, 7, 8, 9]
[info] using task orders [0, 1, 2, 3, 4, 5, 6, 7, 8, 9]
[info] using task orders [0, 1, 2, 3, 4, 5, 6, 7, 8, 9]
[info] using task orders [0, 1, 2, 3, 4, 5, 6, 7, 8, 9]
FP4VLA_EPISODE_RESET {"event": "reset", "task_name": "LIVING_ROOM_SCENE5_put_the_white_mug_on_the_left_plate_and_put_the_yellow_and_white_mug_on_the_right_plate", "episode_index": 0, "seed": 954000, "task_id": 4, "init_state_index": 20, "init_state_bank_size": 50, "init_state_bank_sha256": "b6f20784b381c75d715f4fdaadda1fb460cbe24adcbad76f381a009419b8474e", "restored_state_sha256": "5d6df4d9f5acd6ef9fdcb7a64d0234fe8620d34f2194d7b675bd0e455fdce0f3", "settle_steps": 10, "initial_state_sha256": "6b90ad2fe4e753ddb52ecff007c8c1799cf547b48fbe33d570cf1d167adf2c59"}
/home/zhaosiying/codebase/groot-fsdp2/Isaac-GR00T/gr00t/eval/sim/LIBERO/libero_uv/.venv/lib/python3.12/site-packages/gymnasium/utils/passive_env_checker.py:159: UserWarning: [33mWARN: The obs returned by the `reset()` method is not within the observation space.[0m
  logger.warn(f"{pre} is not within the observation space.")
/home/zhaosiying/codebase/groot-fsdp2/Isaac-GR00T/gr00t/eval/sim/LIBERO/libero_uv/.venv/lib/python3.12/site-packages/gymnasium/utils/passive_env_checker.py:135: UserWarning: [33mWARN: The obs returned by the `reset()` method was expecting numpy array dtype to be float32, actual type: float64[0m
  logger.warn(
/home/zhaosiying/codebase/groot-fsdp2/Isaac-GR00T/gr00t/eval/sim/LIBERO/libero_uv/.venv/lib/python3.12/site-packages/gymnasium/utils/passive_env_checker.py:131: UserWarning: [33mWARN: The obs returned by the `reset()` method was expecting a numpy array, actual type: <class 'list'>[0m
  logger.warn(
/home/zhaosiying/codebase/groot-fsdp2/Isaac-GR00T/gr00t/eval/sim/LIBERO/libero_uv/.venv/lib/python3.12/site-packages/gymnasium/spaces/box.py:240: UserWarning: [33mWARN: Casting input x to numpy array.[0m
  gym.logger.warn("Casting input x to numpy array.")
Episodes:   0%|          | 0/4 [00:00<?, ?it/s]/home/zhaosiying/codebase/groot-fsdp2/Isaac-GR00T/gr00t/eval/sim/LIBERO/libero_uv/.venv/lib/python3.12/site-packages/gymnasium/utils/passive_env_checker.py:159: UserWarning: [33mWARN: The obs returned by the `step()` method is not within the observation space.[0m
  logger.warn(f"{pre} is not within the observation space.")
/home/zhaosiying/codebase/groot-fsdp2/Isaac-GR00T/gr00t/eval/sim/LIBERO/libero_uv/.venv/lib/python3.12/site-packages/gymnasium/utils/passive_env_checker.py:135: UserWarning: [33mWARN: The obs returned by the `step()` method was expecting numpy array dtype to be float32, actual type: float64[0m
  logger.warn(
/home/zhaosiying/codebase/groot-fsdp2/Isaac-GR00T/gr00t/eval/sim/LIBERO/libero_uv/.venv/lib/python3.12/site-packages/gymnasium/utils/passive_env_checker.py:131: UserWarning: [33mWARN: The obs returned by the `step()` method was expecting a numpy array, actual type: <class 'list'>[0m
  logger.warn(
FP4VLA_EPISODE_RESET {"event": "reset", "task_name": "LIVING_ROOM_SCENE5_put_the_white_mug_on_the_left_plate_and_put_the_yellow_and_white_mug_on_the_right_plate", "episode_index": 1, "seed": 954001, "task_id": 4, "init_state_index": 21, "init_state_bank_size": 50, "init_state_bank_sha256": "b6f20784b381c75d715f4fdaadda1fb460cbe24adcbad76f381a009419b8474e", "restored_state_sha256": "4e442647eba43ee5ba0ad5e831186ee6b59cb4675b752d63be4575af85726ab4", "settle_steps": 10, "initial_state_sha256": "615a89fde01261f0516b26430570cf78d00d957151b5a80e61c6b8db3ce1a506"}
Episodes:  25%|██▌       | 1/4 [00:19<00:57, 19.28s/it]FP4VLA_EPISODE_RESET {"event": "reset", "task_name": "LIVING_ROOM_SCENE5_put_the_white_mug_on_the_left_plate_and_put_the_yellow_and_white_mug_on_the_right_plate", "episode_index": 2, "seed": 954002, "task_id": 4, "init_state_index": 22, "init_state_bank_size": 50, "init_state_bank_sha256": "b6f20784b381c75d715f4fdaadda1fb460cbe24adcbad76f381a009419b8474e", "restored_state_sha256": "055cb786edcb7faad227beb588a8433767a75c1d0e6b7c6e10e85bbed328793a", "settle_steps": 10, "initial_state_sha256": "51198848a71082aa62d7efc16612fa68ca36f88552d9b454277e6a38cf9adbd1"}
Episodes:  50%|█████     | 2/4 [00:35<00:34, 17.34s/it]FP4VLA_EPISODE_RESET {"event": "reset", "task_name": "LIVING_ROOM_SCENE5_put_the_white_mug_on_the_left_plate_and_put_the_yellow_and_white_mug_on_the_right_plate", "episode_index": 3, "seed": 954003, "task_id": 4, "init_state_index": 23, "init_state_bank_size": 50, "init_state_bank_sha256": "b6f20784b381c75d715f4fdaadda1fb460cbe24adcbad76f381a009419b8474e", "restored_state_sha256": "cd6e3afa56ae5ea41b0215caca93c24c8e06b499234a24ea6df89001a0f24fbd", "settle_steps": 10, "initial_state_sha256": "72455a254ce600cf01ba4a627b51ed8e340b3cbf84ba369f02b142a4a6221a46"}
Episodes:  75%|███████▌  | 3/4 [01:26<00:32, 32.62s/it]FP4VLA_EPISODE_RESET {"event": "reset", "task_name": "LIVING_ROOM_SCENE5_put_the_white_mug_on_the_left_plate_and_put_the_yellow_and_white_mug_on_the_right_plate", "episode_index": 4, "seed": 954004, "task_id": 4, "init_state_index": 20, "init_state_bank_size": 50, "init_state_bank_sha256": "b6f20784b381c75d715f4fdaadda1fb460cbe24adcbad76f381a009419b8474e", "restored_state_sha256": "5d6df4d9f5acd6ef9fdcb7a64d0234fe8620d34f2194d7b675bd0e455fdce0f3", "settle_steps": 10, "initial_state_sha256": "6b90ad2fe4e753ddb52ecff007c8c1799cf547b48fbe33d570cf1d167adf2c59"}
Episodes: 100%|██████████| 4/4 [01:43<00:00, 26.46s/it]FP4VLA_EPISODE_RESET {"event": "reset", "task_name": "LIVING_ROOM_SCENE5_put_the_white_mug_on_the_left_plate_and_put_the_yellow_and_white_mug_on_the_right_plate", "episode_index": 5, "seed": 954005, "task_id": 4, "init_state_index": 21, "init_state_bank_size": 50, "init_state_bank_sha256": "b6f20784b381c75d715f4fdaadda1fb460cbe24adcbad76f381a009419b8474e", "restored_state_sha256": "4e442647eba43ee5ba0ad5e831186ee6b59cb4675b752d63be4575af85726ab4", "settle_steps": 10, "initial_state_sha256": "615a89fde01261f0516b26430570cf78d00d957151b5a80e61c6b8db3ce1a506"}
Episodes: 100%|██████████| 4/4 [01:45<00:00, 26.27s/it]
Collecting 4 episodes took 110.66678929328918 seconds
Video saved to:  /home/zhaosiying/codebase/fp4vla/results/ptqad_20261003/w4a4_teacher_supervision/videos/LIVING_ROOM_SCENE5_put_the_white_mug_on_the_left_plate_and_put_the_yellow_and_white_mug_on_the_right_plate
results:  ('libero_sim/LIVING_ROOM_SCENE5_put_the_white_mug_on_the_left_plate_and_put_the_yellow_and_white_mug_on_the_right_plate', [True, True, False, True], {'episode_lengths': [239, 200, 720, 217], 'episode_rewards': [1.0, 1.0, 0.0, 1.0]})
success rate:  0.75
