[bake] GPTQ backbone.model.model.language_model.layers.0.mlp.gate_proj: shape=(6144, 2048), calibration_rows=19515
[bake] GPTQ backbone.model.model.language_model.layers.0.mlp.up_proj: shape=(6144, 2048), calibration_rows=19515
[bake] GPTQ backbone.model.model.language_model.layers.0.self_attn.k_proj: shape=(1024, 2048), calibration_rows=19515
[bake] GPTQ backbone.model.model.language_model.layers.0.self_attn.q_proj: shape=(2048, 2048), calibration_rows=19515
[bake] GPTQ backbone.model.model.language_model.layers.0.self_attn.v_proj: shape=(1024, 2048), calibration_rows=19515
[bake] GPTQ backbone.model.model.language_model.layers.1.mlp.gate_proj: shape=(6144, 2048), calibration_rows=19515
[bake] GPTQ backbone.model.model.language_model.layers.1.mlp.up_proj: shape=(6144, 2048), calibration_rows=19515
[bake] GPTQ backbone.model.model.language_model.layers.1.self_attn.k_proj: shape=(1024, 2048), calibration_rows=19515
[bake] GPTQ backbone.model.model.language_model.layers.1.self_attn.q_proj: shape=(2048, 2048), calibration_rows=19515
[bake] GPTQ backbone.model.model.language_model.layers.1.self_attn.v_proj: shape=(1024, 2048), calibration_rows=19515
[bake] GPTQ backbone.model.model.language_model.layers.10.mlp.gate_proj: shape=(6144, 2048), calibration_rows=19515
[bake] GPTQ backbone.model.model.language_model.layers.10.mlp.up_proj: shape=(6144, 2048), calibration_rows=19515
[bake] GPTQ backbone.model.model.language_model.layers.10.self_attn.k_proj: shape=(1024, 2048), calibration_rows=19515
[bake] GPTQ backbone.model.model.language_model.layers.10.self_attn.q_proj: shape=(2048, 2048), calibration_rows=19515
[bake] GPTQ backbone.model.model.language_model.layers.10.self_attn.v_proj: shape=(1024, 2048), calibration_rows=19515
[bake] GPTQ backbone.model.model.language_model.layers.11.mlp.gate_proj: shape=(6144, 2048), calibration_rows=19515
[bake] GPTQ backbone.model.model.language_model.layers.11.mlp.up_proj: shape=(6144, 2048), calibration_rows=19515
[bake] GPTQ backbone.model.model.language_model.layers.11.self_attn.k_proj: shape=(1024, 2048), calibration_rows=19515
[bake] GPTQ backbone.model.model.language_model.layers.11.self_attn.q_proj: shape=(2048, 2048), calibration_rows=19515
[bake] GPTQ backbone.model.model.language_model.layers.11.self_attn.v_proj: shape=(1024, 2048), calibration_rows=19515
[bake] GPTQ backbone.model.model.language_model.layers.12.mlp.gate_proj: shape=(6144, 2048), calibration_rows=19515
[bake] GPTQ backbone.model.model.language_model.layers.12.mlp.up_proj: shape=(6144, 2048), calibration_rows=19515
[bake] GPTQ backbone.model.model.language_model.layers.12.self_attn.k_proj: shape=(1024, 2048), calibration_rows=19515
[bake] GPTQ backbone.model.model.language_model.layers.12.self_attn.q_proj: shape=(2048, 2048), calibration_rows=19515
[bake] GPTQ backbone.model.model.language_model.layers.12.self_attn.v_proj: shape=(1024, 2048), calibration_rows=19515
[bake] GPTQ backbone.model.model.language_model.layers.13.mlp.gate_proj: shape=(6144, 2048), calibration_rows=19515
[bake] GPTQ backbone.model.model.language_model.layers.13.mlp.up_proj: shape=(6144, 2048), calibration_rows=19515
[bake] GPTQ backbone.model.model.language_model.layers.13.self_attn.k_proj: shape=(1024, 2048), calibration_rows=19515
[bake] GPTQ backbone.model.model.language_model.layers.13.self_attn.q_proj: shape=(2048, 2048), calibration_rows=19515
[bake] GPTQ backbone.model.model.language_model.layers.13.self_attn.v_proj: shape=(1024, 2048), calibration_rows=19515
[bake] GPTQ backbone.model.model.language_model.layers.14.mlp.gate_proj: shape=(6144, 2048), calibration_rows=19515
[bake] GPTQ backbone.model.model.language_model.layers.14.mlp.up_proj: shape=(6144, 2048), calibration_rows=19515
[bake] GPTQ backbone.model.model.language_model.layers.14.self_attn.k_proj: shape=(1024, 2048), calibration_rows=19515
[bake] GPTQ backbone.model.model.language_model.layers.14.self_attn.q_proj: shape=(2048, 2048), calibration_rows=19515
[bake] GPTQ backbone.model.model.language_model.layers.14.self_attn.v_proj: shape=(1024, 2048), calibration_rows=19515
[bake] GPTQ backbone.model.model.language_model.layers.15.mlp.gate_proj: shape=(6144, 2048), calibration_rows=19515
[bake] GPTQ backbone.model.model.language_model.layers.15.mlp.up_proj: shape=(6144, 2048), calibration_rows=19515
[bake] GPTQ backbone.model.model.language_model.layers.15.self_attn.k_proj: shape=(1024, 2048), calibration_rows=19515
[bake] GPTQ backbone.model.model.language_model.layers.15.self_attn.q_proj: shape=(2048, 2048), calibration_rows=19515
[bake] GPTQ backbone.model.model.language_model.layers.15.self_attn.v_proj: shape=(1024, 2048), calibration_rows=19515
[bake] GPTQ backbone.model.model.language_model.layers.2.mlp.gate_proj: shape=(6144, 2048), calibration_rows=19515
[bake] GPTQ backbone.model.model.language_model.layers.2.mlp.up_proj: shape=(6144, 2048), calibration_rows=19515
[bake] GPTQ backbone.model.model.language_model.layers.2.self_attn.k_proj: shape=(1024, 2048), calibration_rows=19515
[bake] GPTQ backbone.model.model.language_model.layers.2.self_attn.q_proj: shape=(2048, 2048), calibration_rows=19515
[bake] GPTQ backbone.model.model.language_model.layers.2.self_attn.v_proj: shape=(1024, 2048), calibration_rows=19515
[bake] GPTQ backbone.model.model.language_model.layers.3.mlp.gate_proj: shape=(6144, 2048), calibration_rows=19515
[bake] GPTQ backbone.model.model.language_model.layers.3.mlp.up_proj: shape=(6144, 2048), calibration_rows=19515
[bake] GPTQ backbone.model.model.language_model.layers.3.self_attn.k_proj: shape=(1024, 2048), calibration_rows=19515
[bake] GPTQ backbone.model.model.language_model.layers.3.self_attn.q_proj: shape=(2048, 2048), calibration_rows=19515
[bake] GPTQ backbone.model.model.language_model.layers.3.self_attn.v_proj: shape=(1024, 2048), calibration_rows=19515
[bake] GPTQ backbone.model.model.language_model.layers.4.mlp.gate_proj: shape=(6144, 2048), calibration_rows=19515
[bake] GPTQ backbone.model.model.language_model.layers.4.mlp.up_proj: shape=(6144, 2048), calibration_rows=19515
[bake] GPTQ backbone.model.model.language_model.layers.4.self_attn.k_proj: shape=(1024, 2048), calibration_rows=19515
[bake] GPTQ backbone.model.model.language_model.layers.4.self_attn.q_proj: shape=(2048, 2048), calibration_rows=19515
[bake] GPTQ backbone.model.model.language_model.layers.4.self_attn.v_proj: shape=(1024, 2048), calibration_rows=19515
[bake] GPTQ backbone.model.model.language_model.layers.5.mlp.gate_proj: shape=(6144, 2048), calibration_rows=19515
[bake] GPTQ backbone.model.model.language_model.layers.5.mlp.up_proj: shape=(6144, 2048), calibration_rows=19515
[bake] GPTQ backbone.model.model.language_model.layers.5.self_attn.k_proj: shape=(1024, 2048), calibration_rows=19515
[bake] GPTQ backbone.model.model.language_model.layers.5.self_attn.q_proj: shape=(2048, 2048), calibration_rows=19515
[bake] GPTQ backbone.model.model.language_model.layers.5.self_attn.v_proj: shape=(1024, 2048), calibration_rows=19515
[bake] GPTQ backbone.model.model.language_model.layers.6.mlp.gate_proj: shape=(6144, 2048), calibration_rows=19515
[bake] GPTQ backbone.model.model.language_model.layers.6.mlp.up_proj: shape=(6144, 2048), calibration_rows=19515
[bake] GPTQ backbone.model.model.language_model.layers.6.self_attn.k_proj: shape=(1024, 2048), calibration_rows=19515
[bake] GPTQ backbone.model.model.language_model.layers.6.self_attn.q_proj: shape=(2048, 2048), calibration_rows=19515
[bake] GPTQ backbone.model.model.language_model.layers.6.self_attn.v_proj: shape=(1024, 2048), calibration_rows=19515
[bake] GPTQ backbone.model.model.language_model.layers.7.mlp.gate_proj: shape=(6144, 2048), calibration_rows=19515
[bake] GPTQ backbone.model.model.language_model.layers.7.mlp.up_proj: shape=(6144, 2048), calibration_rows=19515
[bake] GPTQ backbone.model.model.language_model.layers.7.self_attn.k_proj: shape=(1024, 2048), calibration_rows=19515
[bake] GPTQ backbone.model.model.language_model.layers.7.self_attn.q_proj: shape=(2048, 2048), calibration_rows=19515
[bake] GPTQ backbone.model.model.language_model.layers.7.self_attn.v_proj: shape=(1024, 2048), calibration_rows=19515
[bake] GPTQ backbone.model.model.language_model.layers.8.mlp.gate_proj: shape=(6144, 2048), calibration_rows=19515
[bake] GPTQ backbone.model.model.language_model.layers.8.mlp.up_proj: shape=(6144, 2048), calibration_rows=19515
[bake] GPTQ backbone.model.model.language_model.layers.8.self_attn.k_proj: shape=(1024, 2048), calibration_rows=19515
[bake] GPTQ backbone.model.model.language_model.layers.8.self_attn.q_proj: shape=(2048, 2048), calibration_rows=19515
[bake] GPTQ backbone.model.model.language_model.layers.8.self_attn.v_proj: shape=(1024, 2048), calibration_rows=19515
[bake] GPTQ backbone.model.model.language_model.layers.9.mlp.gate_proj: shape=(6144, 2048), calibration_rows=19515
[bake] GPTQ backbone.model.model.language_model.layers.9.mlp.up_proj: shape=(6144, 2048), calibration_rows=19515
[bake] GPTQ backbone.model.model.language_model.layers.9.self_attn.k_proj: shape=(1024, 2048), calibration_rows=19515
[bake] GPTQ backbone.model.model.language_model.layers.9.self_attn.q_proj: shape=(2048, 2048), calibration_rows=19515
[bake] GPTQ backbone.model.model.language_model.layers.9.self_attn.v_proj: shape=(1024, 2048), calibration_rows=19515
[bake] saved model-00001-of-00002.safetensors; edited=359
[bake] saved model-00002-of-00002.safetensors; edited=472
[bake] head_lang corrected-allocation-v2: {'fp8': 139, 'nvfp4_rtn': 253, 'nvfp4_gptq': 80}; target eligible compression=2.6860x; source-dtype checkpoint -> /home/zhaosiying/codebase/fp4vla/weights/ptqad_20260929/head_lang
