[robosuite WARNING] No private macro file found! (__init__.py:7)
[robosuite WARNING] It is recommended to use a private macro file (__init__.py:8)
[robosuite WARNING] To setup, run: python /home/zhaosiying/codebase/groot-fsdp2/Isaac-GR00T/gr00t/eval/sim/LIBERO/libero_uv/.venv/lib/python3.12/site-packages/robosuite/scripts/setup_macros.py (__init__.py:9)
Gym has been unmaintained since 2022 and does not support NumPy 2.0 amongst other critical functionality.
Please upgrade to Gymnasium, the maintained drop-in replacement of Gym, or contact the authors of your software and request that they upgrade.
See the migration guide at https://gymnasium.farama.org/introduction/migration_guide/ for additional information.
[info] using task orders [0, 1, 2, 3, 4, 5, 6, 7, 8, 9]
[Warning]: datasets path /home/zhaosiying/codebase/groot-fsdp2/Isaac-GR00T/external_dependencies/LIBERO/libero/libero/../datasets does not exist!
Running collecting 4 episodes for libero_sim/KITCHEN_SCENE3_turn_on_the_stove_and_put_the_moka_pot_on_it with 1 vec envs
[info] using task orders [0, 1, 2, 3, 4, 5, 6, 7, 8, 9]
[info] using task orders [0, 1, 2, 3, 4, 5, 6, 7, 8, 9]
[info] using task orders [0, 1, 2, 3, 4, 5, 6, 7, 8, 9]
[info] using task orders [0, 1, 2, 3, 4, 5, 6, 7, 8, 9]
FP4VLA_EPISODE_RESET {"event": "reset", "task_name": "KITCHEN_SCENE3_turn_on_the_stove_and_put_the_moka_pot_on_it", "episode_index": 0, "seed": 962000, "task_id": 2, "init_state_index": 20, "init_state_bank_size": 50, "init_state_bank_sha256": "02a8401f8d59f5447fc8c5a16f4c158dd8c426c3eaed6779927a2a53e9abf3c5", "restored_state_sha256": "3749f7901c3630f1a76f47a09ce013cd38e0b2572ccdb7d67cf25e5b2af59ecb", "settle_steps": 10, "initial_state_sha256": "5fe0c8880b6448b8b503b61e0aa1612b3067000e8e8e5536a06bfbaf8060762d"}
/home/zhaosiying/codebase/groot-fsdp2/Isaac-GR00T/gr00t/eval/sim/LIBERO/libero_uv/.venv/lib/python3.12/site-packages/gymnasium/utils/passive_env_checker.py:159: UserWarning: [33mWARN: The obs returned by the `reset()` method is not within the observation space.[0m
  logger.warn(f"{pre} is not within the observation space.")
/home/zhaosiying/codebase/groot-fsdp2/Isaac-GR00T/gr00t/eval/sim/LIBERO/libero_uv/.venv/lib/python3.12/site-packages/gymnasium/utils/passive_env_checker.py:135: UserWarning: [33mWARN: The obs returned by the `reset()` method was expecting numpy array dtype to be float32, actual type: float64[0m
  logger.warn(
/home/zhaosiying/codebase/groot-fsdp2/Isaac-GR00T/gr00t/eval/sim/LIBERO/libero_uv/.venv/lib/python3.12/site-packages/gymnasium/utils/passive_env_checker.py:131: UserWarning: [33mWARN: The obs returned by the `reset()` method was expecting a numpy array, actual type: <class 'list'>[0m
  logger.warn(
/home/zhaosiying/codebase/groot-fsdp2/Isaac-GR00T/gr00t/eval/sim/LIBERO/libero_uv/.venv/lib/python3.12/site-packages/gymnasium/spaces/box.py:240: UserWarning: [33mWARN: Casting input x to numpy array.[0m
  gym.logger.warn("Casting input x to numpy array.")
Episodes:   0%|          | 0/4 [00:00<?, ?it/s]/home/zhaosiying/codebase/groot-fsdp2/Isaac-GR00T/gr00t/eval/sim/LIBERO/libero_uv/.venv/lib/python3.12/site-packages/gymnasium/utils/passive_env_checker.py:159: UserWarning: [33mWARN: The obs returned by the `step()` method is not within the observation space.[0m
  logger.warn(f"{pre} is not within the observation space.")
/home/zhaosiying/codebase/groot-fsdp2/Isaac-GR00T/gr00t/eval/sim/LIBERO/libero_uv/.venv/lib/python3.12/site-packages/gymnasium/utils/passive_env_checker.py:135: UserWarning: [33mWARN: The obs returned by the `step()` method was expecting numpy array dtype to be float32, actual type: float64[0m
  logger.warn(
/home/zhaosiying/codebase/groot-fsdp2/Isaac-GR00T/gr00t/eval/sim/LIBERO/libero_uv/.venv/lib/python3.12/site-packages/gymnasium/utils/passive_env_checker.py:131: UserWarning: [33mWARN: The obs returned by the `step()` method was expecting a numpy array, actual type: <class 'list'>[0m
  logger.warn(
FP4VLA_EPISODE_RESET {"event": "reset", "task_name": "KITCHEN_SCENE3_turn_on_the_stove_and_put_the_moka_pot_on_it", "episode_index": 1, "seed": 962001, "task_id": 2, "init_state_index": 21, "init_state_bank_size": 50, "init_state_bank_sha256": "02a8401f8d59f5447fc8c5a16f4c158dd8c426c3eaed6779927a2a53e9abf3c5", "restored_state_sha256": "0a432c6b4c3bf59ef66b34dbe149237e636badcbb681e2fdefa35a27ffdcdd58", "settle_steps": 10, "initial_state_sha256": "25903c0b777a66a9831f1e0108383cd2bcb37d24bdbf82e7d302d2bc71859840"}
Episodes:  25%|██▌       | 1/4 [01:19<03:59, 79.71s/it]FP4VLA_EPISODE_RESET {"event": "reset", "task_name": "KITCHEN_SCENE3_turn_on_the_stove_and_put_the_moka_pot_on_it", "episode_index": 2, "seed": 962002, "task_id": 2, "init_state_index": 22, "init_state_bank_size": 50, "init_state_bank_sha256": "02a8401f8d59f5447fc8c5a16f4c158dd8c426c3eaed6779927a2a53e9abf3c5", "restored_state_sha256": "0d2ba0b763de5eea7401c0a3b8f5c378ad9346b7421ed1a15865eb450c359292", "settle_steps": 10, "initial_state_sha256": "1b52b367c985fdd2baf724687a4597f93e4d696b446524d62db50a13548e7f9e"}
Episodes:  50%|█████     | 2/4 [02:38<02:38, 79.02s/it]FP4VLA_EPISODE_RESET {"event": "reset", "task_name": "KITCHEN_SCENE3_turn_on_the_stove_and_put_the_moka_pot_on_it", "episode_index": 3, "seed": 962003, "task_id": 2, "init_state_index": 23, "init_state_bank_size": 50, "init_state_bank_sha256": "02a8401f8d59f5447fc8c5a16f4c158dd8c426c3eaed6779927a2a53e9abf3c5", "restored_state_sha256": "e45e025dd28ee6adfd77950a8b5ecd576f65ecd76a41e2ddc64bb8535026bff5", "settle_steps": 10, "initial_state_sha256": "37687422acab1995b9212c311652dfef0b45ffd30f0ad53cef12e3535bfb15a4"}
Episodes:  75%|███████▌  | 3/4 [03:53<01:17, 77.38s/it]FP4VLA_EPISODE_RESET {"event": "reset", "task_name": "KITCHEN_SCENE3_turn_on_the_stove_and_put_the_moka_pot_on_it", "episode_index": 4, "seed": 962004, "task_id": 2, "init_state_index": 20, "init_state_bank_size": 50, "init_state_bank_sha256": "02a8401f8d59f5447fc8c5a16f4c158dd8c426c3eaed6779927a2a53e9abf3c5", "restored_state_sha256": "3749f7901c3630f1a76f47a09ce013cd38e0b2572ccdb7d67cf25e5b2af59ecb", "settle_steps": 10, "initial_state_sha256": "5fe0c8880b6448b8b503b61e0aa1612b3067000e8e8e5536a06bfbaf8060762d"}
Episodes: 100%|██████████| 4/4 [05:16<00:00, 79.58s/it]FP4VLA_EPISODE_RESET {"event": "reset", "task_name": "KITCHEN_SCENE3_turn_on_the_stove_and_put_the_moka_pot_on_it", "episode_index": 5, "seed": 962005, "task_id": 2, "init_state_index": 21, "init_state_bank_size": 50, "init_state_bank_sha256": "02a8401f8d59f5447fc8c5a16f4c158dd8c426c3eaed6779927a2a53e9abf3c5", "restored_state_sha256": "0a432c6b4c3bf59ef66b34dbe149237e636badcbb681e2fdefa35a27ffdcdd58", "settle_steps": 10, "initial_state_sha256": "25903c0b777a66a9831f1e0108383cd2bcb37d24bdbf82e7d302d2bc71859840"}
Episodes: 100%|██████████| 4/4 [05:18<00:00, 79.69s/it]
Collecting 4 episodes took 323.056049823761 seconds
Video saved to:  /home/zhaosiying/codebase/fp4vla/results/ptqad_20261003/v11_recovery_r4/artifacts/collection_qad/videos/KITCHEN_SCENE3_turn_on_the_stove_and_put_the_moka_pot_on_it
results:  ('libero_sim/KITCHEN_SCENE3_turn_on_the_stove_and_put_the_moka_pot_on_it', [True, True, True, True], {'episode_lengths': [269, 242, 250, 280], 'episode_rewards': [1.0, 1.0, 1.0, 1.0]})
success rate:  1.0
