[robosuite WARNING] No private macro file found! (__init__.py:7)
[robosuite WARNING] It is recommended to use a private macro file (__init__.py:8)
[robosuite WARNING] To setup, run: python /home/zhaosiying/codebase/groot-fsdp2/Isaac-GR00T/gr00t/eval/sim/LIBERO/libero_uv/.venv/lib/python3.12/site-packages/robosuite/scripts/setup_macros.py (__init__.py:9)
Gym has been unmaintained since 2022 and does not support NumPy 2.0 amongst other critical functionality.
Please upgrade to Gymnasium, the maintained drop-in replacement of Gym, or contact the authors of your software and request that they upgrade.
See the migration guide at https://gymnasium.farama.org/introduction/migration_guide/ for additional information.
[info] using task orders [0, 1, 2, 3, 4, 5, 6, 7, 8, 9]
[Warning]: datasets path /home/zhaosiying/codebase/groot-fsdp2/Isaac-GR00T/external_dependencies/LIBERO/libero/libero/../datasets does not exist!
Running collecting 4 episodes for libero_sim/KITCHEN_SCENE4_put_the_black_bowl_in_the_bottom_drawer_of_the_cabinet_and_close_it with 1 vec envs
[info] using task orders [0, 1, 2, 3, 4, 5, 6, 7, 8, 9]
[info] using task orders [0, 1, 2, 3, 4, 5, 6, 7, 8, 9]
[info] using task orders [0, 1, 2, 3, 4, 5, 6, 7, 8, 9]
[info] using task orders [0, 1, 2, 3, 4, 5, 6, 7, 8, 9]
FP4VLA_EPISODE_RESET {"event": "reset", "task_name": "KITCHEN_SCENE4_put_the_black_bowl_in_the_bottom_drawer_of_the_cabinet_and_close_it", "episode_index": 0, "seed": 963000, "task_id": 3, "init_state_index": 20, "init_state_bank_size": 50, "init_state_bank_sha256": "e98ded151f64a036c74c872336dd09b968c379f3c9db7bc333aba37e7c235b86", "restored_state_sha256": "8279cae772a53a172f0d2acca43c6df390f9f465647a2c9c0e929873ba16c51c", "settle_steps": 10, "initial_state_sha256": "43295e035b6be257bdb7712912ee23c65da227c0623bee285849ff4af5fa5e06"}
/home/zhaosiying/codebase/groot-fsdp2/Isaac-GR00T/gr00t/eval/sim/LIBERO/libero_uv/.venv/lib/python3.12/site-packages/gymnasium/utils/passive_env_checker.py:159: UserWarning: [33mWARN: The obs returned by the `reset()` method is not within the observation space.[0m
  logger.warn(f"{pre} is not within the observation space.")
/home/zhaosiying/codebase/groot-fsdp2/Isaac-GR00T/gr00t/eval/sim/LIBERO/libero_uv/.venv/lib/python3.12/site-packages/gymnasium/utils/passive_env_checker.py:135: UserWarning: [33mWARN: The obs returned by the `reset()` method was expecting numpy array dtype to be float32, actual type: float64[0m
  logger.warn(
/home/zhaosiying/codebase/groot-fsdp2/Isaac-GR00T/gr00t/eval/sim/LIBERO/libero_uv/.venv/lib/python3.12/site-packages/gymnasium/utils/passive_env_checker.py:131: UserWarning: [33mWARN: The obs returned by the `reset()` method was expecting a numpy array, actual type: <class 'list'>[0m
  logger.warn(
/home/zhaosiying/codebase/groot-fsdp2/Isaac-GR00T/gr00t/eval/sim/LIBERO/libero_uv/.venv/lib/python3.12/site-packages/gymnasium/spaces/box.py:240: UserWarning: [33mWARN: Casting input x to numpy array.[0m
  gym.logger.warn("Casting input x to numpy array.")
Episodes:   0%|          | 0/4 [00:00<?, ?it/s]/home/zhaosiying/codebase/groot-fsdp2/Isaac-GR00T/gr00t/eval/sim/LIBERO/libero_uv/.venv/lib/python3.12/site-packages/gymnasium/utils/passive_env_checker.py:159: UserWarning: [33mWARN: The obs returned by the `step()` method is not within the observation space.[0m
  logger.warn(f"{pre} is not within the observation space.")
/home/zhaosiying/codebase/groot-fsdp2/Isaac-GR00T/gr00t/eval/sim/LIBERO/libero_uv/.venv/lib/python3.12/site-packages/gymnasium/utils/passive_env_checker.py:135: UserWarning: [33mWARN: The obs returned by the `step()` method was expecting numpy array dtype to be float32, actual type: float64[0m
  logger.warn(
/home/zhaosiying/codebase/groot-fsdp2/Isaac-GR00T/gr00t/eval/sim/LIBERO/libero_uv/.venv/lib/python3.12/site-packages/gymnasium/utils/passive_env_checker.py:131: UserWarning: [33mWARN: The obs returned by the `step()` method was expecting a numpy array, actual type: <class 'list'>[0m
  logger.warn(
FP4VLA_EPISODE_RESET {"event": "reset", "task_name": "KITCHEN_SCENE4_put_the_black_bowl_in_the_bottom_drawer_of_the_cabinet_and_close_it", "episode_index": 1, "seed": 963001, "task_id": 3, "init_state_index": 21, "init_state_bank_size": 50, "init_state_bank_sha256": "e98ded151f64a036c74c872336dd09b968c379f3c9db7bc333aba37e7c235b86", "restored_state_sha256": "f14cdc0ad1b9feb6a20bd20639b0e5250c43c94b55249305b8d534a33dcbcb63", "settle_steps": 10, "initial_state_sha256": "356d3c3c1db28516b66cc04d0ff6037441053f88dacab30352bf032143e425e6"}
Episodes:  25%|██▌       | 1/4 [01:03<03:10, 63.39s/it]FP4VLA_EPISODE_RESET {"event": "reset", "task_name": "KITCHEN_SCENE4_put_the_black_bowl_in_the_bottom_drawer_of_the_cabinet_and_close_it", "episode_index": 2, "seed": 963002, "task_id": 3, "init_state_index": 22, "init_state_bank_size": 50, "init_state_bank_sha256": "e98ded151f64a036c74c872336dd09b968c379f3c9db7bc333aba37e7c235b86", "restored_state_sha256": "3e5394eee2533db272230ee2baadeeb2af83e8aed726b72eb8d7bee36d44bfa8", "settle_steps": 10, "initial_state_sha256": "de6e63a6046ae74137701de274f27389b575368c623efda07c5d7ecbf60d3900"}
Episodes:  50%|█████     | 2/4 [02:00<01:59, 59.76s/it]FP4VLA_EPISODE_RESET {"event": "reset", "task_name": "KITCHEN_SCENE4_put_the_black_bowl_in_the_bottom_drawer_of_the_cabinet_and_close_it", "episode_index": 3, "seed": 963003, "task_id": 3, "init_state_index": 23, "init_state_bank_size": 50, "init_state_bank_sha256": "e98ded151f64a036c74c872336dd09b968c379f3c9db7bc333aba37e7c235b86", "restored_state_sha256": "893714958d4cc11a8eb60cfaddeb11dc75a4c7b2700d06f5b33445d02c39244a", "settle_steps": 10, "initial_state_sha256": "370e2ada6eb9fdbd0a544ed75a40234d0c4639e931ab7a09c47296c3422bf01d"}
Episodes:  75%|███████▌  | 3/4 [03:03<01:01, 61.30s/it]FP4VLA_EPISODE_RESET {"event": "reset", "task_name": "KITCHEN_SCENE4_put_the_black_bowl_in_the_bottom_drawer_of_the_cabinet_and_close_it", "episode_index": 4, "seed": 963004, "task_id": 3, "init_state_index": 20, "init_state_bank_size": 50, "init_state_bank_sha256": "e98ded151f64a036c74c872336dd09b968c379f3c9db7bc333aba37e7c235b86", "restored_state_sha256": "8279cae772a53a172f0d2acca43c6df390f9f465647a2c9c0e929873ba16c51c", "settle_steps": 10, "initial_state_sha256": "43295e035b6be257bdb7712912ee23c65da227c0623bee285849ff4af5fa5e06"}
Episodes: 100%|██████████| 4/4 [04:08<00:00, 62.84s/it]FP4VLA_EPISODE_RESET {"event": "reset", "task_name": "KITCHEN_SCENE4_put_the_black_bowl_in_the_bottom_drawer_of_the_cabinet_and_close_it", "episode_index": 5, "seed": 963005, "task_id": 3, "init_state_index": 21, "init_state_bank_size": 50, "init_state_bank_sha256": "e98ded151f64a036c74c872336dd09b968c379f3c9db7bc333aba37e7c235b86", "restored_state_sha256": "f14cdc0ad1b9feb6a20bd20639b0e5250c43c94b55249305b8d534a33dcbcb63", "settle_steps": 10, "initial_state_sha256": "356d3c3c1db28516b66cc04d0ff6037441053f88dacab30352bf032143e425e6"}
Episodes: 100%|██████████| 4/4 [04:11<00:00, 62.76s/it]
Collecting 4 episodes took 256.0740957260132 seconds
Video saved to:  /home/zhaosiying/codebase/fp4vla/results/ptqad_20261003/v11_recovery_r4/artifacts/collection_qad/videos/KITCHEN_SCENE4_put_the_black_bowl_in_the_bottom_drawer_of_the_cabinet_and_close_it
results:  ('libero_sim/KITCHEN_SCENE4_put_the_black_bowl_in_the_bottom_drawer_of_the_cabinet_and_close_it', [True, True, True, True], {'episode_lengths': [233, 214, 239, 241], 'episode_rewards': [1.0, 1.0, 1.0, 1.0]})
success rate:  1.0
