/home/zhaosiying/codebase/fp4vla/baselines/Isaac-GR00T/gr00t/model/gr00t_n1d7/image_augmentations.py:209: UserWarning: Argument(s) 'always_apply' are not valid for transform BasicTransform
  super().__init__(p=p, always_apply=always_apply)
/home/zhaosiying/codebase/fp4vla/baselines/Isaac-GR00T/gr00t/model/gr00t_n1d7/image_augmentations.py:278: UserWarning: Argument(s) 'always_apply' are not valid for transform BasicTransform
  super().__init__(p=p, always_apply=always_apply)
CUDA 0: NVIDIA GeForce RTX 5090 Laptop GPU (compute 12.0, sm100-family, 82 SMs)
[apxinf] GR00T CUDA Graph captured with 1193356096 / 4294967296 workspace bytes; preflight 0.233s, capture+instantiate 0.017s
{
  "model_type": "gr00t",
  "variant": "bf16",
  "variant_verification": {
    "status": "explicit_precision_metadata_only",
    "native_model_variant": null,
    "policy_value": "bf16",
    "limitation": "GR00T runtime does not expose its native model variant/dtype inventory; precision is an explicit constructor contract, not an independently inspected parameter dtype."
  },
  "execution_mode": {
    "after_warmup": "cuda-graph",
    "after_each_timed_sample": [
      "cuda-graph",
      "cuda-graph",
      "cuda-graph",
      "cuda-graph",
      "cuda-graph",
      "cuda-graph",
      "cuda-graph",
      "cuda-graph",
      "cuda-graph",
      "cuda-graph",
      "cuda-graph",
      "cuda-graph",
      "cuda-graph",
      "cuda-graph",
      "cuda-graph",
      "cuda-graph",
      "cuda-graph",
      "cuda-graph",
      "cuda-graph",
      "cuda-graph",
      "cuda-graph",
      "cuda-graph",
      "cuda-graph",
      "cuda-graph",
      "cuda-graph",
      "cuda-graph",
      "cuda-graph",
      "cuda-graph",
      "cuda-graph",
      "cuda-graph"
    ],
    "scope": "Read-only native implicit-plan getter, queried outside timing; null means the runtime does not expose it."
  },
  "n": 30,
  "model_ms_p50": 27.231628497247584,
  "total_ms_p50": 30.425629000092158,
  "all_outputs_finite": true
}
Saved /home/zhaosiying/codebase/fp4vla/results/engine/gr00t_bf16_ptqad_20260929.json
