[robosuite WARNING] No private macro file found! (__init__.py:7)
[robosuite WARNING] It is recommended to use a private macro file (__init__.py:8)
[robosuite WARNING] To setup, run: python /home/zhaosiying/codebase/groot-fsdp2/Isaac-GR00T/gr00t/eval/sim/LIBERO/libero_uv/.venv/lib/python3.12/site-packages/robosuite/scripts/setup_macros.py (__init__.py:9)
Gym has been unmaintained since 2022 and does not support NumPy 2.0 amongst other critical functionality.
Please upgrade to Gymnasium, the maintained drop-in replacement of Gym, or contact the authors of your software and request that they upgrade.
See the migration guide at https://gymnasium.farama.org/introduction/migration_guide/ for additional information.
[info] using task orders [0, 1, 2, 3, 4, 5, 6, 7, 8, 9]
[Warning]: datasets path /home/zhaosiying/codebase/groot-fsdp2/Isaac-GR00T/external_dependencies/LIBERO/libero/libero/../datasets does not exist!
Running collecting 2 episodes for libero_sim/KITCHEN_SCENE6_put_the_yellow_and_white_mug_in_the_microwave_and_close_it with 1 vec envs
[info] using task orders [0, 1, 2, 3, 4, 5, 6, 7, 8, 9]
[info] using task orders [0, 1, 2, 3, 4, 5, 6, 7, 8, 9]
[info] using task orders [0, 1, 2, 3, 4, 5, 6, 7, 8, 9]
[info] using task orders [0, 1, 2, 3, 4, 5, 6, 7, 8, 9]
FP4VLA_EPISODE_RESET {"episode_index": 0, "seed": 339000, "task_id": 9, "init_state_index": 0, "init_state_bank_size": 50, "init_state_bank_sha256": "6b75c8d4d1e1c40b5d99c78ceea380d99ccffb0a484a4cb2d3153488a0afbbe2", "restored_state_sha256": "ea7db2b727794199cfa1e42f8d924c5841e4af18716a392adf30d5517114c87f", "settle_steps": 10, "initial_state_sha256": "77a7902b13f0ec04003f583a0d6e7cffdf354d2595938f48d486ce9818d8226c"}
/home/zhaosiying/codebase/groot-fsdp2/Isaac-GR00T/gr00t/eval/sim/LIBERO/libero_uv/.venv/lib/python3.12/site-packages/gymnasium/utils/passive_env_checker.py:159: UserWarning: [33mWARN: The obs returned by the `reset()` method is not within the observation space.[0m
  logger.warn(f"{pre} is not within the observation space.")
/home/zhaosiying/codebase/groot-fsdp2/Isaac-GR00T/gr00t/eval/sim/LIBERO/libero_uv/.venv/lib/python3.12/site-packages/gymnasium/utils/passive_env_checker.py:135: UserWarning: [33mWARN: The obs returned by the `reset()` method was expecting numpy array dtype to be float32, actual type: float64[0m
  logger.warn(
/home/zhaosiying/codebase/groot-fsdp2/Isaac-GR00T/gr00t/eval/sim/LIBERO/libero_uv/.venv/lib/python3.12/site-packages/gymnasium/utils/passive_env_checker.py:131: UserWarning: [33mWARN: The obs returned by the `reset()` method was expecting a numpy array, actual type: <class 'list'>[0m
  logger.warn(
/home/zhaosiying/codebase/groot-fsdp2/Isaac-GR00T/gr00t/eval/sim/LIBERO/libero_uv/.venv/lib/python3.12/site-packages/gymnasium/spaces/box.py:240: UserWarning: [33mWARN: Casting input x to numpy array.[0m
  gym.logger.warn("Casting input x to numpy array.")
Episodes:   0%|          | 0/2 [00:00<?, ?it/s]/home/zhaosiying/codebase/groot-fsdp2/Isaac-GR00T/gr00t/eval/sim/LIBERO/libero_uv/.venv/lib/python3.12/site-packages/gymnasium/utils/passive_env_checker.py:159: UserWarning: [33mWARN: The obs returned by the `step()` method is not within the observation space.[0m
  logger.warn(f"{pre} is not within the observation space.")
/home/zhaosiying/codebase/groot-fsdp2/Isaac-GR00T/gr00t/eval/sim/LIBERO/libero_uv/.venv/lib/python3.12/site-packages/gymnasium/utils/passive_env_checker.py:135: UserWarning: [33mWARN: The obs returned by the `step()` method was expecting numpy array dtype to be float32, actual type: float64[0m
  logger.warn(
/home/zhaosiying/codebase/groot-fsdp2/Isaac-GR00T/gr00t/eval/sim/LIBERO/libero_uv/.venv/lib/python3.12/site-packages/gymnasium/utils/passive_env_checker.py:131: UserWarning: [33mWARN: The obs returned by the `step()` method was expecting a numpy array, actual type: <class 'list'>[0m
  logger.warn(
FP4VLA_EPISODE_RESET {"episode_index": 1, "seed": 339001, "task_id": 9, "init_state_index": 1, "init_state_bank_size": 50, "init_state_bank_sha256": "6b75c8d4d1e1c40b5d99c78ceea380d99ccffb0a484a4cb2d3153488a0afbbe2", "restored_state_sha256": "8a1664e433521b5f995c9840cd9d41bf796b38742e57ad57786d67076de8b0cd", "settle_steps": 10, "initial_state_sha256": "2a265c5c8dbe27a5ba9876a3fae73bb62f942ae3fe7766847745f4fe3de91c9b"}
Episodes:  50%|█████     | 1/2 [00:23<00:23, 23.54s/it]FP4VLA_EPISODE_RESET {"episode_index": 2, "seed": 339002, "task_id": 9, "init_state_index": 0, "init_state_bank_size": 50, "init_state_bank_sha256": "6b75c8d4d1e1c40b5d99c78ceea380d99ccffb0a484a4cb2d3153488a0afbbe2", "restored_state_sha256": "ea7db2b727794199cfa1e42f8d924c5841e4af18716a392adf30d5517114c87f", "settle_steps": 10, "initial_state_sha256": "77a7902b13f0ec04003f583a0d6e7cffdf354d2595938f48d486ce9818d8226c"}
Episodes: 100%|██████████| 2/2 [00:54<00:00, 27.82s/it]FP4VLA_EPISODE_RESET {"episode_index": 3, "seed": 339003, "task_id": 9, "init_state_index": 1, "init_state_bank_size": 50, "init_state_bank_sha256": "6b75c8d4d1e1c40b5d99c78ceea380d99ccffb0a484a4cb2d3153488a0afbbe2", "restored_state_sha256": "8a1664e433521b5f995c9840cd9d41bf796b38742e57ad57786d67076de8b0cd", "settle_steps": 10, "initial_state_sha256": "2a265c5c8dbe27a5ba9876a3fae73bb62f942ae3fe7766847745f4fe3de91c9b"}
Episodes: 100%|██████████| 2/2 [00:56<00:00, 28.04s/it]
Collecting 2 episodes took 60.51349663734436 seconds
Video saved to:  /home/zhaosiying/codebase/fp4vla/results/ptqad_20260929/development/head_ffn/videos/KITCHEN_SCENE6_put_the_yellow_and_white_mug_in_the_microwave_and_close_it
results:  ('libero_sim/KITCHEN_SCENE6_put_the_yellow_and_white_mug_in_the_microwave_and_close_it', [True, True], {'episode_lengths': [248, 335], 'episode_rewards': [1.0, 1.0]})
success rate:  1.0
