[robosuite WARNING] No private macro file found! (__init__.py:7)
[robosuite WARNING] It is recommended to use a private macro file (__init__.py:8)
[robosuite WARNING] To setup, run: python /home/zhaosiying/codebase/groot-fsdp2/Isaac-GR00T/gr00t/eval/sim/LIBERO/libero_uv/.venv/lib/python3.12/site-packages/robosuite/scripts/setup_macros.py (__init__.py:9)
Gym has been unmaintained since 2022 and does not support NumPy 2.0 amongst other critical functionality.
Please upgrade to Gymnasium, the maintained drop-in replacement of Gym, or contact the authors of your software and request that they upgrade.
See the migration guide at https://gymnasium.farama.org/introduction/migration_guide/ for additional information.
[info] using task orders [0, 1, 2, 3, 4, 5, 6, 7, 8, 9]
[Warning]: datasets path /home/zhaosiying/codebase/groot-fsdp2/Isaac-GR00T/external_dependencies/LIBERO/libero/libero/../datasets does not exist!
Running collecting 2 episodes for libero_sim/LIVING_ROOM_SCENE1_put_both_the_alphabet_soup_and_the_cream_cheese_box_in_the_basket with 1 vec envs
[info] using task orders [0, 1, 2, 3, 4, 5, 6, 7, 8, 9]
[info] using task orders [0, 1, 2, 3, 4, 5, 6, 7, 8, 9]
[info] using task orders [0, 1, 2, 3, 4, 5, 6, 7, 8, 9]
[info] using task orders [0, 1, 2, 3, 4, 5, 6, 7, 8, 9]
FP4VLA_EPISODE_RESET {"episode_index": 0, "seed": 337000, "task_id": 7, "init_state_index": 0, "init_state_bank_size": 50, "init_state_bank_sha256": "2113ea5923fcbbe1b57b428383934496072f062729d0b72d3021573d55d25abc", "restored_state_sha256": "d02d4d5533fbcab414bfc49e4896182cd40e173dfa6316e39a2b418e902ae826", "settle_steps": 10, "initial_state_sha256": "41c63d808e21d49d56525769b63a047972cbda086f379c945d1b7dd56a1efbf1"}
/home/zhaosiying/codebase/groot-fsdp2/Isaac-GR00T/gr00t/eval/sim/LIBERO/libero_uv/.venv/lib/python3.12/site-packages/gymnasium/utils/passive_env_checker.py:159: UserWarning: [33mWARN: The obs returned by the `reset()` method is not within the observation space.[0m
  logger.warn(f"{pre} is not within the observation space.")
/home/zhaosiying/codebase/groot-fsdp2/Isaac-GR00T/gr00t/eval/sim/LIBERO/libero_uv/.venv/lib/python3.12/site-packages/gymnasium/utils/passive_env_checker.py:135: UserWarning: [33mWARN: The obs returned by the `reset()` method was expecting numpy array dtype to be float32, actual type: float64[0m
  logger.warn(
/home/zhaosiying/codebase/groot-fsdp2/Isaac-GR00T/gr00t/eval/sim/LIBERO/libero_uv/.venv/lib/python3.12/site-packages/gymnasium/utils/passive_env_checker.py:131: UserWarning: [33mWARN: The obs returned by the `reset()` method was expecting a numpy array, actual type: <class 'list'>[0m
  logger.warn(
/home/zhaosiying/codebase/groot-fsdp2/Isaac-GR00T/gr00t/eval/sim/LIBERO/libero_uv/.venv/lib/python3.12/site-packages/gymnasium/spaces/box.py:240: UserWarning: [33mWARN: Casting input x to numpy array.[0m
  gym.logger.warn("Casting input x to numpy array.")
Episodes:   0%|          | 0/2 [00:00<?, ?it/s]/home/zhaosiying/codebase/groot-fsdp2/Isaac-GR00T/gr00t/eval/sim/LIBERO/libero_uv/.venv/lib/python3.12/site-packages/gymnasium/utils/passive_env_checker.py:159: UserWarning: [33mWARN: The obs returned by the `step()` method is not within the observation space.[0m
  logger.warn(f"{pre} is not within the observation space.")
/home/zhaosiying/codebase/groot-fsdp2/Isaac-GR00T/gr00t/eval/sim/LIBERO/libero_uv/.venv/lib/python3.12/site-packages/gymnasium/utils/passive_env_checker.py:135: UserWarning: [33mWARN: The obs returned by the `step()` method was expecting numpy array dtype to be float32, actual type: float64[0m
  logger.warn(
/home/zhaosiying/codebase/groot-fsdp2/Isaac-GR00T/gr00t/eval/sim/LIBERO/libero_uv/.venv/lib/python3.12/site-packages/gymnasium/utils/passive_env_checker.py:131: UserWarning: [33mWARN: The obs returned by the `step()` method was expecting a numpy array, actual type: <class 'list'>[0m
  logger.warn(
FP4VLA_EPISODE_RESET {"episode_index": 1, "seed": 337001, "task_id": 7, "init_state_index": 1, "init_state_bank_size": 50, "init_state_bank_sha256": "2113ea5923fcbbe1b57b428383934496072f062729d0b72d3021573d55d25abc", "restored_state_sha256": "44f0d75550c414e622b03a43e56497e8c9bd0fe4a494c1d2b9c0c9625ed80120", "settle_steps": 10, "initial_state_sha256": "595de2130cac78b41f71055a39a1d590ead0d90572b916bce88cfbf34df7a7e2"}
Episodes:  50%|█████     | 1/2 [00:26<00:26, 26.32s/it]FP4VLA_EPISODE_RESET {"episode_index": 2, "seed": 337002, "task_id": 7, "init_state_index": 0, "init_state_bank_size": 50, "init_state_bank_sha256": "2113ea5923fcbbe1b57b428383934496072f062729d0b72d3021573d55d25abc", "restored_state_sha256": "d02d4d5533fbcab414bfc49e4896182cd40e173dfa6316e39a2b418e902ae826", "settle_steps": 10, "initial_state_sha256": "540fd9077d9b0543c9c1b7eb6516b42bb2de568853ca32401018f9a84f7259f3"}
Episodes: 100%|██████████| 2/2 [00:53<00:00, 26.93s/it]FP4VLA_EPISODE_RESET {"episode_index": 3, "seed": 337003, "task_id": 7, "init_state_index": 1, "init_state_bank_size": 50, "init_state_bank_sha256": "2113ea5923fcbbe1b57b428383934496072f062729d0b72d3021573d55d25abc", "restored_state_sha256": "44f0d75550c414e622b03a43e56497e8c9bd0fe4a494c1d2b9c0c9625ed80120", "settle_steps": 10, "initial_state_sha256": "eddfcc08e468e2bcbcfe4e72f488aab5e166259a91ba578c27bb326ad9975055"}
Episodes: 100%|██████████| 2/2 [00:55<00:00, 27.78s/it]
Collecting 2 episodes took 60.1194851398468 seconds
Video saved to:  /home/zhaosiying/codebase/fp4vla/results/ptqad_20260929/development/head_ffn/videos/LIVING_ROOM_SCENE1_put_both_the_alphabet_soup_and_the_cream_cheese_box_in_the_basket
results:  ('libero_sim/LIVING_ROOM_SCENE1_put_both_the_alphabet_soup_and_the_cream_cheese_box_in_the_basket', [True, True], {'episode_lengths': [250, 258], 'episode_rewards': [1.0, 1.0]})
success rate:  1.0
