[robosuite WARNING] No private macro file found! (__init__.py:7)
[robosuite WARNING] It is recommended to use a private macro file (__init__.py:8)
[robosuite WARNING] To setup, run: python /home/zhaosiying/codebase/groot-fsdp2/Isaac-GR00T/gr00t/eval/sim/LIBERO/libero_uv/.venv/lib/python3.12/site-packages/robosuite/scripts/setup_macros.py (__init__.py:9)
Gym has been unmaintained since 2022 and does not support NumPy 2.0 amongst other critical functionality.
Please upgrade to Gymnasium, the maintained drop-in replacement of Gym, or contact the authors of your software and request that they upgrade.
See the migration guide at https://gymnasium.farama.org/introduction/migration_guide/ for additional information.
[info] using task orders [0, 1, 2, 3, 4, 5, 6, 7, 8, 9]
[Warning]: datasets path /home/zhaosiying/codebase/groot-fsdp2/Isaac-GR00T/external_dependencies/LIBERO/libero/libero/../datasets does not exist!
Running collecting 2 episodes for libero_sim/KITCHEN_SCENE3_turn_on_the_stove_and_put_the_moka_pot_on_it with 1 vec envs
[info] using task orders [0, 1, 2, 3, 4, 5, 6, 7, 8, 9]
[info] using task orders [0, 1, 2, 3, 4, 5, 6, 7, 8, 9]
[info] using task orders [0, 1, 2, 3, 4, 5, 6, 7, 8, 9]
[info] using task orders [0, 1, 2, 3, 4, 5, 6, 7, 8, 9]
FP4VLA_EPISODE_RESET {"episode_index": 0, "seed": 332000, "task_id": 2, "init_state_index": 0, "init_state_bank_size": 50, "init_state_bank_sha256": "02a8401f8d59f5447fc8c5a16f4c158dd8c426c3eaed6779927a2a53e9abf3c5", "restored_state_sha256": "9ae67aa7e7dd9987ecd1f2930e2b061fb66a414dd94e4b575417356a556cbd90", "settle_steps": 10, "initial_state_sha256": "9f6808b26f6b4c99d7a8e4a96b4d8b074544e1fe5cf79b44b0ce3cad7c0af212"}
/home/zhaosiying/codebase/groot-fsdp2/Isaac-GR00T/gr00t/eval/sim/LIBERO/libero_uv/.venv/lib/python3.12/site-packages/gymnasium/utils/passive_env_checker.py:159: UserWarning: [33mWARN: The obs returned by the `reset()` method is not within the observation space.[0m
  logger.warn(f"{pre} is not within the observation space.")
/home/zhaosiying/codebase/groot-fsdp2/Isaac-GR00T/gr00t/eval/sim/LIBERO/libero_uv/.venv/lib/python3.12/site-packages/gymnasium/utils/passive_env_checker.py:135: UserWarning: [33mWARN: The obs returned by the `reset()` method was expecting numpy array dtype to be float32, actual type: float64[0m
  logger.warn(
/home/zhaosiying/codebase/groot-fsdp2/Isaac-GR00T/gr00t/eval/sim/LIBERO/libero_uv/.venv/lib/python3.12/site-packages/gymnasium/utils/passive_env_checker.py:131: UserWarning: [33mWARN: The obs returned by the `reset()` method was expecting a numpy array, actual type: <class 'list'>[0m
  logger.warn(
/home/zhaosiying/codebase/groot-fsdp2/Isaac-GR00T/gr00t/eval/sim/LIBERO/libero_uv/.venv/lib/python3.12/site-packages/gymnasium/spaces/box.py:240: UserWarning: [33mWARN: Casting input x to numpy array.[0m
  gym.logger.warn("Casting input x to numpy array.")
Episodes:   0%|          | 0/2 [00:00<?, ?it/s]/home/zhaosiying/codebase/groot-fsdp2/Isaac-GR00T/gr00t/eval/sim/LIBERO/libero_uv/.venv/lib/python3.12/site-packages/gymnasium/utils/passive_env_checker.py:159: UserWarning: [33mWARN: The obs returned by the `step()` method is not within the observation space.[0m
  logger.warn(f"{pre} is not within the observation space.")
/home/zhaosiying/codebase/groot-fsdp2/Isaac-GR00T/gr00t/eval/sim/LIBERO/libero_uv/.venv/lib/python3.12/site-packages/gymnasium/utils/passive_env_checker.py:135: UserWarning: [33mWARN: The obs returned by the `step()` method was expecting numpy array dtype to be float32, actual type: float64[0m
  logger.warn(
/home/zhaosiying/codebase/groot-fsdp2/Isaac-GR00T/gr00t/eval/sim/LIBERO/libero_uv/.venv/lib/python3.12/site-packages/gymnasium/utils/passive_env_checker.py:131: UserWarning: [33mWARN: The obs returned by the `step()` method was expecting a numpy array, actual type: <class 'list'>[0m
  logger.warn(
FP4VLA_EPISODE_RESET {"episode_index": 1, "seed": 332001, "task_id": 2, "init_state_index": 1, "init_state_bank_size": 50, "init_state_bank_sha256": "02a8401f8d59f5447fc8c5a16f4c158dd8c426c3eaed6779927a2a53e9abf3c5", "restored_state_sha256": "453d74e45f2f7141904a047d4237db1ee0b5576fe7a3f6c2cb4801e83bacb88a", "settle_steps": 10, "initial_state_sha256": "88081821bcddb85b57d0b1033b8ea5d56542d1b6439e373e4fd652c63eb66cad"}
Episodes:  50%|█████     | 1/2 [00:33<00:33, 33.57s/it]FP4VLA_EPISODE_RESET {"episode_index": 2, "seed": 332002, "task_id": 2, "init_state_index": 0, "init_state_bank_size": 50, "init_state_bank_sha256": "02a8401f8d59f5447fc8c5a16f4c158dd8c426c3eaed6779927a2a53e9abf3c5", "restored_state_sha256": "9ae67aa7e7dd9987ecd1f2930e2b061fb66a414dd94e4b575417356a556cbd90", "settle_steps": 10, "initial_state_sha256": "9f6808b26f6b4c99d7a8e4a96b4d8b074544e1fe5cf79b44b0ce3cad7c0af212"}
Episodes: 100%|██████████| 2/2 [01:09<00:00, 34.99s/it]FP4VLA_EPISODE_RESET {"episode_index": 3, "seed": 332003, "task_id": 2, "init_state_index": 1, "init_state_bank_size": 50, "init_state_bank_sha256": "02a8401f8d59f5447fc8c5a16f4c158dd8c426c3eaed6779927a2a53e9abf3c5", "restored_state_sha256": "453d74e45f2f7141904a047d4237db1ee0b5576fe7a3f6c2cb4801e83bacb88a", "settle_steps": 10, "initial_state_sha256": "88081821bcddb85b57d0b1033b8ea5d56542d1b6439e373e4fd652c63eb66cad"}
Episodes: 100%|██████████| 2/2 [01:11<00:00, 35.79s/it]
Collecting 2 episodes took 75.7353310585022 seconds
Video saved to:  /home/zhaosiying/codebase/fp4vla/results/ptqad_20260929/development/bf16/videos/KITCHEN_SCENE3_turn_on_the_stove_and_put_the_moka_pot_on_it
results:  ('libero_sim/KITCHEN_SCENE3_turn_on_the_stove_and_put_the_moka_pot_on_it', [True, True], {'episode_lengths': [235, 264], 'episode_rewards': [1.0, 1.0]})
success rate:  1.0
