[robosuite WARNING] No private macro file found! (__init__.py:7)
[robosuite WARNING] It is recommended to use a private macro file (__init__.py:8)
[robosuite WARNING] To setup, run: python /home/zhaosiying/codebase/groot-fsdp2/Isaac-GR00T/gr00t/eval/sim/LIBERO/libero_uv/.venv/lib/python3.12/site-packages/robosuite/scripts/setup_macros.py (__init__.py:9)
Gym has been unmaintained since 2022 and does not support NumPy 2.0 amongst other critical functionality.
Please upgrade to Gymnasium, the maintained drop-in replacement of Gym, or contact the authors of your software and request that they upgrade.
See the migration guide at https://gymnasium.farama.org/introduction/migration_guide/ for additional information.
[info] using task orders [0, 1, 2, 3, 4, 5, 6, 7, 8, 9]
[Warning]: datasets path /home/zhaosiying/codebase/groot-fsdp2/Isaac-GR00T/external_dependencies/LIBERO/libero/libero/../datasets does not exist!
Running collecting 2 episodes for libero_sim/LIVING_ROOM_SCENE6_put_the_white_mug_on_the_plate_and_put_the_chocolate_pudding_to_the_right_of_the_plate with 1 vec envs
[info] using task orders [0, 1, 2, 3, 4, 5, 6, 7, 8, 9]
[info] using task orders [0, 1, 2, 3, 4, 5, 6, 7, 8, 9]
[info] using task orders [0, 1, 2, 3, 4, 5, 6, 7, 8, 9]
[info] using task orders [0, 1, 2, 3, 4, 5, 6, 7, 8, 9]
FP4VLA_EPISODE_RESET {"episode_index": 0, "seed": 336000, "task_id": 6, "init_state_index": 0, "init_state_bank_size": 50, "init_state_bank_sha256": "6e811394c4ff9a43ae23515d8512e9b657c04344b94dd5baed121b595490514f", "restored_state_sha256": "533340bd717874417ec05cd3d626b05c9464795440da917ce21e8a0a6fc50f72", "settle_steps": 10, "initial_state_sha256": "3a9a9acbff5550752f7d6b2ee62c836fffd2d3356eaa1621b2cc9cf0550e5f7c"}
/home/zhaosiying/codebase/groot-fsdp2/Isaac-GR00T/gr00t/eval/sim/LIBERO/libero_uv/.venv/lib/python3.12/site-packages/gymnasium/utils/passive_env_checker.py:159: UserWarning: [33mWARN: The obs returned by the `reset()` method is not within the observation space.[0m
  logger.warn(f"{pre} is not within the observation space.")
/home/zhaosiying/codebase/groot-fsdp2/Isaac-GR00T/gr00t/eval/sim/LIBERO/libero_uv/.venv/lib/python3.12/site-packages/gymnasium/utils/passive_env_checker.py:135: UserWarning: [33mWARN: The obs returned by the `reset()` method was expecting numpy array dtype to be float32, actual type: float64[0m
  logger.warn(
/home/zhaosiying/codebase/groot-fsdp2/Isaac-GR00T/gr00t/eval/sim/LIBERO/libero_uv/.venv/lib/python3.12/site-packages/gymnasium/utils/passive_env_checker.py:131: UserWarning: [33mWARN: The obs returned by the `reset()` method was expecting a numpy array, actual type: <class 'list'>[0m
  logger.warn(
/home/zhaosiying/codebase/groot-fsdp2/Isaac-GR00T/gr00t/eval/sim/LIBERO/libero_uv/.venv/lib/python3.12/site-packages/gymnasium/spaces/box.py:240: UserWarning: [33mWARN: Casting input x to numpy array.[0m
  gym.logger.warn("Casting input x to numpy array.")
Episodes:   0%|          | 0/2 [00:00<?, ?it/s]/home/zhaosiying/codebase/groot-fsdp2/Isaac-GR00T/gr00t/eval/sim/LIBERO/libero_uv/.venv/lib/python3.12/site-packages/gymnasium/utils/passive_env_checker.py:159: UserWarning: [33mWARN: The obs returned by the `step()` method is not within the observation space.[0m
  logger.warn(f"{pre} is not within the observation space.")
/home/zhaosiying/codebase/groot-fsdp2/Isaac-GR00T/gr00t/eval/sim/LIBERO/libero_uv/.venv/lib/python3.12/site-packages/gymnasium/utils/passive_env_checker.py:135: UserWarning: [33mWARN: The obs returned by the `step()` method was expecting numpy array dtype to be float32, actual type: float64[0m
  logger.warn(
/home/zhaosiying/codebase/groot-fsdp2/Isaac-GR00T/gr00t/eval/sim/LIBERO/libero_uv/.venv/lib/python3.12/site-packages/gymnasium/utils/passive_env_checker.py:131: UserWarning: [33mWARN: The obs returned by the `step()` method was expecting a numpy array, actual type: <class 'list'>[0m
  logger.warn(
FP4VLA_EPISODE_RESET {"episode_index": 1, "seed": 336001, "task_id": 6, "init_state_index": 1, "init_state_bank_size": 50, "init_state_bank_sha256": "6e811394c4ff9a43ae23515d8512e9b657c04344b94dd5baed121b595490514f", "restored_state_sha256": "606fa88e4dcd86bf0c84c6c2954eb002166e93037b39e7ed893f0c41e7a15577", "settle_steps": 10, "initial_state_sha256": "6b4092adf6b27e35775e62bc09f2274645a351876b0eb9340564886e494c95e6"}
Episodes:  50%|█████     | 1/2 [00:16<00:16, 16.93s/it]FP4VLA_EPISODE_RESET {"episode_index": 2, "seed": 336002, "task_id": 6, "init_state_index": 0, "init_state_bank_size": 50, "init_state_bank_sha256": "6e811394c4ff9a43ae23515d8512e9b657c04344b94dd5baed121b595490514f", "restored_state_sha256": "533340bd717874417ec05cd3d626b05c9464795440da917ce21e8a0a6fc50f72", "settle_steps": 10, "initial_state_sha256": "3a9a9acbff5550752f7d6b2ee62c836fffd2d3356eaa1621b2cc9cf0550e5f7c"}
Episodes: 100%|██████████| 2/2 [00:32<00:00, 16.18s/it]FP4VLA_EPISODE_RESET {"episode_index": 3, "seed": 336003, "task_id": 6, "init_state_index": 1, "init_state_bank_size": 50, "init_state_bank_sha256": "6e811394c4ff9a43ae23515d8512e9b657c04344b94dd5baed121b595490514f", "restored_state_sha256": "606fa88e4dcd86bf0c84c6c2954eb002166e93037b39e7ed893f0c41e7a15577", "settle_steps": 10, "initial_state_sha256": "6b4092adf6b27e35775e62bc09f2274645a351876b0eb9340564886e494c95e6"}
Episodes: 100%|██████████| 2/2 [00:34<00:00, 17.16s/it]
Collecting 2 episodes took 38.966222286224365 seconds
Video saved to:  /home/zhaosiying/codebase/fp4vla/results/ptqad_20260929/development/bf16/videos/LIVING_ROOM_SCENE6_put_the_white_mug_on_the_plate_and_put_the_chocolate_pudding_to_the_right_of_the_plate
results:  ('libero_sim/LIVING_ROOM_SCENE6_put_the_white_mug_on_the_plate_and_put_the_chocolate_pudding_to_the_right_of_the_plate', [True, True], {'episode_lengths': [209, 196], 'episode_rewards': [1.0, 1.0]})
success rate:  1.0
