[robosuite WARNING] No private macro file found! (__init__.py:7)
[robosuite WARNING] It is recommended to use a private macro file (__init__.py:8)
[robosuite WARNING] To setup, run: python /home/zhaosiying/codebase/groot-fsdp2/Isaac-GR00T/gr00t/eval/sim/LIBERO/libero_uv/.venv/lib/python3.12/site-packages/robosuite/scripts/setup_macros.py (__init__.py:9)
Gym has been unmaintained since 2022 and does not support NumPy 2.0 amongst other critical functionality.
Please upgrade to Gymnasium, the maintained drop-in replacement of Gym, or contact the authors of your software and request that they upgrade.
See the migration guide at https://gymnasium.farama.org/introduction/migration_guide/ for additional information.
[info] using task orders [0, 1, 2, 3, 4, 5, 6, 7, 8, 9]
[Warning]: datasets path /home/zhaosiying/codebase/groot-fsdp2/Isaac-GR00T/external_dependencies/LIBERO/libero/libero/../datasets does not exist!
Running collecting 2 episodes for libero_sim/STUDY_SCENE1_pick_up_the_book_and_place_it_in_the_back_compartment_of_the_caddy with 1 vec envs
[info] using task orders [0, 1, 2, 3, 4, 5, 6, 7, 8, 9]
[info] using task orders [0, 1, 2, 3, 4, 5, 6, 7, 8, 9]
[info] using task orders [0, 1, 2, 3, 4, 5, 6, 7, 8, 9]
[info] using task orders [0, 1, 2, 3, 4, 5, 6, 7, 8, 9]
FP4VLA_EPISODE_RESET {"episode_index": 0, "seed": 335000, "task_id": 5, "init_state_index": 0, "init_state_bank_size": 50, "init_state_bank_sha256": "6cd3937ba18d64e72223222af36888d26ea201840415adbc4dae590454d0a5a8", "restored_state_sha256": "407c3d5eb11fd5b33bd2a6dea73a37415a99d7e72f0cc291074de29b1c63c37c", "settle_steps": 10, "initial_state_sha256": "e1fbb8787eb900e8d4d45c28c77a01deb79bebc003e67cb15b99a9b9133632c6"}
/home/zhaosiying/codebase/groot-fsdp2/Isaac-GR00T/gr00t/eval/sim/LIBERO/libero_uv/.venv/lib/python3.12/site-packages/gymnasium/utils/passive_env_checker.py:159: UserWarning: [33mWARN: The obs returned by the `reset()` method is not within the observation space.[0m
  logger.warn(f"{pre} is not within the observation space.")
/home/zhaosiying/codebase/groot-fsdp2/Isaac-GR00T/gr00t/eval/sim/LIBERO/libero_uv/.venv/lib/python3.12/site-packages/gymnasium/utils/passive_env_checker.py:135: UserWarning: [33mWARN: The obs returned by the `reset()` method was expecting numpy array dtype to be float32, actual type: float64[0m
  logger.warn(
/home/zhaosiying/codebase/groot-fsdp2/Isaac-GR00T/gr00t/eval/sim/LIBERO/libero_uv/.venv/lib/python3.12/site-packages/gymnasium/utils/passive_env_checker.py:131: UserWarning: [33mWARN: The obs returned by the `reset()` method was expecting a numpy array, actual type: <class 'list'>[0m
  logger.warn(
/home/zhaosiying/codebase/groot-fsdp2/Isaac-GR00T/gr00t/eval/sim/LIBERO/libero_uv/.venv/lib/python3.12/site-packages/gymnasium/spaces/box.py:240: UserWarning: [33mWARN: Casting input x to numpy array.[0m
  gym.logger.warn("Casting input x to numpy array.")
Episodes:   0%|          | 0/2 [00:00<?, ?it/s]/home/zhaosiying/codebase/groot-fsdp2/Isaac-GR00T/gr00t/eval/sim/LIBERO/libero_uv/.venv/lib/python3.12/site-packages/gymnasium/utils/passive_env_checker.py:159: UserWarning: [33mWARN: The obs returned by the `step()` method is not within the observation space.[0m
  logger.warn(f"{pre} is not within the observation space.")
/home/zhaosiying/codebase/groot-fsdp2/Isaac-GR00T/gr00t/eval/sim/LIBERO/libero_uv/.venv/lib/python3.12/site-packages/gymnasium/utils/passive_env_checker.py:135: UserWarning: [33mWARN: The obs returned by the `step()` method was expecting numpy array dtype to be float32, actual type: float64[0m
  logger.warn(
/home/zhaosiying/codebase/groot-fsdp2/Isaac-GR00T/gr00t/eval/sim/LIBERO/libero_uv/.venv/lib/python3.12/site-packages/gymnasium/utils/passive_env_checker.py:131: UserWarning: [33mWARN: The obs returned by the `step()` method was expecting a numpy array, actual type: <class 'list'>[0m
  logger.warn(
FP4VLA_EPISODE_RESET {"episode_index": 1, "seed": 335001, "task_id": 5, "init_state_index": 1, "init_state_bank_size": 50, "init_state_bank_sha256": "6cd3937ba18d64e72223222af36888d26ea201840415adbc4dae590454d0a5a8", "restored_state_sha256": "fbf82707bd0a7721f0e118ac32aad30182e487e7a940bec7128ad6f18457e139", "settle_steps": 10, "initial_state_sha256": "71917df517d92a25200a97696c0e7f585bec99383925cc62e24ba23088dc8f49"}
Episodes:  50%|█████     | 1/2 [00:17<00:17, 17.48s/it]FP4VLA_EPISODE_RESET {"episode_index": 2, "seed": 335002, "task_id": 5, "init_state_index": 0, "init_state_bank_size": 50, "init_state_bank_sha256": "6cd3937ba18d64e72223222af36888d26ea201840415adbc4dae590454d0a5a8", "restored_state_sha256": "407c3d5eb11fd5b33bd2a6dea73a37415a99d7e72f0cc291074de29b1c63c37c", "settle_steps": 10, "initial_state_sha256": "e1fbb8787eb900e8d4d45c28c77a01deb79bebc003e67cb15b99a9b9133632c6"}
Episodes: 100%|██████████| 2/2 [00:33<00:00, 16.80s/it]FP4VLA_EPISODE_RESET {"episode_index": 3, "seed": 335003, "task_id": 5, "init_state_index": 1, "init_state_bank_size": 50, "init_state_bank_sha256": "6cd3937ba18d64e72223222af36888d26ea201840415adbc4dae590454d0a5a8", "restored_state_sha256": "fbf82707bd0a7721f0e118ac32aad30182e487e7a940bec7128ad6f18457e139", "settle_steps": 10, "initial_state_sha256": "71917df517d92a25200a97696c0e7f585bec99383925cc62e24ba23088dc8f49"}
Episodes: 100%|██████████| 2/2 [00:35<00:00, 17.67s/it]
Collecting 2 episodes took 39.38404035568237 seconds
Video saved to:  /home/zhaosiying/codebase/fp4vla/results/ptqad_20260929/development/bf16/videos/STUDY_SCENE1_pick_up_the_book_and_place_it_in_the_back_compartment_of_the_caddy
results:  ('libero_sim/STUDY_SCENE1_pick_up_the_book_and_place_it_in_the_back_compartment_of_the_caddy', [True, True], {'episode_lengths': [164, 159], 'episode_rewards': [1.0, 1.0]})
success rate:  1.0
