[robosuite WARNING] No private macro file found! (__init__.py:7)
[robosuite WARNING] It is recommended to use a private macro file (__init__.py:8)
[robosuite WARNING] To setup, run: python /home/zhaosiying/codebase/groot-fsdp2/Isaac-GR00T/gr00t/eval/sim/LIBERO/libero_uv/.venv/lib/python3.12/site-packages/robosuite/scripts/setup_macros.py (__init__.py:9)
Gym has been unmaintained since 2022 and does not support NumPy 2.0 amongst other critical functionality.
Please upgrade to Gymnasium, the maintained drop-in replacement of Gym, or contact the authors of your software and request that they upgrade.
See the migration guide at https://gymnasium.farama.org/introduction/migration_guide/ for additional information.
[info] using task orders [0, 1, 2, 3, 4, 5, 6, 7, 8, 9]
[Warning]: datasets path /home/zhaosiying/codebase/groot-fsdp2/Isaac-GR00T/external_dependencies/LIBERO/libero/libero/../datasets does not exist!
Running collecting 5 episodes for libero_sim/KITCHEN_SCENE6_put_the_yellow_and_white_mug_in_the_microwave_and_close_it with 1 vec envs
[info] using task orders [0, 1, 2, 3, 4, 5, 6, 7, 8, 9]
[info] using task orders [0, 1, 2, 3, 4, 5, 6, 7, 8, 9]
[info] using task orders [0, 1, 2, 3, 4, 5, 6, 7, 8, 9]
[info] using task orders [0, 1, 2, 3, 4, 5, 6, 7, 8, 9]
FP4VLA_EPISODE_RESET {"event": "reset", "task_name": "KITCHEN_SCENE6_put_the_yellow_and_white_mug_in_the_microwave_and_close_it", "episode_index": 0, "seed": 949000, "task_id": 9, "init_state_index": 4, "init_state_bank_size": 50, "init_state_bank_sha256": "6b75c8d4d1e1c40b5d99c78ceea380d99ccffb0a484a4cb2d3153488a0afbbe2", "restored_state_sha256": "e3ba923c504addfab7f0ef464e30c4de9e70f02106fdd714ce793dda722233f7", "settle_steps": 10, "initial_state_sha256": "5c6b41d148f8389e46614a600d83092762bc33a3268c050e16238bd4ce9ca7a6"}
/home/zhaosiying/codebase/groot-fsdp2/Isaac-GR00T/gr00t/eval/sim/LIBERO/libero_uv/.venv/lib/python3.12/site-packages/gymnasium/utils/passive_env_checker.py:159: UserWarning: [33mWARN: The obs returned by the `reset()` method is not within the observation space.[0m
  logger.warn(f"{pre} is not within the observation space.")
/home/zhaosiying/codebase/groot-fsdp2/Isaac-GR00T/gr00t/eval/sim/LIBERO/libero_uv/.venv/lib/python3.12/site-packages/gymnasium/utils/passive_env_checker.py:135: UserWarning: [33mWARN: The obs returned by the `reset()` method was expecting numpy array dtype to be float32, actual type: float64[0m
  logger.warn(
/home/zhaosiying/codebase/groot-fsdp2/Isaac-GR00T/gr00t/eval/sim/LIBERO/libero_uv/.venv/lib/python3.12/site-packages/gymnasium/utils/passive_env_checker.py:131: UserWarning: [33mWARN: The obs returned by the `reset()` method was expecting a numpy array, actual type: <class 'list'>[0m
  logger.warn(
/home/zhaosiying/codebase/groot-fsdp2/Isaac-GR00T/gr00t/eval/sim/LIBERO/libero_uv/.venv/lib/python3.12/site-packages/gymnasium/spaces/box.py:240: UserWarning: [33mWARN: Casting input x to numpy array.[0m
  gym.logger.warn("Casting input x to numpy array.")
Episodes:   0%|          | 0/5 [00:00<?, ?it/s]/home/zhaosiying/codebase/groot-fsdp2/Isaac-GR00T/gr00t/eval/sim/LIBERO/libero_uv/.venv/lib/python3.12/site-packages/gymnasium/utils/passive_env_checker.py:159: UserWarning: [33mWARN: The obs returned by the `step()` method is not within the observation space.[0m
  logger.warn(f"{pre} is not within the observation space.")
/home/zhaosiying/codebase/groot-fsdp2/Isaac-GR00T/gr00t/eval/sim/LIBERO/libero_uv/.venv/lib/python3.12/site-packages/gymnasium/utils/passive_env_checker.py:135: UserWarning: [33mWARN: The obs returned by the `step()` method was expecting numpy array dtype to be float32, actual type: float64[0m
  logger.warn(
/home/zhaosiying/codebase/groot-fsdp2/Isaac-GR00T/gr00t/eval/sim/LIBERO/libero_uv/.venv/lib/python3.12/site-packages/gymnasium/utils/passive_env_checker.py:131: UserWarning: [33mWARN: The obs returned by the `step()` method was expecting a numpy array, actual type: <class 'list'>[0m
  logger.warn(
FP4VLA_EPISODE_RESET {"event": "reset", "task_name": "KITCHEN_SCENE6_put_the_yellow_and_white_mug_in_the_microwave_and_close_it", "episode_index": 1, "seed": 949001, "task_id": 9, "init_state_index": 5, "init_state_bank_size": 50, "init_state_bank_sha256": "6b75c8d4d1e1c40b5d99c78ceea380d99ccffb0a484a4cb2d3153488a0afbbe2", "restored_state_sha256": "3f69e06f62cab10c9c43e3dd278e7d0cd4590b88740f7ae57b5852d1ee96f43e", "settle_steps": 10, "initial_state_sha256": "f12c2d97ea7b124dd7a10a06135590b0b5200d0387a86553cdc4e20ae5490152"}
Episodes:  20%|██        | 1/5 [02:43<10:54, 163.65s/it]FP4VLA_EPISODE_RESET {"event": "reset", "task_name": "KITCHEN_SCENE6_put_the_yellow_and_white_mug_in_the_microwave_and_close_it", "episode_index": 2, "seed": 949002, "task_id": 9, "init_state_index": 6, "init_state_bank_size": 50, "init_state_bank_sha256": "6b75c8d4d1e1c40b5d99c78ceea380d99ccffb0a484a4cb2d3153488a0afbbe2", "restored_state_sha256": "7112c1d02864ebb60d6d405764cddab8bd527ca36b9377275859d8b9db93470c", "settle_steps": 10, "initial_state_sha256": "c2fe46827603b85352b2b7ccc416929b3f89b7a188742c2c837fa0cb2139ff30"}
Episodes:  40%|████      | 2/5 [03:42<05:06, 102.26s/it]FP4VLA_EPISODE_RESET {"event": "reset", "task_name": "KITCHEN_SCENE6_put_the_yellow_and_white_mug_in_the_microwave_and_close_it", "episode_index": 3, "seed": 949003, "task_id": 9, "init_state_index": 7, "init_state_bank_size": 50, "init_state_bank_sha256": "6b75c8d4d1e1c40b5d99c78ceea380d99ccffb0a484a4cb2d3153488a0afbbe2", "restored_state_sha256": "5952d59cf718abd407c8c685c213a8de1b81e8c0ced22f15f4800fbcf72d52d0", "settle_steps": 10, "initial_state_sha256": "42a5f9b4ed5e38bd0a7eec841488d888e12183f5d1895421f1e919dd910fe9d9"}
Episodes:  60%|██████    | 3/5 [04:45<02:48, 84.30s/it] FP4VLA_EPISODE_RESET {"event": "reset", "task_name": "KITCHEN_SCENE6_put_the_yellow_and_white_mug_in_the_microwave_and_close_it", "episode_index": 4, "seed": 949004, "task_id": 9, "init_state_index": 8, "init_state_bank_size": 50, "init_state_bank_sha256": "6b75c8d4d1e1c40b5d99c78ceea380d99ccffb0a484a4cb2d3153488a0afbbe2", "restored_state_sha256": "0660777678d8c06056f77ba9d1f89dae13d3e6eb6b73a91e656be16e3d1a763a", "settle_steps": 10, "initial_state_sha256": "ded4a9eb2c702dfde9c637c6bb24a7cf872e0df7013349a8c4e2118e5f3ef93b"}
Episodes:  80%|████████  | 4/5 [06:13<01:25, 85.69s/it]FP4VLA_EPISODE_RESET {"event": "reset", "task_name": "KITCHEN_SCENE6_put_the_yellow_and_white_mug_in_the_microwave_and_close_it", "episode_index": 5, "seed": 949005, "task_id": 9, "init_state_index": 4, "init_state_bank_size": 50, "init_state_bank_sha256": "6b75c8d4d1e1c40b5d99c78ceea380d99ccffb0a484a4cb2d3153488a0afbbe2", "restored_state_sha256": "e3ba923c504addfab7f0ef464e30c4de9e70f02106fdd714ce793dda722233f7", "settle_steps": 10, "initial_state_sha256": "5c6b41d148f8389e46614a600d83092762bc33a3268c050e16238bd4ce9ca7a6"}
Episodes: 100%|██████████| 5/5 [07:18<00:00, 78.09s/it]FP4VLA_EPISODE_RESET {"event": "reset", "task_name": "KITCHEN_SCENE6_put_the_yellow_and_white_mug_in_the_microwave_and_close_it", "episode_index": 6, "seed": 949006, "task_id": 9, "init_state_index": 5, "init_state_bank_size": 50, "init_state_bank_sha256": "6b75c8d4d1e1c40b5d99c78ceea380d99ccffb0a484a4cb2d3153488a0afbbe2", "restored_state_sha256": "3f69e06f62cab10c9c43e3dd278e7d0cd4590b88740f7ae57b5852d1ee96f43e", "settle_steps": 10, "initial_state_sha256": "f12c2d97ea7b124dd7a10a06135590b0b5200d0387a86553cdc4e20ae5490152"}
Episodes: 100%|██████████| 5/5 [07:20<00:00, 88.03s/it]
Collecting 5 episodes took 444.7940831184387 seconds
Video saved to:  /home/zhaosiying/codebase/fp4vla/results/ptqad_20261003/w4a4_dev_full_category/videos/KITCHEN_SCENE6_put_the_yellow_and_white_mug_in_the_microwave_and_close_it
results:  ('libero_sim/KITCHEN_SCENE6_put_the_yellow_and_white_mug_in_the_microwave_and_close_it', [False, True, True, True, True], {'episode_lengths': [720, 251, 269, 370, 274], 'episode_rewards': [0.0, 1.0, 1.0, 1.0, 1.0]})
success rate:  0.8
