[robosuite WARNING] No private macro file found! (__init__.py:7)
[robosuite WARNING] It is recommended to use a private macro file (__init__.py:8)
[robosuite WARNING] To setup, run: python /home/zhaosiying/codebase/groot-fsdp2/Isaac-GR00T/gr00t/eval/sim/LIBERO/libero_uv/.venv/lib/python3.12/site-packages/robosuite/scripts/setup_macros.py (__init__.py:9)
Gym has been unmaintained since 2022 and does not support NumPy 2.0 amongst other critical functionality.
Please upgrade to Gymnasium, the maintained drop-in replacement of Gym, or contact the authors of your software and request that they upgrade.
See the migration guide at https://gymnasium.farama.org/introduction/migration_guide/ for additional information.
[info] using task orders [0, 1, 2, 3, 4, 5, 6, 7, 8, 9]
[Warning]: datasets path /home/zhaosiying/codebase/groot-fsdp2/Isaac-GR00T/external_dependencies/LIBERO/libero/libero/../datasets does not exist!
Running collecting 5 episodes for libero_sim/KITCHEN_SCENE4_put_the_black_bowl_in_the_bottom_drawer_of_the_cabinet_and_close_it with 1 vec envs
[info] using task orders [0, 1, 2, 3, 4, 5, 6, 7, 8, 9]
[info] using task orders [0, 1, 2, 3, 4, 5, 6, 7, 8, 9]
[info] using task orders [0, 1, 2, 3, 4, 5, 6, 7, 8, 9]
[info] using task orders [0, 1, 2, 3, 4, 5, 6, 7, 8, 9]
FP4VLA_EPISODE_RESET {"event": "reset", "task_name": "KITCHEN_SCENE4_put_the_black_bowl_in_the_bottom_drawer_of_the_cabinet_and_close_it", "episode_index": 0, "seed": 943000, "task_id": 3, "init_state_index": 4, "init_state_bank_size": 50, "init_state_bank_sha256": "e98ded151f64a036c74c872336dd09b968c379f3c9db7bc333aba37e7c235b86", "restored_state_sha256": "54647cdea762ee9cf0ff2d80d17547e7a0a1c49606099f9d043c9c13308800ce", "settle_steps": 10, "initial_state_sha256": "838f4f7e20fcb91fb36651c9a9403b1ca0a3f48339dd255791d95a3deff7117c"}
/home/zhaosiying/codebase/groot-fsdp2/Isaac-GR00T/gr00t/eval/sim/LIBERO/libero_uv/.venv/lib/python3.12/site-packages/gymnasium/utils/passive_env_checker.py:159: UserWarning: [33mWARN: The obs returned by the `reset()` method is not within the observation space.[0m
  logger.warn(f"{pre} is not within the observation space.")
/home/zhaosiying/codebase/groot-fsdp2/Isaac-GR00T/gr00t/eval/sim/LIBERO/libero_uv/.venv/lib/python3.12/site-packages/gymnasium/utils/passive_env_checker.py:135: UserWarning: [33mWARN: The obs returned by the `reset()` method was expecting numpy array dtype to be float32, actual type: float64[0m
  logger.warn(
/home/zhaosiying/codebase/groot-fsdp2/Isaac-GR00T/gr00t/eval/sim/LIBERO/libero_uv/.venv/lib/python3.12/site-packages/gymnasium/utils/passive_env_checker.py:131: UserWarning: [33mWARN: The obs returned by the `reset()` method was expecting a numpy array, actual type: <class 'list'>[0m
  logger.warn(
/home/zhaosiying/codebase/groot-fsdp2/Isaac-GR00T/gr00t/eval/sim/LIBERO/libero_uv/.venv/lib/python3.12/site-packages/gymnasium/spaces/box.py:240: UserWarning: [33mWARN: Casting input x to numpy array.[0m
  gym.logger.warn("Casting input x to numpy array.")
Episodes:   0%|          | 0/5 [00:00<?, ?it/s]/home/zhaosiying/codebase/groot-fsdp2/Isaac-GR00T/gr00t/eval/sim/LIBERO/libero_uv/.venv/lib/python3.12/site-packages/gymnasium/utils/passive_env_checker.py:159: UserWarning: [33mWARN: The obs returned by the `step()` method is not within the observation space.[0m
  logger.warn(f"{pre} is not within the observation space.")
/home/zhaosiying/codebase/groot-fsdp2/Isaac-GR00T/gr00t/eval/sim/LIBERO/libero_uv/.venv/lib/python3.12/site-packages/gymnasium/utils/passive_env_checker.py:135: UserWarning: [33mWARN: The obs returned by the `step()` method was expecting numpy array dtype to be float32, actual type: float64[0m
  logger.warn(
/home/zhaosiying/codebase/groot-fsdp2/Isaac-GR00T/gr00t/eval/sim/LIBERO/libero_uv/.venv/lib/python3.12/site-packages/gymnasium/utils/passive_env_checker.py:131: UserWarning: [33mWARN: The obs returned by the `step()` method was expecting a numpy array, actual type: <class 'list'>[0m
  logger.warn(
FP4VLA_EPISODE_RESET {"event": "reset", "task_name": "KITCHEN_SCENE4_put_the_black_bowl_in_the_bottom_drawer_of_the_cabinet_and_close_it", "episode_index": 1, "seed": 943001, "task_id": 3, "init_state_index": 5, "init_state_bank_size": 50, "init_state_bank_sha256": "e98ded151f64a036c74c872336dd09b968c379f3c9db7bc333aba37e7c235b86", "restored_state_sha256": "070477df0cfd5b91190ff37614027be95647932f3d641aef27173f29c5255488", "settle_steps": 10, "initial_state_sha256": "642c507b79c6fd90d6001d4bf17d2043d38452d910fbef7c893e3840194198b7"}
Episodes:  20%|██        | 1/5 [01:03<04:15, 63.81s/it]FP4VLA_EPISODE_RESET {"event": "reset", "task_name": "KITCHEN_SCENE4_put_the_black_bowl_in_the_bottom_drawer_of_the_cabinet_and_close_it", "episode_index": 2, "seed": 943002, "task_id": 3, "init_state_index": 6, "init_state_bank_size": 50, "init_state_bank_sha256": "e98ded151f64a036c74c872336dd09b968c379f3c9db7bc333aba37e7c235b86", "restored_state_sha256": "fbe75ec3ec5d6c2f3a7f8d18fff9401fd432f62cdd27361955fcc752f0e06b84", "settle_steps": 10, "initial_state_sha256": "840e29060f09a9b21d093f08676d4c6b6041867f90555f9fedab26a9b8b91ac8"}
Episodes:  40%|████      | 2/5 [01:59<02:57, 59.10s/it]FP4VLA_EPISODE_RESET {"event": "reset", "task_name": "KITCHEN_SCENE4_put_the_black_bowl_in_the_bottom_drawer_of_the_cabinet_and_close_it", "episode_index": 3, "seed": 943003, "task_id": 3, "init_state_index": 7, "init_state_bank_size": 50, "init_state_bank_sha256": "e98ded151f64a036c74c872336dd09b968c379f3c9db7bc333aba37e7c235b86", "restored_state_sha256": "391683245a32d3c7c82b6cc36bcdd2c504078798c7545bb2e617291cf8ac8c0e", "settle_steps": 10, "initial_state_sha256": "50a4f5e8780ea45d81219fd8008ed4761e6315c66b248352027dac1f8b1a945d"}
Episodes:  60%|██████    | 3/5 [02:51<01:51, 55.76s/it]FP4VLA_EPISODE_RESET {"event": "reset", "task_name": "KITCHEN_SCENE4_put_the_black_bowl_in_the_bottom_drawer_of_the_cabinet_and_close_it", "episode_index": 4, "seed": 943004, "task_id": 3, "init_state_index": 8, "init_state_bank_size": 50, "init_state_bank_sha256": "e98ded151f64a036c74c872336dd09b968c379f3c9db7bc333aba37e7c235b86", "restored_state_sha256": "c0b450c43d17bfeb06fbfa6736e68ec70a6b15e2d6c2948318c47f662ac5413a", "settle_steps": 10, "initial_state_sha256": "ebb70d5d5a24c4b73e7f882d41f28018327b31a8a208f570cf5f31b97b5194cc"}
Episodes:  80%|████████  | 4/5 [03:59<01:00, 60.69s/it]FP4VLA_EPISODE_RESET {"event": "reset", "task_name": "KITCHEN_SCENE4_put_the_black_bowl_in_the_bottom_drawer_of_the_cabinet_and_close_it", "episode_index": 5, "seed": 943005, "task_id": 3, "init_state_index": 4, "init_state_bank_size": 50, "init_state_bank_sha256": "e98ded151f64a036c74c872336dd09b968c379f3c9db7bc333aba37e7c235b86", "restored_state_sha256": "54647cdea762ee9cf0ff2d80d17547e7a0a1c49606099f9d043c9c13308800ce", "settle_steps": 10, "initial_state_sha256": "838f4f7e20fcb91fb36651c9a9403b1ca0a3f48339dd255791d95a3deff7117c"}
Episodes: 100%|██████████| 5/5 [05:01<00:00, 61.05s/it]FP4VLA_EPISODE_RESET {"event": "reset", "task_name": "KITCHEN_SCENE4_put_the_black_bowl_in_the_bottom_drawer_of_the_cabinet_and_close_it", "episode_index": 6, "seed": 943006, "task_id": 3, "init_state_index": 5, "init_state_bank_size": 50, "init_state_bank_sha256": "e98ded151f64a036c74c872336dd09b968c379f3c9db7bc333aba37e7c235b86", "restored_state_sha256": "070477df0cfd5b91190ff37614027be95647932f3d641aef27173f29c5255488", "settle_steps": 10, "initial_state_sha256": "642c507b79c6fd90d6001d4bf17d2043d38452d910fbef7c893e3840194198b7"}
Episodes: 100%|██████████| 5/5 [05:03<00:00, 60.66s/it]
Collecting 5 episodes took 308.0864932537079 seconds
Video saved to:  /home/zhaosiying/codebase/fp4vla/results/ptqad_20261003/w4a4_dev_full_category/videos/KITCHEN_SCENE4_put_the_black_bowl_in_the_bottom_drawer_of_the_cabinet_and_close_it
results:  ('libero_sim/KITCHEN_SCENE4_put_the_black_bowl_in_the_bottom_drawer_of_the_cabinet_and_close_it', [True, True, True, True, True], {'episode_lengths': [253, 225, 207, 264, 247], 'episode_rewards': [1.0, 1.0, 1.0, 1.0, 1.0]})
success rate:  1.0
