[robosuite WARNING] No private macro file found! (__init__.py:7)
[robosuite WARNING] It is recommended to use a private macro file (__init__.py:8)
[robosuite WARNING] To setup, run: python /home/zhaosiying/codebase/groot-fsdp2/Isaac-GR00T/gr00t/eval/sim/LIBERO/libero_uv/.venv/lib/python3.12/site-packages/robosuite/scripts/setup_macros.py (__init__.py:9)
Gym has been unmaintained since 2022 and does not support NumPy 2.0 amongst other critical functionality.
Please upgrade to Gymnasium, the maintained drop-in replacement of Gym, or contact the authors of your software and request that they upgrade.
See the migration guide at https://gymnasium.farama.org/introduction/migration_guide/ for additional information.
[info] using task orders [0, 1, 2, 3, 4, 5, 6, 7, 8, 9]
[Warning]: datasets path /home/zhaosiying/codebase/groot-fsdp2/Isaac-GR00T/external_dependencies/LIBERO/libero/libero/../datasets does not exist!
Running collecting 5 episodes for libero_sim/LIVING_ROOM_SCENE2_put_both_the_alphabet_soup_and_the_tomato_sauce_in_the_basket with 1 vec envs
[info] using task orders [0, 1, 2, 3, 4, 5, 6, 7, 8, 9]
[info] using task orders [0, 1, 2, 3, 4, 5, 6, 7, 8, 9]
[info] using task orders [0, 1, 2, 3, 4, 5, 6, 7, 8, 9]
[info] using task orders [0, 1, 2, 3, 4, 5, 6, 7, 8, 9]
FP4VLA_EPISODE_RESET {"event": "reset", "task_name": "LIVING_ROOM_SCENE2_put_both_the_alphabet_soup_and_the_tomato_sauce_in_the_basket", "episode_index": 0, "seed": 940000, "task_id": 0, "init_state_index": 4, "init_state_bank_size": 50, "init_state_bank_sha256": "1899fe54c51e24a41d5f9e32254730d6777f4894ab68e0e873f1fa7ae2062030", "restored_state_sha256": "376f48b75f50d4e1eff9e3f49f307de0bcfc44d2a081f5cb9c124cf985330c41", "settle_steps": 10, "initial_state_sha256": "8860176c2f87ddeba98587dd5a4dfb01980f1279c573e5799a2dfab5048e9ec8"}
/home/zhaosiying/codebase/groot-fsdp2/Isaac-GR00T/gr00t/eval/sim/LIBERO/libero_uv/.venv/lib/python3.12/site-packages/gymnasium/utils/passive_env_checker.py:159: UserWarning: [33mWARN: The obs returned by the `reset()` method is not within the observation space.[0m
  logger.warn(f"{pre} is not within the observation space.")
/home/zhaosiying/codebase/groot-fsdp2/Isaac-GR00T/gr00t/eval/sim/LIBERO/libero_uv/.venv/lib/python3.12/site-packages/gymnasium/utils/passive_env_checker.py:135: UserWarning: [33mWARN: The obs returned by the `reset()` method was expecting numpy array dtype to be float32, actual type: float64[0m
  logger.warn(
/home/zhaosiying/codebase/groot-fsdp2/Isaac-GR00T/gr00t/eval/sim/LIBERO/libero_uv/.venv/lib/python3.12/site-packages/gymnasium/utils/passive_env_checker.py:131: UserWarning: [33mWARN: The obs returned by the `reset()` method was expecting a numpy array, actual type: <class 'list'>[0m
  logger.warn(
/home/zhaosiying/codebase/groot-fsdp2/Isaac-GR00T/gr00t/eval/sim/LIBERO/libero_uv/.venv/lib/python3.12/site-packages/gymnasium/spaces/box.py:240: UserWarning: [33mWARN: Casting input x to numpy array.[0m
  gym.logger.warn("Casting input x to numpy array.")
Episodes:   0%|          | 0/5 [00:00<?, ?it/s]/home/zhaosiying/codebase/groot-fsdp2/Isaac-GR00T/gr00t/eval/sim/LIBERO/libero_uv/.venv/lib/python3.12/site-packages/gymnasium/utils/passive_env_checker.py:159: UserWarning: [33mWARN: The obs returned by the `step()` method is not within the observation space.[0m
  logger.warn(f"{pre} is not within the observation space.")
/home/zhaosiying/codebase/groot-fsdp2/Isaac-GR00T/gr00t/eval/sim/LIBERO/libero_uv/.venv/lib/python3.12/site-packages/gymnasium/utils/passive_env_checker.py:135: UserWarning: [33mWARN: The obs returned by the `step()` method was expecting numpy array dtype to be float32, actual type: float64[0m
  logger.warn(
/home/zhaosiying/codebase/groot-fsdp2/Isaac-GR00T/gr00t/eval/sim/LIBERO/libero_uv/.venv/lib/python3.12/site-packages/gymnasium/utils/passive_env_checker.py:131: UserWarning: [33mWARN: The obs returned by the `step()` method was expecting a numpy array, actual type: <class 'list'>[0m
  logger.warn(
FP4VLA_EPISODE_RESET {"event": "reset", "task_name": "LIVING_ROOM_SCENE2_put_both_the_alphabet_soup_and_the_tomato_sauce_in_the_basket", "episode_index": 1, "seed": 940001, "task_id": 0, "init_state_index": 5, "init_state_bank_size": 50, "init_state_bank_sha256": "1899fe54c51e24a41d5f9e32254730d6777f4894ab68e0e873f1fa7ae2062030", "restored_state_sha256": "75c57eac81a43b69380c91c42dbeab8fdf193145c3ca3d105f2ce95bb0d29a79", "settle_steps": 10, "initial_state_sha256": "d419fd5cd45870732be3ed6c26318383c32edd1cf975d1a5354959178f75231b"}
Episodes:  20%|██        | 1/5 [02:14<08:57, 134.47s/it]FP4VLA_EPISODE_RESET {"event": "reset", "task_name": "LIVING_ROOM_SCENE2_put_both_the_alphabet_soup_and_the_tomato_sauce_in_the_basket", "episode_index": 2, "seed": 940002, "task_id": 0, "init_state_index": 6, "init_state_bank_size": 50, "init_state_bank_sha256": "1899fe54c51e24a41d5f9e32254730d6777f4894ab68e0e873f1fa7ae2062030", "restored_state_sha256": "dcb524a280152c4b53390f6427c7bc70e6ead7595eeba6bf76e80c31a43fcf11", "settle_steps": 10, "initial_state_sha256": "d6bc2faba50b51073558bbf6ed8e7acbb806328bc73d5c3e49e6f0deb30413f3"}
Episodes:  40%|████      | 2/5 [03:43<05:23, 107.86s/it]FP4VLA_EPISODE_RESET {"event": "reset", "task_name": "LIVING_ROOM_SCENE2_put_both_the_alphabet_soup_and_the_tomato_sauce_in_the_basket", "episode_index": 3, "seed": 940003, "task_id": 0, "init_state_index": 7, "init_state_bank_size": 50, "init_state_bank_sha256": "1899fe54c51e24a41d5f9e32254730d6777f4894ab68e0e873f1fa7ae2062030", "restored_state_sha256": "83d046a490f079a3b89c6fb4f09bdc88433d3b83ea965fa01f93fcffb93c8041", "settle_steps": 10, "initial_state_sha256": "7f311352f60093456e6aae267bf451deb75de5658eed7c1fa0c4de95cf575dd1"}
Episodes:  60%|██████    | 3/5 [06:50<04:48, 144.08s/it]FP4VLA_EPISODE_RESET {"event": "reset", "task_name": "LIVING_ROOM_SCENE2_put_both_the_alphabet_soup_and_the_tomato_sauce_in_the_basket", "episode_index": 4, "seed": 940004, "task_id": 0, "init_state_index": 8, "init_state_bank_size": 50, "init_state_bank_sha256": "1899fe54c51e24a41d5f9e32254730d6777f4894ab68e0e873f1fa7ae2062030", "restored_state_sha256": "145a55c84823ff115a6f31ca6bbe681c99cc1dc6dd3bcced415465edd8e6ce90", "settle_steps": 10, "initial_state_sha256": "ee21489e5dfe9fab2b8eab3132bdd77cff0c0823c3d96563dafb74eaff0a879f"}
Episodes:  80%|████████  | 4/5 [07:56<01:53, 113.14s/it]FP4VLA_EPISODE_RESET {"event": "reset", "task_name": "LIVING_ROOM_SCENE2_put_both_the_alphabet_soup_and_the_tomato_sauce_in_the_basket", "episode_index": 5, "seed": 940005, "task_id": 0, "init_state_index": 4, "init_state_bank_size": 50, "init_state_bank_sha256": "1899fe54c51e24a41d5f9e32254730d6777f4894ab68e0e873f1fa7ae2062030", "restored_state_sha256": "376f48b75f50d4e1eff9e3f49f307de0bcfc44d2a081f5cb9c124cf985330c41", "settle_steps": 10, "initial_state_sha256": "a02b7107e32ed52eb6210e1c2f42746ca4eaf24c87fd21e9664dc0434c14c5b3"}
Episodes: 100%|██████████| 5/5 [09:02<00:00, 96.03s/it] FP4VLA_EPISODE_RESET {"event": "reset", "task_name": "LIVING_ROOM_SCENE2_put_both_the_alphabet_soup_and_the_tomato_sauce_in_the_basket", "episode_index": 6, "seed": 940006, "task_id": 0, "init_state_index": 5, "init_state_bank_size": 50, "init_state_bank_sha256": "1899fe54c51e24a41d5f9e32254730d6777f4894ab68e0e873f1fa7ae2062030", "restored_state_sha256": "75c57eac81a43b69380c91c42dbeab8fdf193145c3ca3d105f2ce95bb0d29a79", "settle_steps": 10, "initial_state_sha256": "67ec4743ae0db1dc5b8e83b8568ae5de443941fc3a215d896858f4c7f97c43e1"}
Episodes: 100%|██████████| 5/5 [09:04<00:00, 108.91s/it]
Collecting 5 episodes took 552.3055362701416 seconds
Video saved to:  /home/zhaosiying/codebase/fp4vla/results/ptqad_20261003/w4a4_dev_full_category/videos/LIVING_ROOM_SCENE2_put_both_the_alphabet_soup_and_the_tomato_sauce_in_the_basket
results:  ('libero_sim/LIVING_ROOM_SCENE2_put_both_the_alphabet_soup_and_the_tomato_sauce_in_the_basket', [True, True, False, True, True], {'episode_lengths': [300, 353, 720, 255, 243], 'episode_rewards': [1.0, 1.0, 0.0, 1.0, 1.0]})
success rate:  0.8
