[robosuite WARNING] No private macro file found! (__init__.py:7)
[robosuite WARNING] It is recommended to use a private macro file (__init__.py:8)
[robosuite WARNING] To setup, run: python /home/zhaosiying/codebase/groot-fsdp2/Isaac-GR00T/gr00t/eval/sim/LIBERO/libero_uv/.venv/lib/python3.12/site-packages/robosuite/scripts/setup_macros.py (__init__.py:9)
Gym has been unmaintained since 2022 and does not support NumPy 2.0 amongst other critical functionality.
Please upgrade to Gymnasium, the maintained drop-in replacement of Gym, or contact the authors of your software and request that they upgrade.
See the migration guide at https://gymnasium.farama.org/introduction/migration_guide/ for additional information.
[info] using task orders [0, 1, 2, 3, 4, 5, 6, 7, 8, 9]
[Warning]: datasets path /home/zhaosiying/codebase/groot-fsdp2/Isaac-GR00T/external_dependencies/LIBERO/libero/libero/../datasets does not exist!
Running collecting 5 episodes for libero_sim/LIVING_ROOM_SCENE1_put_both_the_alphabet_soup_and_the_cream_cheese_box_in_the_basket with 1 vec envs
[info] using task orders [0, 1, 2, 3, 4, 5, 6, 7, 8, 9]
[info] using task orders [0, 1, 2, 3, 4, 5, 6, 7, 8, 9]
[info] using task orders [0, 1, 2, 3, 4, 5, 6, 7, 8, 9]
[info] using task orders [0, 1, 2, 3, 4, 5, 6, 7, 8, 9]
FP4VLA_EPISODE_RESET {"event": "reset", "task_name": "LIVING_ROOM_SCENE1_put_both_the_alphabet_soup_and_the_cream_cheese_box_in_the_basket", "episode_index": 0, "seed": 947000, "task_id": 7, "init_state_index": 4, "init_state_bank_size": 50, "init_state_bank_sha256": "2113ea5923fcbbe1b57b428383934496072f062729d0b72d3021573d55d25abc", "restored_state_sha256": "8a0c2af93cde820ada3c3849d6b732233a61c05a82d655ef26fda87a7d85e708", "settle_steps": 10, "initial_state_sha256": "50464483f0c9910f681dc978437236e4433888209a95aaf7a6c8fee07c34f7db"}
/home/zhaosiying/codebase/groot-fsdp2/Isaac-GR00T/gr00t/eval/sim/LIBERO/libero_uv/.venv/lib/python3.12/site-packages/gymnasium/utils/passive_env_checker.py:159: UserWarning: [33mWARN: The obs returned by the `reset()` method is not within the observation space.[0m
  logger.warn(f"{pre} is not within the observation space.")
/home/zhaosiying/codebase/groot-fsdp2/Isaac-GR00T/gr00t/eval/sim/LIBERO/libero_uv/.venv/lib/python3.12/site-packages/gymnasium/utils/passive_env_checker.py:135: UserWarning: [33mWARN: The obs returned by the `reset()` method was expecting numpy array dtype to be float32, actual type: float64[0m
  logger.warn(
/home/zhaosiying/codebase/groot-fsdp2/Isaac-GR00T/gr00t/eval/sim/LIBERO/libero_uv/.venv/lib/python3.12/site-packages/gymnasium/utils/passive_env_checker.py:131: UserWarning: [33mWARN: The obs returned by the `reset()` method was expecting a numpy array, actual type: <class 'list'>[0m
  logger.warn(
/home/zhaosiying/codebase/groot-fsdp2/Isaac-GR00T/gr00t/eval/sim/LIBERO/libero_uv/.venv/lib/python3.12/site-packages/gymnasium/spaces/box.py:240: UserWarning: [33mWARN: Casting input x to numpy array.[0m
  gym.logger.warn("Casting input x to numpy array.")
Episodes:   0%|          | 0/5 [00:00<?, ?it/s]/home/zhaosiying/codebase/groot-fsdp2/Isaac-GR00T/gr00t/eval/sim/LIBERO/libero_uv/.venv/lib/python3.12/site-packages/gymnasium/utils/passive_env_checker.py:159: UserWarning: [33mWARN: The obs returned by the `step()` method is not within the observation space.[0m
  logger.warn(f"{pre} is not within the observation space.")
/home/zhaosiying/codebase/groot-fsdp2/Isaac-GR00T/gr00t/eval/sim/LIBERO/libero_uv/.venv/lib/python3.12/site-packages/gymnasium/utils/passive_env_checker.py:135: UserWarning: [33mWARN: The obs returned by the `step()` method was expecting numpy array dtype to be float32, actual type: float64[0m
  logger.warn(
/home/zhaosiying/codebase/groot-fsdp2/Isaac-GR00T/gr00t/eval/sim/LIBERO/libero_uv/.venv/lib/python3.12/site-packages/gymnasium/utils/passive_env_checker.py:131: UserWarning: [33mWARN: The obs returned by the `step()` method was expecting a numpy array, actual type: <class 'list'>[0m
  logger.warn(
FP4VLA_EPISODE_RESET {"event": "reset", "task_name": "LIVING_ROOM_SCENE1_put_both_the_alphabet_soup_and_the_cream_cheese_box_in_the_basket", "episode_index": 1, "seed": 947001, "task_id": 7, "init_state_index": 5, "init_state_bank_size": 50, "init_state_bank_sha256": "2113ea5923fcbbe1b57b428383934496072f062729d0b72d3021573d55d25abc", "restored_state_sha256": "e6f8c4ab32efc717eeee78422ec6edfd29eeec9e7618545e875962ff18f76759", "settle_steps": 10, "initial_state_sha256": "fd58f03e3244f43ff27a6bf7c5464f1e809ddee086f74dc387ddde7791cfa4c6"}
Episodes:  20%|██        | 1/5 [01:04<04:16, 64.21s/it]FP4VLA_EPISODE_RESET {"event": "reset", "task_name": "LIVING_ROOM_SCENE1_put_both_the_alphabet_soup_and_the_cream_cheese_box_in_the_basket", "episode_index": 2, "seed": 947002, "task_id": 7, "init_state_index": 6, "init_state_bank_size": 50, "init_state_bank_sha256": "2113ea5923fcbbe1b57b428383934496072f062729d0b72d3021573d55d25abc", "restored_state_sha256": "f70a5ea334195a201c12350f8bab6582f652f2d79fbc7d15efc2186482dfd6b9", "settle_steps": 10, "initial_state_sha256": "6a9f0e4bc905992b924afd1af635f2729266dab12f05c6f664b6cc45089e3969"}
Episodes:  40%|████      | 2/5 [02:21<03:34, 71.63s/it]FP4VLA_EPISODE_RESET {"event": "reset", "task_name": "LIVING_ROOM_SCENE1_put_both_the_alphabet_soup_and_the_cream_cheese_box_in_the_basket", "episode_index": 3, "seed": 947003, "task_id": 7, "init_state_index": 7, "init_state_bank_size": 50, "init_state_bank_sha256": "2113ea5923fcbbe1b57b428383934496072f062729d0b72d3021573d55d25abc", "restored_state_sha256": "6d409de9bd62d0d93b071c2e528c01eedee4e8cf9ae51420a6afc8dae4a58d4b", "settle_steps": 10, "initial_state_sha256": "1021d3fd9885e347d9295db39badba8bce727f8dafa0fe44e6c3daecba946bdc"}
Episodes:  60%|██████    | 3/5 [03:17<02:09, 64.83s/it]FP4VLA_EPISODE_RESET {"event": "reset", "task_name": "LIVING_ROOM_SCENE1_put_both_the_alphabet_soup_and_the_cream_cheese_box_in_the_basket", "episode_index": 4, "seed": 947004, "task_id": 7, "init_state_index": 8, "init_state_bank_size": 50, "init_state_bank_sha256": "2113ea5923fcbbe1b57b428383934496072f062729d0b72d3021573d55d25abc", "restored_state_sha256": "2db87b246d8673f01a074e601fc9ac8aa3d13b99f0255403a0a082a4ef3b0db6", "settle_steps": 10, "initial_state_sha256": "9f13e65a7bdf3b6e6b8f8f7033a7cc80cf545c04db9699c1c340489b6c016a08"}
Episodes:  80%|████████  | 4/5 [04:15<01:01, 61.94s/it]FP4VLA_EPISODE_RESET {"event": "reset", "task_name": "LIVING_ROOM_SCENE1_put_both_the_alphabet_soup_and_the_cream_cheese_box_in_the_basket", "episode_index": 5, "seed": 947005, "task_id": 7, "init_state_index": 4, "init_state_bank_size": 50, "init_state_bank_sha256": "2113ea5923fcbbe1b57b428383934496072f062729d0b72d3021573d55d25abc", "restored_state_sha256": "8a0c2af93cde820ada3c3849d6b732233a61c05a82d655ef26fda87a7d85e708", "settle_steps": 10, "initial_state_sha256": "d3d54a74b9443596a0ac6dc47db705d983295c17180d6bcc6bea248a164e9028"}
Episodes: 100%|██████████| 5/5 [05:35<00:00, 68.57s/it]FP4VLA_EPISODE_RESET {"event": "reset", "task_name": "LIVING_ROOM_SCENE1_put_both_the_alphabet_soup_and_the_cream_cheese_box_in_the_basket", "episode_index": 6, "seed": 947006, "task_id": 7, "init_state_index": 5, "init_state_bank_size": 50, "init_state_bank_sha256": "2113ea5923fcbbe1b57b428383934496072f062729d0b72d3021573d55d25abc", "restored_state_sha256": "e6f8c4ab32efc717eeee78422ec6edfd29eeec9e7618545e875962ff18f76759", "settle_steps": 10, "initial_state_sha256": "79369f5af1c99802b9459287ef272b8c0554fb800e81ab027d40a901236a568f"}
Episodes: 100%|██████████| 5/5 [05:37<00:00, 67.51s/it]
Collecting 5 episodes took 342.35699915885925 seconds
Video saved to:  /home/zhaosiying/codebase/fp4vla/results/ptqad_20261003/w4a4_dev_full_category/videos/LIVING_ROOM_SCENE1_put_both_the_alphabet_soup_and_the_cream_cheese_box_in_the_basket
results:  ('libero_sim/LIVING_ROOM_SCENE1_put_both_the_alphabet_soup_and_the_cream_cheese_box_in_the_basket', [True, True, True, True, True], {'episode_lengths': [257, 314, 225, 229, 324], 'episode_rewards': [1.0, 1.0, 1.0, 1.0, 1.0]})
success rate:  1.0
