
==============NVSMI LOG==============

Timestamp                                              : Tue Sep 29 13:24:26 2026
Driver Version                                         : 610.74 [Deprecated; will be removed in CUDA 14.0. Use KMD Version instead]
CUDA Version                                           : 13.3 [Deprecated; will be removed in CUDA 14.0. Use CUDA UMD Version instead]
KMD Version                                            : 610.74
CUDA UMD Version                                       : 13.3

Attached GPUs                                          : 1
GPU 00000000:02:00.0
    Product Name                                       : NVIDIA GeForce RTX 5090 Laptop GPU
    Product Brand                                      : GeForce
    Product Architecture                               : Blackwell
    Display Mode                                       : Requested functionality has been deprecated
    Display Attached                                   : No
    Display Active                                     : Disabled
    Persistence Mode                                   : Enabled
    Addressing Mode                                    : N/A
    MIG Mode
        Current                                        : N/A
        Pending                                        : N/A
    Accounting Mode                                    : Disabled
    Accounting Mode Buffer Size                        : 4000
    Driver Model
        Current                                        : WDDM
        Pending                                        : WDDM
    Serial Number                                      : N/A
    GPU UUID                                           : GPU-64aae36b-ef77-b0d4-b1c7-f7ab17a729f1
    GPU PDI                                            : 0xf7c9de0207dc44d1
    Minor Number                                       : N/A
    VBIOS Version                                      : 98.03.5c.40.25
    MultiGPU Board                                     : No
    Board ID                                           : 0x200
    Board Part Number                                  : N/A
    GPU Part Number                                    : 2C58-750-A1
    FRU Part Number                                    : N/A
    Platform Info
        Chassis Serial Number                          : 
        Slot Number                                    : 0
        Tray Index                                     : 0
        Host ID                                        : 1
        Peer Type                                      : Direct Connected
        Module Id                                      : 1
        GPU Fabric GUID                                : 0x0000000000000000
    Inforom Version
        Image Version                                  : G005.0000.98.01
        OEM Object                                     : 2.1
        ECC Object                                     : N/A
        Power Management Object                        : N/A
    Inforom BBX Object Flush
        Latest Timestamp                               : N/A
        Latest Duration                                : N/A
    Inforom Time Data
        Time Run                                       : N/A
    GPU Operation Mode
        Current                                        : N/A
        Pending                                        : N/A
    GPU C2C Mode                                       : Disabled
    GPU Virtualization Mode
        Virtualization Mode                            : None
        Host VGPU Mode                                 : N/A
        vGPU Heterogeneous Mode                        : N/A
    GPU Recovery Action                                : None
    GSP Firmware Version                               : N/A
    IBMNPU
        Relaxed Ordering Mode                          : N/A
    PCI
        Bus                                            : 0x02
        Device                                         : 0x00
        Domain                                         : 0x0000
        Device Id                                      : 0x2C5810DE
        Bus Id                                         : 00000000:02:00.0
        Sub System Id                                  : 0x300F1A58
        GPU Link Info
            PCIe Generation
                Max                                    : 5
                Current                                : 5
                Device Current                         : 5
                Device Max                             : 5
                Host Max                               : 5
            Link Width
                Max                                    : 16x
                Current                                : 16x
        Bridge Chip
            Type                                       : N/A
            Firmware                                   : N/A
        Replays Since Reset                            : 0
        Replay Number Rollovers                        : 0
        Tx Throughput                                  : 1715 KB/s
        Rx Throughput                                  : 11 KB/s
        Atomic Caps Outbound                           : N/A
        Atomic Caps Inbound                            : FETCHADD_32 FETCHADD_64 SWAP_32 SWAP_64 CAS_32 CAS_64 
    Fan Speed                                          : N/A
    Performance State                                  : P0
    Clocks Event Reasons
        Idle                                           : Not Active
        Applications Clocks Setting                    : Not Active
        SW Power Cap                                   : Not Active
        HW Slowdown                                    : Not Active
            HW Thermal Slowdown                        : Not Active
            HW Power Brake Slowdown                    : Not Active
        Sync Boost                                     : Not Active
        SW Thermal Slowdown                            : Not Active
        Display Clock Setting                          : Not Active
    Clocks Event Reasons Counters
        SW Power Capping                               : 182026 us
        Sync Boost                                     : 0 us
        SW Thermal Slowdown                            : 0 us
        HW Thermal Slowdown                            : 0 us
        HW Power Braking                               : 0 us
    Sparse Operation Mode                              : N/A
    FB Memory Usage
        Total                                          : 24463 MiB
        Reserved                                       : 326 MiB
        Used                                           : 0 MiB
        Free                                           : 24137 MiB
    BAR1 Memory Usage
        Total                                          : 32768 MiB
        Used                                           : 0 MiB
        Free                                           : 32768 MiB
    Conf Compute Protected Memory Usage
        Total                                          : N/A
        Used                                           : N/A
        Free                                           : N/A
    Compute Mode                                       : Default
    Utilization
        GPU                                            : 11 %
        Memory                                         : 1 %
        Encoder                                        : 0 %
        Decoder                                        : 0 %
        JPEG                                           : 0 %
        OFA                                            : 0 %
    Encoder Stats
        Active Sessions                                : 0
        Average FPS                                    : 0
        Average Latency                                : 0
    FBC Stats
        Active Sessions                                : 0
        Average FPS                                    : 0
        Average Latency                                : 0
    DRAM Encryption Mode
        Current                                        : Disabled
        Pending                                        : Disabled
    ECC Mode
        Current                                        : N/A
        Pending                                        : N/A
    ECC Errors
        Volatile
            SRAM Correctable                           : N/A
            SRAM Uncorrectable Parity                  : N/A
            SRAM Uncorrectable SEC-DED                 : N/A
            DRAM Correctable                           : N/A
            DRAM Uncorrectable                         : N/A
        Aggregate
            SRAM Correctable                           : N/A
            SRAM Uncorrectable Parity                  : N/A
            SRAM Uncorrectable SEC-DED                 : N/A
            DRAM Correctable                           : N/A
            DRAM Uncorrectable                         : N/A
            SRAM Threshold Exceeded                    : N/A
        Aggregate Uncorrectable SRAM Sources
            SRAM L2                                    : N/A
            SRAM SM                                    : N/A
            SRAM Microcontroller                       : N/A
            SRAM PCIE                                  : N/A
            SRAM Other                                 : N/A
        Channel Repair Pending                         : No
        TPC Repair Pending                             : No
        Unrepairable Memory                            : N/A
    Retired Pages
        Single Bit ECC                                 : N/A
        Double Bit ECC                                 : N/A
        Pending Page Blacklist                         : N/A
    Remapped Rows                                      : N/A
    Temperature
        GPU Current Temp                               : 53 C
        GPU Current T.Limit Temp                       : 33 C
        GPU Shutdown T.Limit Temp Specification        : -5 C
        GPU Slowdown T.Limit Temp Specification        : -2 C
        GPU Max Operating T.Limit Temp Specification   : 0 C
        GPU Target Temperature Specification           : 87 C
        Memory Current Temp                            : N/A
        Memory Max Operating T.Limit Temp Specification: N/A
    GPU Power Readings
        Average Power Draw                             : 25.92 W
        Instantaneous Power Draw                       : 24.48 W
        GPU Ceiling Power Limit
            Current Power Limit                        : 175.00 W
            Requested Power Limit                      : N/A
            Default Power Limit                        : 95.00 W
        GPU Base Power
            Current Base Power                         : N/A
            Requested Base Power                       : N/A
            Default Base Power                         : N/A
        Min Power Limit                                : 5.00 W
        Max Power Limit                                : 175.00 W
    GPU Memory Power Readings 
        Average Power Draw                             : N/A
        Instantaneous Power Draw                       : N/A
    Module Power Readings
        Average Power Draw                             : N/A
        Instantaneous Power Draw                       : N/A
        Current Power Limit                            : N/A
        Requested Power Limit                          : N/A
        Default Power Limit                            : N/A
        Min Power Limit                                : N/A
        Max Power Limit                                : N/A
    Power Smoothing                                    : N/A
    Workload Power Profiles
        Requested Profiles                             : N/A
        Enforced Profiles                              : N/A
    EDPp Multiplier                                    : N/A
    Clocks
        Graphics                                       : 1620 MHz
        SM                                             : 1620 MHz
        Memory                                         : 14001 MHz
        Video                                          : 1417 MHz
    Applications Clocks
        Graphics                                       : Requested functionality has been deprecated
        Memory                                         : Requested functionality has been deprecated
    Default Applications Clocks
        Graphics                                       : Requested functionality has been deprecated
        Memory                                         : Requested functionality has been deprecated
    Deferred Clocks
        Memory                                         : N/A
    Max Clocks
        Graphics                                       : 3090 MHz
        SM                                             : 3090 MHz
        Memory                                         : 14001 MHz
        Video                                          : 3090 MHz
    Max Customer Boost Clocks
        Graphics                                       : N/A
    Clock Policy
        Auto Boost                                     : N/A
        Auto Boost Default                             : N/A
    Fabric
        State                                          : N/A
        Status                                         : N/A
        CliqueId                                       : N/A
        ClusterUUID                                    : N/A
        Health
            Summary                                    : N/A
            Bandwidth                                  : N/A
            Route Recovery in progress                 : N/A
            Route Unhealthy                            : N/A
            Access Timeout Recovery                    : N/A
            Incorrect Configuration                    : N/A
            Partition Assigned                         : N/A
    Processes                                          : None
    Capabilities
        EGM                                            : disabled

