[robosuite WARNING] No private macro file found! (__init__.py:7)
[robosuite WARNING] It is recommended to use a private macro file (__init__.py:8)
[robosuite WARNING] To setup, run: python /home/zhaosiying/codebase/groot-fsdp2/Isaac-GR00T/gr00t/eval/sim/LIBERO/libero_uv/.venv/lib/python3.12/site-packages/robosuite/scripts/setup_macros.py (__init__.py:9)
Gym has been unmaintained since 2022 and does not support NumPy 2.0 amongst other critical functionality.
Please upgrade to Gymnasium, the maintained drop-in replacement of Gym, or contact the authors of your software and request that they upgrade.
See the migration guide at https://gymnasium.farama.org/introduction/migration_guide/ for additional information.
[info] using task orders [0, 1, 2, 3, 4, 5, 6, 7, 8, 9]
[Warning]: datasets path /home/zhaosiying/codebase/groot-fsdp2/Isaac-GR00T/external_dependencies/LIBERO/libero/libero/../datasets does not exist!
Running collecting 2 episodes for libero_sim/KITCHEN_SCENE3_turn_on_the_stove_and_put_the_moka_pot_on_it with 1 vec envs
[info] using task orders [0, 1, 2, 3, 4, 5, 6, 7, 8, 9]
[info] using task orders [0, 1, 2, 3, 4, 5, 6, 7, 8, 9]
[info] using task orders [0, 1, 2, 3, 4, 5, 6, 7, 8, 9]
[info] using task orders [0, 1, 2, 3, 4, 5, 6, 7, 8, 9]
FP4VLA_EPISODE_RESET {"episode_index": 0, "seed": 112000, "task_id": 2, "init_state_index": 2, "init_state_bank_size": 50, "init_state_bank_sha256": "02a8401f8d59f5447fc8c5a16f4c158dd8c426c3eaed6779927a2a53e9abf3c5", "restored_state_sha256": "8227fd36ba47ae92020986ff9b090acd500ddadcc057c66b04f8afe6fb4de2bb", "settle_steps": 10, "initial_state_sha256": "0c8816bd2a6ae22449252c462a1919072e4daff9124b9189fc9578a31692a99b"}
/home/zhaosiying/codebase/groot-fsdp2/Isaac-GR00T/gr00t/eval/sim/LIBERO/libero_uv/.venv/lib/python3.12/site-packages/gymnasium/utils/passive_env_checker.py:159: UserWarning: [33mWARN: The obs returned by the `reset()` method is not within the observation space.[0m
  logger.warn(f"{pre} is not within the observation space.")
/home/zhaosiying/codebase/groot-fsdp2/Isaac-GR00T/gr00t/eval/sim/LIBERO/libero_uv/.venv/lib/python3.12/site-packages/gymnasium/utils/passive_env_checker.py:135: UserWarning: [33mWARN: The obs returned by the `reset()` method was expecting numpy array dtype to be float32, actual type: float64[0m
  logger.warn(
/home/zhaosiying/codebase/groot-fsdp2/Isaac-GR00T/gr00t/eval/sim/LIBERO/libero_uv/.venv/lib/python3.12/site-packages/gymnasium/utils/passive_env_checker.py:131: UserWarning: [33mWARN: The obs returned by the `reset()` method was expecting a numpy array, actual type: <class 'list'>[0m
  logger.warn(
/home/zhaosiying/codebase/groot-fsdp2/Isaac-GR00T/gr00t/eval/sim/LIBERO/libero_uv/.venv/lib/python3.12/site-packages/gymnasium/spaces/box.py:240: UserWarning: [33mWARN: Casting input x to numpy array.[0m
  gym.logger.warn("Casting input x to numpy array.")
Episodes:   0%|          | 0/2 [00:00<?, ?it/s]/home/zhaosiying/codebase/groot-fsdp2/Isaac-GR00T/gr00t/eval/sim/LIBERO/libero_uv/.venv/lib/python3.12/site-packages/gymnasium/utils/passive_env_checker.py:159: UserWarning: [33mWARN: The obs returned by the `step()` method is not within the observation space.[0m
  logger.warn(f"{pre} is not within the observation space.")
/home/zhaosiying/codebase/groot-fsdp2/Isaac-GR00T/gr00t/eval/sim/LIBERO/libero_uv/.venv/lib/python3.12/site-packages/gymnasium/utils/passive_env_checker.py:135: UserWarning: [33mWARN: The obs returned by the `step()` method was expecting numpy array dtype to be float32, actual type: float64[0m
  logger.warn(
/home/zhaosiying/codebase/groot-fsdp2/Isaac-GR00T/gr00t/eval/sim/LIBERO/libero_uv/.venv/lib/python3.12/site-packages/gymnasium/utils/passive_env_checker.py:131: UserWarning: [33mWARN: The obs returned by the `step()` method was expecting a numpy array, actual type: <class 'list'>[0m
  logger.warn(
FP4VLA_EPISODE_RESET {"episode_index": 1, "seed": 112001, "task_id": 2, "init_state_index": 3, "init_state_bank_size": 50, "init_state_bank_sha256": "02a8401f8d59f5447fc8c5a16f4c158dd8c426c3eaed6779927a2a53e9abf3c5", "restored_state_sha256": "53956839e3584f29993eb41169934902624a2f06d531b13bec4cd8f8cdd5de9d", "settle_steps": 10, "initial_state_sha256": "4088cc5a62d4fe70543f6037ef1b6eaa0d6c2ce57e1c8db37b0bf81d8f414daf"}
Episodes:  50%|█████     | 1/2 [00:33<00:33, 33.07s/it]FP4VLA_EPISODE_RESET {"episode_index": 2, "seed": 112002, "task_id": 2, "init_state_index": 2, "init_state_bank_size": 50, "init_state_bank_sha256": "02a8401f8d59f5447fc8c5a16f4c158dd8c426c3eaed6779927a2a53e9abf3c5", "restored_state_sha256": "8227fd36ba47ae92020986ff9b090acd500ddadcc057c66b04f8afe6fb4de2bb", "settle_steps": 10, "initial_state_sha256": "0c8816bd2a6ae22449252c462a1919072e4daff9124b9189fc9578a31692a99b"}
Episodes: 100%|██████████| 2/2 [01:19<00:00, 40.65s/it]FP4VLA_EPISODE_RESET {"episode_index": 3, "seed": 112003, "task_id": 2, "init_state_index": 3, "init_state_bank_size": 50, "init_state_bank_sha256": "02a8401f8d59f5447fc8c5a16f4c158dd8c426c3eaed6779927a2a53e9abf3c5", "restored_state_sha256": "53956839e3584f29993eb41169934902624a2f06d531b13bec4cd8f8cdd5de9d", "settle_steps": 10, "initial_state_sha256": "4088cc5a62d4fe70543f6037ef1b6eaa0d6c2ce57e1c8db37b0bf81d8f414daf"}
Episodes: 100%|██████████| 2/2 [01:21<00:00, 40.54s/it]
Collecting 2 episodes took 85.22066020965576 seconds
Video saved to:  /home/zhaosiying/codebase/fp4vla/results/ptqad_20260929/round1/collection/videos/KITCHEN_SCENE3_turn_on_the_stove_and_put_the_moka_pot_on_it
results:  ('libero_sim/KITCHEN_SCENE3_turn_on_the_stove_and_put_the_moka_pot_on_it', [True, True], {'episode_lengths': [237, 323], 'episode_rewards': [1.0, 1.0]})
success rate:  1.0
