[robosuite WARNING] No private macro file found! (__init__.py:7)
[robosuite WARNING] It is recommended to use a private macro file (__init__.py:8)
[robosuite WARNING] To setup, run: python /home/zhaosiying/codebase/groot-fsdp2/Isaac-GR00T/gr00t/eval/sim/LIBERO/libero_uv/.venv/lib/python3.12/site-packages/robosuite/scripts/setup_macros.py (__init__.py:9)
Gym has been unmaintained since 2022 and does not support NumPy 2.0 amongst other critical functionality.
Please upgrade to Gymnasium, the maintained drop-in replacement of Gym, or contact the authors of your software and request that they upgrade.
See the migration guide at https://gymnasium.farama.org/introduction/migration_guide/ for additional information.
[info] using task orders [0, 1, 2, 3, 4, 5, 6, 7, 8, 9]
[Warning]: datasets path /home/zhaosiying/codebase/groot-fsdp2/Isaac-GR00T/external_dependencies/LIBERO/libero/libero/../datasets does not exist!
Running collecting 2 episodes for libero_sim/KITCHEN_SCENE8_put_both_moka_pots_on_the_stove with 1 vec envs
[info] using task orders [0, 1, 2, 3, 4, 5, 6, 7, 8, 9]
[info] using task orders [0, 1, 2, 3, 4, 5, 6, 7, 8, 9]
[info] using task orders [0, 1, 2, 3, 4, 5, 6, 7, 8, 9]
[info] using task orders [0, 1, 2, 3, 4, 5, 6, 7, 8, 9]
FP4VLA_EPISODE_RESET {"episode_index": 0, "seed": 118000, "task_id": 8, "init_state_index": 2, "init_state_bank_size": 50, "init_state_bank_sha256": "44f992e911c84a1340589510ecdaf947a4872966f7678c8364d8bb5d13dc4dac", "restored_state_sha256": "9f3bbe14f940c66de58d1dbecf0b5a2af12b48cbb93deec15c094fe4a9f5323a", "settle_steps": 10, "initial_state_sha256": "9b7340badfc3ffa7a55d03d7c1f521163691c3792606cbd08160342608b61e2d"}
/home/zhaosiying/codebase/groot-fsdp2/Isaac-GR00T/gr00t/eval/sim/LIBERO/libero_uv/.venv/lib/python3.12/site-packages/gymnasium/utils/passive_env_checker.py:159: UserWarning: [33mWARN: The obs returned by the `reset()` method is not within the observation space.[0m
  logger.warn(f"{pre} is not within the observation space.")
/home/zhaosiying/codebase/groot-fsdp2/Isaac-GR00T/gr00t/eval/sim/LIBERO/libero_uv/.venv/lib/python3.12/site-packages/gymnasium/utils/passive_env_checker.py:135: UserWarning: [33mWARN: The obs returned by the `reset()` method was expecting numpy array dtype to be float32, actual type: float64[0m
  logger.warn(
/home/zhaosiying/codebase/groot-fsdp2/Isaac-GR00T/gr00t/eval/sim/LIBERO/libero_uv/.venv/lib/python3.12/site-packages/gymnasium/utils/passive_env_checker.py:131: UserWarning: [33mWARN: The obs returned by the `reset()` method was expecting a numpy array, actual type: <class 'list'>[0m
  logger.warn(
/home/zhaosiying/codebase/groot-fsdp2/Isaac-GR00T/gr00t/eval/sim/LIBERO/libero_uv/.venv/lib/python3.12/site-packages/gymnasium/spaces/box.py:240: UserWarning: [33mWARN: Casting input x to numpy array.[0m
  gym.logger.warn("Casting input x to numpy array.")
Episodes:   0%|          | 0/2 [00:00<?, ?it/s]/home/zhaosiying/codebase/groot-fsdp2/Isaac-GR00T/gr00t/eval/sim/LIBERO/libero_uv/.venv/lib/python3.12/site-packages/gymnasium/utils/passive_env_checker.py:159: UserWarning: [33mWARN: The obs returned by the `step()` method is not within the observation space.[0m
  logger.warn(f"{pre} is not within the observation space.")
/home/zhaosiying/codebase/groot-fsdp2/Isaac-GR00T/gr00t/eval/sim/LIBERO/libero_uv/.venv/lib/python3.12/site-packages/gymnasium/utils/passive_env_checker.py:135: UserWarning: [33mWARN: The obs returned by the `step()` method was expecting numpy array dtype to be float32, actual type: float64[0m
  logger.warn(
/home/zhaosiying/codebase/groot-fsdp2/Isaac-GR00T/gr00t/eval/sim/LIBERO/libero_uv/.venv/lib/python3.12/site-packages/gymnasium/utils/passive_env_checker.py:131: UserWarning: [33mWARN: The obs returned by the `step()` method was expecting a numpy array, actual type: <class 'list'>[0m
  logger.warn(
FP4VLA_EPISODE_RESET {"episode_index": 1, "seed": 118001, "task_id": 8, "init_state_index": 3, "init_state_bank_size": 50, "init_state_bank_sha256": "44f992e911c84a1340589510ecdaf947a4872966f7678c8364d8bb5d13dc4dac", "restored_state_sha256": "f53dd32b70bd23ffa2dd5b1e41267ba1c59e88e245857be8b71d5f9b93865763", "settle_steps": 10, "initial_state_sha256": "567fd55ba03fa1d98dbb767d175685ea71d584d60a6ae7c8a61c1454b97c9488"}
Episodes:  50%|█████     | 1/2 [01:00<01:00, 60.51s/it]FP4VLA_EPISODE_RESET {"episode_index": 2, "seed": 118002, "task_id": 8, "init_state_index": 2, "init_state_bank_size": 50, "init_state_bank_sha256": "44f992e911c84a1340589510ecdaf947a4872966f7678c8364d8bb5d13dc4dac", "restored_state_sha256": "9f3bbe14f940c66de58d1dbecf0b5a2af12b48cbb93deec15c094fe4a9f5323a", "settle_steps": 10, "initial_state_sha256": "9b7340badfc3ffa7a55d03d7c1f521163691c3792606cbd08160342608b61e2d"}
Episodes: 100%|██████████| 2/2 [01:51<00:00, 54.76s/it]FP4VLA_EPISODE_RESET {"episode_index": 3, "seed": 118003, "task_id": 8, "init_state_index": 3, "init_state_bank_size": 50, "init_state_bank_sha256": "44f992e911c84a1340589510ecdaf947a4872966f7678c8364d8bb5d13dc4dac", "restored_state_sha256": "f53dd32b70bd23ffa2dd5b1e41267ba1c59e88e245857be8b71d5f9b93865763", "settle_steps": 10, "initial_state_sha256": "567fd55ba03fa1d98dbb767d175685ea71d584d60a6ae7c8a61c1454b97c9488"}
Episodes: 100%|██████████| 2/2 [01:53<00:00, 56.61s/it]
Collecting 2 episodes took 117.2479133605957 seconds
Video saved to:  /home/zhaosiying/codebase/fp4vla/results/ptqad_20260929/round1/collection/videos/KITCHEN_SCENE8_put_both_moka_pots_on_the_stove
results:  ('libero_sim/KITCHEN_SCENE8_put_both_moka_pots_on_the_stove', [True, True], {'episode_lengths': [469, 392], 'episode_rewards': [1.0, 1.0]})
success rate:  1.0
