[robosuite WARNING] No private macro file found! (__init__.py:7)
[robosuite WARNING] It is recommended to use a private macro file (__init__.py:8)
[robosuite WARNING] To setup, run: python /home/zhaosiying/codebase/groot-fsdp2/Isaac-GR00T/gr00t/eval/sim/LIBERO/libero_uv/.venv/lib/python3.12/site-packages/robosuite/scripts/setup_macros.py (__init__.py:9)
Gym has been unmaintained since 2022 and does not support NumPy 2.0 amongst other critical functionality.
Please upgrade to Gymnasium, the maintained drop-in replacement of Gym, or contact the authors of your software and request that they upgrade.
See the migration guide at https://gymnasium.farama.org/introduction/migration_guide/ for additional information.
[info] using task orders [0, 1, 2, 3, 4, 5, 6, 7, 8, 9]
[Warning]: datasets path /home/zhaosiying/codebase/groot-fsdp2/Isaac-GR00T/external_dependencies/LIBERO/libero/libero/../datasets does not exist!
Running collecting 4 episodes for libero_sim/LIVING_ROOM_SCENE2_put_both_the_alphabet_soup_and_the_tomato_sauce_in_the_basket with 1 vec envs
[info] using task orders [0, 1, 2, 3, 4, 5, 6, 7, 8, 9]
[info] using task orders [0, 1, 2, 3, 4, 5, 6, 7, 8, 9]
[info] using task orders [0, 1, 2, 3, 4, 5, 6, 7, 8, 9]
[info] using task orders [0, 1, 2, 3, 4, 5, 6, 7, 8, 9]
FP4VLA_EPISODE_RESET {"event": "reset", "task_name": "LIVING_ROOM_SCENE2_put_both_the_alphabet_soup_and_the_tomato_sauce_in_the_basket", "episode_index": 0, "seed": 960000, "task_id": 0, "init_state_index": 20, "init_state_bank_size": 50, "init_state_bank_sha256": "1899fe54c51e24a41d5f9e32254730d6777f4894ab68e0e873f1fa7ae2062030", "restored_state_sha256": "31cf655f31ddf3a02ee0f767cf1240387c2749ebcfdbbf29b22989bd606ffd96", "settle_steps": 10, "initial_state_sha256": "fe646ef9e220107b2c7ed6b3c4c2c46162cf705e34d84ee3ad2c3eda1c20f3d9"}
/home/zhaosiying/codebase/groot-fsdp2/Isaac-GR00T/gr00t/eval/sim/LIBERO/libero_uv/.venv/lib/python3.12/site-packages/gymnasium/utils/passive_env_checker.py:159: UserWarning: [33mWARN: The obs returned by the `reset()` method is not within the observation space.[0m
  logger.warn(f"{pre} is not within the observation space.")
/home/zhaosiying/codebase/groot-fsdp2/Isaac-GR00T/gr00t/eval/sim/LIBERO/libero_uv/.venv/lib/python3.12/site-packages/gymnasium/utils/passive_env_checker.py:135: UserWarning: [33mWARN: The obs returned by the `reset()` method was expecting numpy array dtype to be float32, actual type: float64[0m
  logger.warn(
/home/zhaosiying/codebase/groot-fsdp2/Isaac-GR00T/gr00t/eval/sim/LIBERO/libero_uv/.venv/lib/python3.12/site-packages/gymnasium/utils/passive_env_checker.py:131: UserWarning: [33mWARN: The obs returned by the `reset()` method was expecting a numpy array, actual type: <class 'list'>[0m
  logger.warn(
/home/zhaosiying/codebase/groot-fsdp2/Isaac-GR00T/gr00t/eval/sim/LIBERO/libero_uv/.venv/lib/python3.12/site-packages/gymnasium/spaces/box.py:240: UserWarning: [33mWARN: Casting input x to numpy array.[0m
  gym.logger.warn("Casting input x to numpy array.")
Episodes:   0%|          | 0/4 [00:00<?, ?it/s]/home/zhaosiying/codebase/groot-fsdp2/Isaac-GR00T/gr00t/eval/sim/LIBERO/libero_uv/.venv/lib/python3.12/site-packages/gymnasium/utils/passive_env_checker.py:159: UserWarning: [33mWARN: The obs returned by the `step()` method is not within the observation space.[0m
  logger.warn(f"{pre} is not within the observation space.")
/home/zhaosiying/codebase/groot-fsdp2/Isaac-GR00T/gr00t/eval/sim/LIBERO/libero_uv/.venv/lib/python3.12/site-packages/gymnasium/utils/passive_env_checker.py:135: UserWarning: [33mWARN: The obs returned by the `step()` method was expecting numpy array dtype to be float32, actual type: float64[0m
  logger.warn(
/home/zhaosiying/codebase/groot-fsdp2/Isaac-GR00T/gr00t/eval/sim/LIBERO/libero_uv/.venv/lib/python3.12/site-packages/gymnasium/utils/passive_env_checker.py:131: UserWarning: [33mWARN: The obs returned by the `step()` method was expecting a numpy array, actual type: <class 'list'>[0m
  logger.warn(
FP4VLA_EPISODE_RESET {"event": "reset", "task_name": "LIVING_ROOM_SCENE2_put_both_the_alphabet_soup_and_the_tomato_sauce_in_the_basket", "episode_index": 1, "seed": 960001, "task_id": 0, "init_state_index": 21, "init_state_bank_size": 50, "init_state_bank_sha256": "1899fe54c51e24a41d5f9e32254730d6777f4894ab68e0e873f1fa7ae2062030", "restored_state_sha256": "745c4dc1054445e2618f028670b26b5435dd4394046b7a856285920a2f7b7610", "settle_steps": 10, "initial_state_sha256": "e4b411eb3dce0eab2b4c90d5adfbaf149cf592927c51d4d4df67242aa78c20fa"}
Episodes:  25%|██▌       | 1/4 [01:23<04:11, 83.85s/it]FP4VLA_EPISODE_RESET {"event": "reset", "task_name": "LIVING_ROOM_SCENE2_put_both_the_alphabet_soup_and_the_tomato_sauce_in_the_basket", "episode_index": 2, "seed": 960002, "task_id": 0, "init_state_index": 22, "init_state_bank_size": 50, "init_state_bank_sha256": "1899fe54c51e24a41d5f9e32254730d6777f4894ab68e0e873f1fa7ae2062030", "restored_state_sha256": "84f995c0b55083edc3737d57fad688490204ae3844ec8795cd73f6cc413fe3aa", "settle_steps": 10, "initial_state_sha256": "a573afdfc5c5a031ffec92c63081cdcc49fabe2934aec6f95ccd0e8a48807003"}
Episodes:  50%|█████     | 2/4 [02:38<02:37, 78.67s/it]FP4VLA_EPISODE_RESET {"event": "reset", "task_name": "LIVING_ROOM_SCENE2_put_both_the_alphabet_soup_and_the_tomato_sauce_in_the_basket", "episode_index": 3, "seed": 960003, "task_id": 0, "init_state_index": 23, "init_state_bank_size": 50, "init_state_bank_sha256": "1899fe54c51e24a41d5f9e32254730d6777f4894ab68e0e873f1fa7ae2062030", "restored_state_sha256": "b7905a2a29009d4296fa262ec5a1cb1d01351e50eccee52bc232cf1583dd93a8", "settle_steps": 10, "initial_state_sha256": "f533752a66b4af8da1cd32c11f792ff1d22ac7d6af7df5c016b75c6e96a347ca"}
Episodes:  75%|███████▌  | 3/4 [03:50<01:15, 75.32s/it]FP4VLA_EPISODE_RESET {"event": "reset", "task_name": "LIVING_ROOM_SCENE2_put_both_the_alphabet_soup_and_the_tomato_sauce_in_the_basket", "episode_index": 4, "seed": 960004, "task_id": 0, "init_state_index": 20, "init_state_bank_size": 50, "init_state_bank_sha256": "1899fe54c51e24a41d5f9e32254730d6777f4894ab68e0e873f1fa7ae2062030", "restored_state_sha256": "31cf655f31ddf3a02ee0f767cf1240387c2749ebcfdbbf29b22989bd606ffd96", "settle_steps": 10, "initial_state_sha256": "3b50dc00499e6f863da7f4ec6d336054a9d0f09743ac720fb6936cd122c5edfb"}
Episodes: 100%|██████████| 4/4 [05:05<00:00, 75.24s/it]FP4VLA_EPISODE_RESET {"event": "reset", "task_name": "LIVING_ROOM_SCENE2_put_both_the_alphabet_soup_and_the_tomato_sauce_in_the_basket", "episode_index": 5, "seed": 960005, "task_id": 0, "init_state_index": 21, "init_state_bank_size": 50, "init_state_bank_sha256": "1899fe54c51e24a41d5f9e32254730d6777f4894ab68e0e873f1fa7ae2062030", "restored_state_sha256": "745c4dc1054445e2618f028670b26b5435dd4394046b7a856285920a2f7b7610", "settle_steps": 10, "initial_state_sha256": "0049b3c891b24aa3771195d0d6f82f26bced883c7ecc4466151f5ceb31b4156a"}
Episodes: 100%|██████████| 4/4 [05:07<00:00, 76.88s/it]
Collecting 4 episodes took 314.2055172920227 seconds
Video saved to:  /home/zhaosiying/codebase/fp4vla/results/ptqad_20261003/v11_recovery_r4/artifacts/collection_qad/videos/LIVING_ROOM_SCENE2_put_both_the_alphabet_soup_and_the_tomato_sauce_in_the_basket
results:  ('libero_sim/LIVING_ROOM_SCENE2_put_both_the_alphabet_soup_and_the_tomato_sauce_in_the_basket', [True, True, True, True], {'episode_lengths': [289, 278, 258, 276], 'episode_rewards': [1.0, 1.0, 1.0, 1.0]})
success rate:  1.0
