[robosuite WARNING] No private macro file found! (__init__.py:7)
[robosuite WARNING] It is recommended to use a private macro file (__init__.py:8)
[robosuite WARNING] To setup, run: python /home/zhaosiying/codebase/groot-fsdp2/Isaac-GR00T/gr00t/eval/sim/LIBERO/libero_uv/.venv/lib/python3.12/site-packages/robosuite/scripts/setup_macros.py (__init__.py:9)
Gym has been unmaintained since 2022 and does not support NumPy 2.0 amongst other critical functionality.
Please upgrade to Gymnasium, the maintained drop-in replacement of Gym, or contact the authors of your software and request that they upgrade.
See the migration guide at https://gymnasium.farama.org/introduction/migration_guide/ for additional information.
[info] using task orders [0, 1, 2, 3, 4, 5, 6, 7, 8, 9]
[Warning]: datasets path /home/zhaosiying/codebase/groot-fsdp2/Isaac-GR00T/external_dependencies/LIBERO/libero/libero/../datasets does not exist!
Running collecting 2 episodes for libero_sim/LIVING_ROOM_SCENE2_put_both_the_cream_cheese_box_and_the_butter_in_the_basket with 1 vec envs
[info] using task orders [0, 1, 2, 3, 4, 5, 6, 7, 8, 9]
[info] using task orders [0, 1, 2, 3, 4, 5, 6, 7, 8, 9]
[info] using task orders [0, 1, 2, 3, 4, 5, 6, 7, 8, 9]
[info] using task orders [0, 1, 2, 3, 4, 5, 6, 7, 8, 9]
FP4VLA_EPISODE_RESET {"episode_index": 0, "seed": 111000, "task_id": 1, "init_state_index": 2, "init_state_bank_size": 50, "init_state_bank_sha256": "f8ac06ea8f43bb328d40cba1e6a9767da2f8f5386fd7ff3f845c64a96bf6d2ce", "restored_state_sha256": "ab6bf2ca98e96f1692d8ec7a5b7ec25eee1ea61c57d45c2816ac3dcc938ea3ee", "settle_steps": 10, "initial_state_sha256": "c58d98eaa811a63a106eb4fee439bb2be5fa4f1bb8c46641ee66d1e6cac5a8af"}
/home/zhaosiying/codebase/groot-fsdp2/Isaac-GR00T/gr00t/eval/sim/LIBERO/libero_uv/.venv/lib/python3.12/site-packages/gymnasium/utils/passive_env_checker.py:159: UserWarning: [33mWARN: The obs returned by the `reset()` method is not within the observation space.[0m
  logger.warn(f"{pre} is not within the observation space.")
/home/zhaosiying/codebase/groot-fsdp2/Isaac-GR00T/gr00t/eval/sim/LIBERO/libero_uv/.venv/lib/python3.12/site-packages/gymnasium/utils/passive_env_checker.py:135: UserWarning: [33mWARN: The obs returned by the `reset()` method was expecting numpy array dtype to be float32, actual type: float64[0m
  logger.warn(
/home/zhaosiying/codebase/groot-fsdp2/Isaac-GR00T/gr00t/eval/sim/LIBERO/libero_uv/.venv/lib/python3.12/site-packages/gymnasium/utils/passive_env_checker.py:131: UserWarning: [33mWARN: The obs returned by the `reset()` method was expecting a numpy array, actual type: <class 'list'>[0m
  logger.warn(
/home/zhaosiying/codebase/groot-fsdp2/Isaac-GR00T/gr00t/eval/sim/LIBERO/libero_uv/.venv/lib/python3.12/site-packages/gymnasium/spaces/box.py:240: UserWarning: [33mWARN: Casting input x to numpy array.[0m
  gym.logger.warn("Casting input x to numpy array.")
Episodes:   0%|          | 0/2 [00:00<?, ?it/s]/home/zhaosiying/codebase/groot-fsdp2/Isaac-GR00T/gr00t/eval/sim/LIBERO/libero_uv/.venv/lib/python3.12/site-packages/gymnasium/utils/passive_env_checker.py:159: UserWarning: [33mWARN: The obs returned by the `step()` method is not within the observation space.[0m
  logger.warn(f"{pre} is not within the observation space.")
/home/zhaosiying/codebase/groot-fsdp2/Isaac-GR00T/gr00t/eval/sim/LIBERO/libero_uv/.venv/lib/python3.12/site-packages/gymnasium/utils/passive_env_checker.py:135: UserWarning: [33mWARN: The obs returned by the `step()` method was expecting numpy array dtype to be float32, actual type: float64[0m
  logger.warn(
/home/zhaosiying/codebase/groot-fsdp2/Isaac-GR00T/gr00t/eval/sim/LIBERO/libero_uv/.venv/lib/python3.12/site-packages/gymnasium/utils/passive_env_checker.py:131: UserWarning: [33mWARN: The obs returned by the `step()` method was expecting a numpy array, actual type: <class 'list'>[0m
  logger.warn(
FP4VLA_EPISODE_RESET {"episode_index": 1, "seed": 111001, "task_id": 1, "init_state_index": 3, "init_state_bank_size": 50, "init_state_bank_sha256": "f8ac06ea8f43bb328d40cba1e6a9767da2f8f5386fd7ff3f845c64a96bf6d2ce", "restored_state_sha256": "3e0d23df2cf22ae6e897e15a1739d5bf25474b4e33196644890b8485f0e880f5", "settle_steps": 10, "initial_state_sha256": "b2f4552f0746f92827d46f3250a05505437b5ea892e200d8cbfe7959b0534062"}
Episodes:  50%|█████     | 1/2 [00:28<00:28, 28.29s/it]FP4VLA_EPISODE_RESET {"episode_index": 2, "seed": 111002, "task_id": 1, "init_state_index": 2, "init_state_bank_size": 50, "init_state_bank_sha256": "f8ac06ea8f43bb328d40cba1e6a9767da2f8f5386fd7ff3f845c64a96bf6d2ce", "restored_state_sha256": "ab6bf2ca98e96f1692d8ec7a5b7ec25eee1ea61c57d45c2816ac3dcc938ea3ee", "settle_steps": 10, "initial_state_sha256": "c6dc29fe3bf7b29ed4da8d95823caaba9a15a4fee9b6d7aa3e045a80f04a6917"}
Episodes: 100%|██████████| 2/2 [00:56<00:00, 28.37s/it]FP4VLA_EPISODE_RESET {"episode_index": 3, "seed": 111003, "task_id": 1, "init_state_index": 3, "init_state_bank_size": 50, "init_state_bank_sha256": "f8ac06ea8f43bb328d40cba1e6a9767da2f8f5386fd7ff3f845c64a96bf6d2ce", "restored_state_sha256": "3e0d23df2cf22ae6e897e15a1739d5bf25474b4e33196644890b8485f0e880f5", "settle_steps": 10, "initial_state_sha256": "3a64e0c56968be9c8fa3224b4f40700f8d77471e58bb3c011be2bd11e3e904d9"}
Episodes: 100%|██████████| 2/2 [00:58<00:00, 29.43s/it]
Collecting 2 episodes took 64.12686681747437 seconds
Video saved to:  /home/zhaosiying/codebase/fp4vla/results/ptqad_20260929/round1/collection/videos/LIVING_ROOM_SCENE2_put_both_the_cream_cheese_box_and_the_butter_in_the_basket
results:  ('libero_sim/LIVING_ROOM_SCENE2_put_both_the_cream_cheese_box_and_the_butter_in_the_basket', [True, True], {'episode_lengths': [234, 248], 'episode_rewards': [1.0, 1.0]})
success rate:  1.0
