[robosuite WARNING] No private macro file found! (__init__.py:7)
[robosuite WARNING] It is recommended to use a private macro file (__init__.py:8)
[robosuite WARNING] To setup, run: python /home/zhaosiying/codebase/groot-fsdp2/Isaac-GR00T/gr00t/eval/sim/LIBERO/libero_uv/.venv/lib/python3.12/site-packages/robosuite/scripts/setup_macros.py (__init__.py:9)
Gym has been unmaintained since 2022 and does not support NumPy 2.0 amongst other critical functionality.
Please upgrade to Gymnasium, the maintained drop-in replacement of Gym, or contact the authors of your software and request that they upgrade.
See the migration guide at https://gymnasium.farama.org/introduction/migration_guide/ for additional information.
[info] using task orders [0, 1, 2, 3, 4, 5, 6, 7, 8, 9]
[Warning]: datasets path /home/zhaosiying/codebase/groot-fsdp2/Isaac-GR00T/external_dependencies/LIBERO/libero/libero/../datasets does not exist!
Running collecting 4 episodes for libero_sim/LIVING_ROOM_SCENE1_put_both_the_alphabet_soup_and_the_cream_cheese_box_in_the_basket with 1 vec envs
[info] using task orders [0, 1, 2, 3, 4, 5, 6, 7, 8, 9]
[info] using task orders [0, 1, 2, 3, 4, 5, 6, 7, 8, 9]
[info] using task orders [0, 1, 2, 3, 4, 5, 6, 7, 8, 9]
[info] using task orders [0, 1, 2, 3, 4, 5, 6, 7, 8, 9]
FP4VLA_EPISODE_RESET {"event": "reset", "task_name": "LIVING_ROOM_SCENE1_put_both_the_alphabet_soup_and_the_cream_cheese_box_in_the_basket", "episode_index": 0, "seed": 967000, "task_id": 7, "init_state_index": 20, "init_state_bank_size": 50, "init_state_bank_sha256": "2113ea5923fcbbe1b57b428383934496072f062729d0b72d3021573d55d25abc", "restored_state_sha256": "f7bc0934e7e293a6a0766c7b475340ee7491ec8854b986d8498320aadd6f5369", "settle_steps": 10, "initial_state_sha256": "c8c3e2c1d80fc56ea45c44f5050a9613800557bfc3698ee645af13e92ce7b6a8"}
/home/zhaosiying/codebase/groot-fsdp2/Isaac-GR00T/gr00t/eval/sim/LIBERO/libero_uv/.venv/lib/python3.12/site-packages/gymnasium/utils/passive_env_checker.py:159: UserWarning: [33mWARN: The obs returned by the `reset()` method is not within the observation space.[0m
  logger.warn(f"{pre} is not within the observation space.")
/home/zhaosiying/codebase/groot-fsdp2/Isaac-GR00T/gr00t/eval/sim/LIBERO/libero_uv/.venv/lib/python3.12/site-packages/gymnasium/utils/passive_env_checker.py:135: UserWarning: [33mWARN: The obs returned by the `reset()` method was expecting numpy array dtype to be float32, actual type: float64[0m
  logger.warn(
/home/zhaosiying/codebase/groot-fsdp2/Isaac-GR00T/gr00t/eval/sim/LIBERO/libero_uv/.venv/lib/python3.12/site-packages/gymnasium/utils/passive_env_checker.py:131: UserWarning: [33mWARN: The obs returned by the `reset()` method was expecting a numpy array, actual type: <class 'list'>[0m
  logger.warn(
/home/zhaosiying/codebase/groot-fsdp2/Isaac-GR00T/gr00t/eval/sim/LIBERO/libero_uv/.venv/lib/python3.12/site-packages/gymnasium/spaces/box.py:240: UserWarning: [33mWARN: Casting input x to numpy array.[0m
  gym.logger.warn("Casting input x to numpy array.")
Episodes:   0%|          | 0/4 [00:00<?, ?it/s]/home/zhaosiying/codebase/groot-fsdp2/Isaac-GR00T/gr00t/eval/sim/LIBERO/libero_uv/.venv/lib/python3.12/site-packages/gymnasium/utils/passive_env_checker.py:159: UserWarning: [33mWARN: The obs returned by the `step()` method is not within the observation space.[0m
  logger.warn(f"{pre} is not within the observation space.")
/home/zhaosiying/codebase/groot-fsdp2/Isaac-GR00T/gr00t/eval/sim/LIBERO/libero_uv/.venv/lib/python3.12/site-packages/gymnasium/utils/passive_env_checker.py:135: UserWarning: [33mWARN: The obs returned by the `step()` method was expecting numpy array dtype to be float32, actual type: float64[0m
  logger.warn(
/home/zhaosiying/codebase/groot-fsdp2/Isaac-GR00T/gr00t/eval/sim/LIBERO/libero_uv/.venv/lib/python3.12/site-packages/gymnasium/utils/passive_env_checker.py:131: UserWarning: [33mWARN: The obs returned by the `step()` method was expecting a numpy array, actual type: <class 'list'>[0m
  logger.warn(
FP4VLA_EPISODE_RESET {"event": "reset", "task_name": "LIVING_ROOM_SCENE1_put_both_the_alphabet_soup_and_the_cream_cheese_box_in_the_basket", "episode_index": 1, "seed": 967001, "task_id": 7, "init_state_index": 21, "init_state_bank_size": 50, "init_state_bank_sha256": "2113ea5923fcbbe1b57b428383934496072f062729d0b72d3021573d55d25abc", "restored_state_sha256": "f074e7906fa9e43a51a8b324f3d3fe7e16ff19d95f4046d8559b45542ca69e5a", "settle_steps": 10, "initial_state_sha256": "a6d773f16d37d84a201fd2b07e40682628deb1b7587ee54cd541e1f8945d350f"}
Episodes:  25%|██▌       | 1/4 [01:04<03:12, 64.00s/it]FP4VLA_EPISODE_RESET {"event": "reset", "task_name": "LIVING_ROOM_SCENE1_put_both_the_alphabet_soup_and_the_cream_cheese_box_in_the_basket", "episode_index": 2, "seed": 967002, "task_id": 7, "init_state_index": 22, "init_state_bank_size": 50, "init_state_bank_sha256": "2113ea5923fcbbe1b57b428383934496072f062729d0b72d3021573d55d25abc", "restored_state_sha256": "a869a3c7b9d7169ffa58bfa187852119396ea72609de1983e02670a0e4831e79", "settle_steps": 10, "initial_state_sha256": "2c0ed401b18b2f416612bf175980229a97664572507ef9f05eddaed52d1ad1aa"}
Episodes:  50%|█████     | 2/4 [02:14<02:16, 68.02s/it]FP4VLA_EPISODE_RESET {"event": "reset", "task_name": "LIVING_ROOM_SCENE1_put_both_the_alphabet_soup_and_the_cream_cheese_box_in_the_basket", "episode_index": 3, "seed": 967003, "task_id": 7, "init_state_index": 23, "init_state_bank_size": 50, "init_state_bank_sha256": "2113ea5923fcbbe1b57b428383934496072f062729d0b72d3021573d55d25abc", "restored_state_sha256": "422ddef14dd0806036dab04781ec0afb4f2c91aaf893842140936ecbb479bba7", "settle_steps": 10, "initial_state_sha256": "03c4105ecd55b26fbe28797d41c53b8ec1dc8fdf5c4ce305c9d0c60eb36c19c3"}
Episodes:  75%|███████▌  | 3/4 [05:07<01:55, 115.60s/it]FP4VLA_EPISODE_RESET {"event": "reset", "task_name": "LIVING_ROOM_SCENE1_put_both_the_alphabet_soup_and_the_cream_cheese_box_in_the_basket", "episode_index": 4, "seed": 967004, "task_id": 7, "init_state_index": 20, "init_state_bank_size": 50, "init_state_bank_sha256": "2113ea5923fcbbe1b57b428383934496072f062729d0b72d3021573d55d25abc", "restored_state_sha256": "f7bc0934e7e293a6a0766c7b475340ee7491ec8854b986d8498320aadd6f5369", "settle_steps": 10, "initial_state_sha256": "76acf99bc6058213aaf9fcc52193d725dbd8c9946064dbe986d7004afdfe1d39"}
Episodes: 100%|██████████| 4/4 [06:12<00:00, 95.79s/it] FP4VLA_EPISODE_RESET {"event": "reset", "task_name": "LIVING_ROOM_SCENE1_put_both_the_alphabet_soup_and_the_cream_cheese_box_in_the_basket", "episode_index": 5, "seed": 967005, "task_id": 7, "init_state_index": 21, "init_state_bank_size": 50, "init_state_bank_sha256": "2113ea5923fcbbe1b57b428383934496072f062729d0b72d3021573d55d25abc", "restored_state_sha256": "f074e7906fa9e43a51a8b324f3d3fe7e16ff19d95f4046d8559b45542ca69e5a", "settle_steps": 10, "initial_state_sha256": "79444eae43d8c5150a42f7b0fbac771aab4ce1de57b9fe54b8f447f5f0bffefc"}
Episodes: 100%|██████████| 4/4 [06:14<00:00, 93.61s/it]
Collecting 4 episodes took 379.25567722320557 seconds
Video saved to:  /home/zhaosiying/codebase/fp4vla/results/ptqad_20261003/v11_recovery_r4/artifacts/collection_qad/videos/LIVING_ROOM_SCENE1_put_both_the_alphabet_soup_and_the_cream_cheese_box_in_the_basket
results:  ('libero_sim/LIVING_ROOM_SCENE1_put_both_the_alphabet_soup_and_the_cream_cheese_box_in_the_basket', [True, True, False, True], {'episode_lengths': [241, 280, 720, 255], 'episode_rewards': [1.0, 1.0, 0.0, 1.0]})
success rate:  0.75
