[robosuite WARNING] No private macro file found! (__init__.py:7)
[robosuite WARNING] It is recommended to use a private macro file (__init__.py:8)
[robosuite WARNING] To setup, run: python /home/zhaosiying/codebase/groot-fsdp2/Isaac-GR00T/gr00t/eval/sim/LIBERO/libero_uv/.venv/lib/python3.12/site-packages/robosuite/scripts/setup_macros.py (__init__.py:9)
Gym has been unmaintained since 2022 and does not support NumPy 2.0 amongst other critical functionality.
Please upgrade to Gymnasium, the maintained drop-in replacement of Gym, or contact the authors of your software and request that they upgrade.
See the migration guide at https://gymnasium.farama.org/introduction/migration_guide/ for additional information.
[info] using task orders [0, 1, 2, 3, 4, 5, 6, 7, 8, 9]
[Warning]: datasets path /home/zhaosiying/codebase/groot-fsdp2/Isaac-GR00T/external_dependencies/LIBERO/libero/libero/../datasets does not exist!
Running collecting 2 episodes for libero_sim/LIVING_ROOM_SCENE5_put_the_white_mug_on_the_left_plate_and_put_the_yellow_and_white_mug_on_the_right_plate with 1 vec envs
[info] using task orders [0, 1, 2, 3, 4, 5, 6, 7, 8, 9]
[info] using task orders [0, 1, 2, 3, 4, 5, 6, 7, 8, 9]
[info] using task orders [0, 1, 2, 3, 4, 5, 6, 7, 8, 9]
[info] using task orders [0, 1, 2, 3, 4, 5, 6, 7, 8, 9]
FP4VLA_EPISODE_RESET {"episode_index": 0, "seed": 114000, "task_id": 4, "init_state_index": 2, "init_state_bank_size": 50, "init_state_bank_sha256": "b6f20784b381c75d715f4fdaadda1fb460cbe24adcbad76f381a009419b8474e", "restored_state_sha256": "1d2fdd615bb32a097ad2781dd5e9203104555e54521dd9bce6eacbb5bf718e33", "settle_steps": 10, "initial_state_sha256": "39d9a37ebab3645267ca69e17a8d3bab8f87d4766331b73323004383c16f39c6"}
/home/zhaosiying/codebase/groot-fsdp2/Isaac-GR00T/gr00t/eval/sim/LIBERO/libero_uv/.venv/lib/python3.12/site-packages/gymnasium/utils/passive_env_checker.py:159: UserWarning: [33mWARN: The obs returned by the `reset()` method is not within the observation space.[0m
  logger.warn(f"{pre} is not within the observation space.")
/home/zhaosiying/codebase/groot-fsdp2/Isaac-GR00T/gr00t/eval/sim/LIBERO/libero_uv/.venv/lib/python3.12/site-packages/gymnasium/utils/passive_env_checker.py:135: UserWarning: [33mWARN: The obs returned by the `reset()` method was expecting numpy array dtype to be float32, actual type: float64[0m
  logger.warn(
/home/zhaosiying/codebase/groot-fsdp2/Isaac-GR00T/gr00t/eval/sim/LIBERO/libero_uv/.venv/lib/python3.12/site-packages/gymnasium/utils/passive_env_checker.py:131: UserWarning: [33mWARN: The obs returned by the `reset()` method was expecting a numpy array, actual type: <class 'list'>[0m
  logger.warn(
/home/zhaosiying/codebase/groot-fsdp2/Isaac-GR00T/gr00t/eval/sim/LIBERO/libero_uv/.venv/lib/python3.12/site-packages/gymnasium/spaces/box.py:240: UserWarning: [33mWARN: Casting input x to numpy array.[0m
  gym.logger.warn("Casting input x to numpy array.")
Episodes:   0%|          | 0/2 [00:00<?, ?it/s]/home/zhaosiying/codebase/groot-fsdp2/Isaac-GR00T/gr00t/eval/sim/LIBERO/libero_uv/.venv/lib/python3.12/site-packages/gymnasium/utils/passive_env_checker.py:159: UserWarning: [33mWARN: The obs returned by the `step()` method is not within the observation space.[0m
  logger.warn(f"{pre} is not within the observation space.")
/home/zhaosiying/codebase/groot-fsdp2/Isaac-GR00T/gr00t/eval/sim/LIBERO/libero_uv/.venv/lib/python3.12/site-packages/gymnasium/utils/passive_env_checker.py:135: UserWarning: [33mWARN: The obs returned by the `step()` method was expecting numpy array dtype to be float32, actual type: float64[0m
  logger.warn(
/home/zhaosiying/codebase/groot-fsdp2/Isaac-GR00T/gr00t/eval/sim/LIBERO/libero_uv/.venv/lib/python3.12/site-packages/gymnasium/utils/passive_env_checker.py:131: UserWarning: [33mWARN: The obs returned by the `step()` method was expecting a numpy array, actual type: <class 'list'>[0m
  logger.warn(
FP4VLA_EPISODE_RESET {"episode_index": 1, "seed": 114001, "task_id": 4, "init_state_index": 3, "init_state_bank_size": 50, "init_state_bank_sha256": "b6f20784b381c75d715f4fdaadda1fb460cbe24adcbad76f381a009419b8474e", "restored_state_sha256": "79a2ec18a6067d027a62de697a1931bf818dffc4dd7572c39c4426e122bd35d0", "settle_steps": 10, "initial_state_sha256": "09c7167850d7c71338b46ee1c5a11a0fa8ecf472298b5a5a0f16820944640858"}
Episodes:  50%|█████     | 1/2 [00:18<00:18, 18.25s/it]FP4VLA_EPISODE_RESET {"episode_index": 2, "seed": 114002, "task_id": 4, "init_state_index": 2, "init_state_bank_size": 50, "init_state_bank_sha256": "b6f20784b381c75d715f4fdaadda1fb460cbe24adcbad76f381a009419b8474e", "restored_state_sha256": "1d2fdd615bb32a097ad2781dd5e9203104555e54521dd9bce6eacbb5bf718e33", "settle_steps": 10, "initial_state_sha256": "39d9a37ebab3645267ca69e17a8d3bab8f87d4766331b73323004383c16f39c6"}
Episodes: 100%|██████████| 2/2 [00:35<00:00, 17.82s/it]FP4VLA_EPISODE_RESET {"episode_index": 3, "seed": 114003, "task_id": 4, "init_state_index": 3, "init_state_bank_size": 50, "init_state_bank_sha256": "b6f20784b381c75d715f4fdaadda1fb460cbe24adcbad76f381a009419b8474e", "restored_state_sha256": "79a2ec18a6067d027a62de697a1931bf818dffc4dd7572c39c4426e122bd35d0", "settle_steps": 10, "initial_state_sha256": "09c7167850d7c71338b46ee1c5a11a0fa8ecf472298b5a5a0f16820944640858"}
Episodes: 100%|██████████| 2/2 [00:37<00:00, 18.86s/it]
Collecting 2 episodes took 43.00731945037842 seconds
Video saved to:  /home/zhaosiying/codebase/fp4vla/results/ptqad_20260929/round1/collection/videos/LIVING_ROOM_SCENE5_put_the_white_mug_on_the_left_plate_and_put_the_yellow_and_white_mug_on_the_right_plate
results:  ('libero_sim/LIVING_ROOM_SCENE5_put_the_white_mug_on_the_left_plate_and_put_the_yellow_and_white_mug_on_the_right_plate', [True, True], {'episode_lengths': [230, 232], 'episode_rewards': [1.0, 1.0]})
success rate:  1.0
