[robosuite WARNING] No private macro file found! (__init__.py:7)
[robosuite WARNING] It is recommended to use a private macro file (__init__.py:8)
[robosuite WARNING] To setup, run: python /home/zhaosiying/codebase/groot-fsdp2/Isaac-GR00T/gr00t/eval/sim/LIBERO/libero_uv/.venv/lib/python3.12/site-packages/robosuite/scripts/setup_macros.py (__init__.py:9)
Gym has been unmaintained since 2022 and does not support NumPy 2.0 amongst other critical functionality.
Please upgrade to Gymnasium, the maintained drop-in replacement of Gym, or contact the authors of your software and request that they upgrade.
See the migration guide at https://gymnasium.farama.org/introduction/migration_guide/ for additional information.
[info] using task orders [0, 1, 2, 3, 4, 5, 6, 7, 8, 9]
[Warning]: datasets path /home/zhaosiying/codebase/groot-fsdp2/Isaac-GR00T/external_dependencies/LIBERO/libero/libero/../datasets does not exist!
Running collecting 5 episodes for libero_sim/LIVING_ROOM_SCENE2_put_both_the_cream_cheese_box_and_the_butter_in_the_basket with 1 vec envs
[info] using task orders [0, 1, 2, 3, 4, 5, 6, 7, 8, 9]
[info] using task orders [0, 1, 2, 3, 4, 5, 6, 7, 8, 9]
[info] using task orders [0, 1, 2, 3, 4, 5, 6, 7, 8, 9]
[info] using task orders [0, 1, 2, 3, 4, 5, 6, 7, 8, 9]
FP4VLA_EPISODE_RESET {"event": "reset", "task_name": "LIVING_ROOM_SCENE2_put_both_the_cream_cheese_box_and_the_butter_in_the_basket", "episode_index": 0, "seed": 941000, "task_id": 1, "init_state_index": 4, "init_state_bank_size": 50, "init_state_bank_sha256": "f8ac06ea8f43bb328d40cba1e6a9767da2f8f5386fd7ff3f845c64a96bf6d2ce", "restored_state_sha256": "d2cecde6c34039556fadf729cf7eb15d628b42094f6f0c092d9969c9cf659856", "settle_steps": 10, "initial_state_sha256": "c48f497cc9cda806b9189afa7b23fff8d9d35312076e5e5c1ba0075742362c65"}
/home/zhaosiying/codebase/groot-fsdp2/Isaac-GR00T/gr00t/eval/sim/LIBERO/libero_uv/.venv/lib/python3.12/site-packages/gymnasium/utils/passive_env_checker.py:159: UserWarning: [33mWARN: The obs returned by the `reset()` method is not within the observation space.[0m
  logger.warn(f"{pre} is not within the observation space.")
/home/zhaosiying/codebase/groot-fsdp2/Isaac-GR00T/gr00t/eval/sim/LIBERO/libero_uv/.venv/lib/python3.12/site-packages/gymnasium/utils/passive_env_checker.py:135: UserWarning: [33mWARN: The obs returned by the `reset()` method was expecting numpy array dtype to be float32, actual type: float64[0m
  logger.warn(
/home/zhaosiying/codebase/groot-fsdp2/Isaac-GR00T/gr00t/eval/sim/LIBERO/libero_uv/.venv/lib/python3.12/site-packages/gymnasium/utils/passive_env_checker.py:131: UserWarning: [33mWARN: The obs returned by the `reset()` method was expecting a numpy array, actual type: <class 'list'>[0m
  logger.warn(
/home/zhaosiying/codebase/groot-fsdp2/Isaac-GR00T/gr00t/eval/sim/LIBERO/libero_uv/.venv/lib/python3.12/site-packages/gymnasium/spaces/box.py:240: UserWarning: [33mWARN: Casting input x to numpy array.[0m
  gym.logger.warn("Casting input x to numpy array.")
Episodes:   0%|          | 0/5 [00:00<?, ?it/s]/home/zhaosiying/codebase/groot-fsdp2/Isaac-GR00T/gr00t/eval/sim/LIBERO/libero_uv/.venv/lib/python3.12/site-packages/gymnasium/utils/passive_env_checker.py:159: UserWarning: [33mWARN: The obs returned by the `step()` method is not within the observation space.[0m
  logger.warn(f"{pre} is not within the observation space.")
/home/zhaosiying/codebase/groot-fsdp2/Isaac-GR00T/gr00t/eval/sim/LIBERO/libero_uv/.venv/lib/python3.12/site-packages/gymnasium/utils/passive_env_checker.py:135: UserWarning: [33mWARN: The obs returned by the `step()` method was expecting numpy array dtype to be float32, actual type: float64[0m
  logger.warn(
/home/zhaosiying/codebase/groot-fsdp2/Isaac-GR00T/gr00t/eval/sim/LIBERO/libero_uv/.venv/lib/python3.12/site-packages/gymnasium/utils/passive_env_checker.py:131: UserWarning: [33mWARN: The obs returned by the `step()` method was expecting a numpy array, actual type: <class 'list'>[0m
  logger.warn(
FP4VLA_EPISODE_RESET {"event": "reset", "task_name": "LIVING_ROOM_SCENE2_put_both_the_cream_cheese_box_and_the_butter_in_the_basket", "episode_index": 1, "seed": 941001, "task_id": 1, "init_state_index": 5, "init_state_bank_size": 50, "init_state_bank_sha256": "f8ac06ea8f43bb328d40cba1e6a9767da2f8f5386fd7ff3f845c64a96bf6d2ce", "restored_state_sha256": "aa1da52eec914be753dd1d28808fa4e723a33337cfd44145c6be3d936f691819", "settle_steps": 10, "initial_state_sha256": "1a11f3aaee9edcd52e091d5e2673cc2d43b6b1e1b72bc7acab160c850fed8d4b"}
Episodes:  20%|██        | 1/5 [00:29<01:58, 29.53s/it]FP4VLA_EPISODE_RESET {"event": "reset", "task_name": "LIVING_ROOM_SCENE2_put_both_the_cream_cheese_box_and_the_butter_in_the_basket", "episode_index": 2, "seed": 941002, "task_id": 1, "init_state_index": 6, "init_state_bank_size": 50, "init_state_bank_sha256": "f8ac06ea8f43bb328d40cba1e6a9767da2f8f5386fd7ff3f845c64a96bf6d2ce", "restored_state_sha256": "c97695203f6f68548cd3a01f4999fb104c063f26046958e3999869e186e67776", "settle_steps": 10, "initial_state_sha256": "f3a7b86a553ea5eeb8d23ecea8b70132fc24083919ee53908221bd5af591d96a"}
Episodes:  40%|████      | 2/5 [00:58<01:28, 29.47s/it]FP4VLA_EPISODE_RESET {"event": "reset", "task_name": "LIVING_ROOM_SCENE2_put_both_the_cream_cheese_box_and_the_butter_in_the_basket", "episode_index": 3, "seed": 941003, "task_id": 1, "init_state_index": 7, "init_state_bank_size": 50, "init_state_bank_sha256": "f8ac06ea8f43bb328d40cba1e6a9767da2f8f5386fd7ff3f845c64a96bf6d2ce", "restored_state_sha256": "dab0cffccccc9d31935645ecba55dab26d4c77b8c2271da415ffb527be3c2e95", "settle_steps": 10, "initial_state_sha256": "a7ac2ac4c141d8be8e8061facd8793f1f9b665742e1a245184569ca173fe9f28"}
Episodes:  60%|██████    | 3/5 [01:31<01:02, 31.01s/it]FP4VLA_EPISODE_RESET {"event": "reset", "task_name": "LIVING_ROOM_SCENE2_put_both_the_cream_cheese_box_and_the_butter_in_the_basket", "episode_index": 4, "seed": 941004, "task_id": 1, "init_state_index": 8, "init_state_bank_size": 50, "init_state_bank_sha256": "f8ac06ea8f43bb328d40cba1e6a9767da2f8f5386fd7ff3f845c64a96bf6d2ce", "restored_state_sha256": "a050294b0ce5aa4a4c97f2be1b3b9156d37c0d7ba90128e8f1f7b24de759e1ad", "settle_steps": 10, "initial_state_sha256": "ca1f45a1ee4eefe24f012016776fa78a8de3fe3bc12e38062700adae0aa7c634"}
Episodes:  80%|████████  | 4/5 [01:59<00:29, 29.78s/it]FP4VLA_EPISODE_RESET {"event": "reset", "task_name": "LIVING_ROOM_SCENE2_put_both_the_cream_cheese_box_and_the_butter_in_the_basket", "episode_index": 5, "seed": 941005, "task_id": 1, "init_state_index": 4, "init_state_bank_size": 50, "init_state_bank_sha256": "f8ac06ea8f43bb328d40cba1e6a9767da2f8f5386fd7ff3f845c64a96bf6d2ce", "restored_state_sha256": "d2cecde6c34039556fadf729cf7eb15d628b42094f6f0c092d9969c9cf659856", "settle_steps": 10, "initial_state_sha256": "e524e3134c44dc6b4e0d8d3c44e75f683f0548688219a53f9e0af35027240ed3"}
Episodes: 100%|██████████| 5/5 [02:40<00:00, 33.90s/it]FP4VLA_EPISODE_RESET {"event": "reset", "task_name": "LIVING_ROOM_SCENE2_put_both_the_cream_cheese_box_and_the_butter_in_the_basket", "episode_index": 6, "seed": 941006, "task_id": 1, "init_state_index": 5, "init_state_bank_size": 50, "init_state_bank_sha256": "f8ac06ea8f43bb328d40cba1e6a9767da2f8f5386fd7ff3f845c64a96bf6d2ce", "restored_state_sha256": "aa1da52eec914be753dd1d28808fa4e723a33337cfd44145c6be3d936f691819", "settle_steps": 10, "initial_state_sha256": "b1b45cca6f53ce40d6943a1f2054aec21424cbd0226e0217ad4677e5502e463c"}
Episodes: 100%|██████████| 5/5 [02:43<00:00, 32.64s/it]
Collecting 5 episodes took 168.83849215507507 seconds
Video saved to:  /home/zhaosiying/codebase/fp4vla/results/ptqad_20261003/w4a4_dev_bf16_v11/videos/LIVING_ROOM_SCENE2_put_both_the_cream_cheese_box_and_the_butter_in_the_basket
results:  ('libero_sim/LIVING_ROOM_SCENE2_put_both_the_cream_cheese_box_and_the_butter_in_the_basket', [True, True, True, True, True], {'episode_lengths': [250, 254, 287, 239, 376], 'episode_rewards': [1.0, 1.0, 1.0, 1.0, 1.0]})
success rate:  1.0
