[robosuite WARNING] No private macro file found! (__init__.py:7)
[robosuite WARNING] It is recommended to use a private macro file (__init__.py:8)
[robosuite WARNING] To setup, run: python /home/zhaosiying/codebase/groot-fsdp2/Isaac-GR00T/gr00t/eval/sim/LIBERO/libero_uv/.venv/lib/python3.12/site-packages/robosuite/scripts/setup_macros.py (__init__.py:9)
Gym has been unmaintained since 2022 and does not support NumPy 2.0 amongst other critical functionality.
Please upgrade to Gymnasium, the maintained drop-in replacement of Gym, or contact the authors of your software and request that they upgrade.
See the migration guide at https://gymnasium.farama.org/introduction/migration_guide/ for additional information.
[info] using task orders [0, 1, 2, 3, 4, 5, 6, 7, 8, 9]
[Warning]: datasets path /home/zhaosiying/codebase/groot-fsdp2/Isaac-GR00T/external_dependencies/LIBERO/libero/libero/../datasets does not exist!
Running collecting 5 episodes for libero_sim/LIVING_ROOM_SCENE6_put_the_white_mug_on_the_plate_and_put_the_chocolate_pudding_to_the_right_of_the_plate with 1 vec envs
[info] using task orders [0, 1, 2, 3, 4, 5, 6, 7, 8, 9]
[info] using task orders [0, 1, 2, 3, 4, 5, 6, 7, 8, 9]
[info] using task orders [0, 1, 2, 3, 4, 5, 6, 7, 8, 9]
[info] using task orders [0, 1, 2, 3, 4, 5, 6, 7, 8, 9]
FP4VLA_EPISODE_RESET {"event": "reset", "task_name": "LIVING_ROOM_SCENE6_put_the_white_mug_on_the_plate_and_put_the_chocolate_pudding_to_the_right_of_the_plate", "episode_index": 0, "seed": 946000, "task_id": 6, "init_state_index": 4, "init_state_bank_size": 50, "init_state_bank_sha256": "6e811394c4ff9a43ae23515d8512e9b657c04344b94dd5baed121b595490514f", "restored_state_sha256": "b0fe30015c5ff58f4b9263d20fdfb51c6a5502097b37ce75a34fb44ce7ba4fbd", "settle_steps": 10, "initial_state_sha256": "7f984e0dc72378a22845369edbe2a86d8be67ec5d99a1f55a21d390e331e4549"}
/home/zhaosiying/codebase/groot-fsdp2/Isaac-GR00T/gr00t/eval/sim/LIBERO/libero_uv/.venv/lib/python3.12/site-packages/gymnasium/utils/passive_env_checker.py:159: UserWarning: [33mWARN: The obs returned by the `reset()` method is not within the observation space.[0m
  logger.warn(f"{pre} is not within the observation space.")
/home/zhaosiying/codebase/groot-fsdp2/Isaac-GR00T/gr00t/eval/sim/LIBERO/libero_uv/.venv/lib/python3.12/site-packages/gymnasium/utils/passive_env_checker.py:135: UserWarning: [33mWARN: The obs returned by the `reset()` method was expecting numpy array dtype to be float32, actual type: float64[0m
  logger.warn(
/home/zhaosiying/codebase/groot-fsdp2/Isaac-GR00T/gr00t/eval/sim/LIBERO/libero_uv/.venv/lib/python3.12/site-packages/gymnasium/utils/passive_env_checker.py:131: UserWarning: [33mWARN: The obs returned by the `reset()` method was expecting a numpy array, actual type: <class 'list'>[0m
  logger.warn(
/home/zhaosiying/codebase/groot-fsdp2/Isaac-GR00T/gr00t/eval/sim/LIBERO/libero_uv/.venv/lib/python3.12/site-packages/gymnasium/spaces/box.py:240: UserWarning: [33mWARN: Casting input x to numpy array.[0m
  gym.logger.warn("Casting input x to numpy array.")
Episodes:   0%|          | 0/5 [00:00<?, ?it/s]/home/zhaosiying/codebase/groot-fsdp2/Isaac-GR00T/gr00t/eval/sim/LIBERO/libero_uv/.venv/lib/python3.12/site-packages/gymnasium/utils/passive_env_checker.py:159: UserWarning: [33mWARN: The obs returned by the `step()` method is not within the observation space.[0m
  logger.warn(f"{pre} is not within the observation space.")
/home/zhaosiying/codebase/groot-fsdp2/Isaac-GR00T/gr00t/eval/sim/LIBERO/libero_uv/.venv/lib/python3.12/site-packages/gymnasium/utils/passive_env_checker.py:135: UserWarning: [33mWARN: The obs returned by the `step()` method was expecting numpy array dtype to be float32, actual type: float64[0m
  logger.warn(
/home/zhaosiying/codebase/groot-fsdp2/Isaac-GR00T/gr00t/eval/sim/LIBERO/libero_uv/.venv/lib/python3.12/site-packages/gymnasium/utils/passive_env_checker.py:131: UserWarning: [33mWARN: The obs returned by the `step()` method was expecting a numpy array, actual type: <class 'list'>[0m
  logger.warn(
FP4VLA_EPISODE_RESET {"event": "reset", "task_name": "LIVING_ROOM_SCENE6_put_the_white_mug_on_the_plate_and_put_the_chocolate_pudding_to_the_right_of_the_plate", "episode_index": 1, "seed": 946001, "task_id": 6, "init_state_index": 5, "init_state_bank_size": 50, "init_state_bank_sha256": "6e811394c4ff9a43ae23515d8512e9b657c04344b94dd5baed121b595490514f", "restored_state_sha256": "12a6a2fbf64738073c60f4e10097f146d657e83132350d07d80cf5e2ccb879a4", "settle_steps": 10, "initial_state_sha256": "bee14b563b209176126c64dcbedb2033a9e5c5611c1e46e52d87b1ad621e0afa"}
Episodes:  20%|██        | 1/5 [01:00<04:00, 60.01s/it]FP4VLA_EPISODE_RESET {"event": "reset", "task_name": "LIVING_ROOM_SCENE6_put_the_white_mug_on_the_plate_and_put_the_chocolate_pudding_to_the_right_of_the_plate", "episode_index": 2, "seed": 946002, "task_id": 6, "init_state_index": 6, "init_state_bank_size": 50, "init_state_bank_sha256": "6e811394c4ff9a43ae23515d8512e9b657c04344b94dd5baed121b595490514f", "restored_state_sha256": "5226a0b88202091bea5c3764710e204eb054b3a8bc9d93ea84cc31b0840e3ed0", "settle_steps": 10, "initial_state_sha256": "659cfbb3cc3b21f3eda2f90a3b6dc022658cabd99c3a3aed8940e491756e71eb"}
Episodes:  40%|████      | 2/5 [02:07<03:14, 64.67s/it]FP4VLA_EPISODE_RESET {"event": "reset", "task_name": "LIVING_ROOM_SCENE6_put_the_white_mug_on_the_plate_and_put_the_chocolate_pudding_to_the_right_of_the_plate", "episode_index": 3, "seed": 946003, "task_id": 6, "init_state_index": 7, "init_state_bank_size": 50, "init_state_bank_sha256": "6e811394c4ff9a43ae23515d8512e9b657c04344b94dd5baed121b595490514f", "restored_state_sha256": "602ccd5d05a156d926e058b26858a9b05931bd63b2fbf9ab33137d5599c9662b", "settle_steps": 10, "initial_state_sha256": "437b0190bc39ac72e856b55e0c70eef9b6968ac46fecda81c226af30e9df6157"}
Episodes:  60%|██████    | 3/5 [03:20<02:16, 68.05s/it]FP4VLA_EPISODE_RESET {"event": "reset", "task_name": "LIVING_ROOM_SCENE6_put_the_white_mug_on_the_plate_and_put_the_chocolate_pudding_to_the_right_of_the_plate", "episode_index": 4, "seed": 946004, "task_id": 6, "init_state_index": 8, "init_state_bank_size": 50, "init_state_bank_sha256": "6e811394c4ff9a43ae23515d8512e9b657c04344b94dd5baed121b595490514f", "restored_state_sha256": "aa1965fc15a74facf7c57e306316cd71c2422242a2c2ec69bac3c6c27c177f3d", "settle_steps": 10, "initial_state_sha256": "f418d21f06fa29fdfb07f07b777ef28533d96754d99317ee77b9e83a13a3bb10"}
Episodes:  80%|████████  | 4/5 [04:35<01:10, 70.81s/it]FP4VLA_EPISODE_RESET {"event": "reset", "task_name": "LIVING_ROOM_SCENE6_put_the_white_mug_on_the_plate_and_put_the_chocolate_pudding_to_the_right_of_the_plate", "episode_index": 5, "seed": 946005, "task_id": 6, "init_state_index": 4, "init_state_bank_size": 50, "init_state_bank_sha256": "6e811394c4ff9a43ae23515d8512e9b657c04344b94dd5baed121b595490514f", "restored_state_sha256": "b0fe30015c5ff58f4b9263d20fdfb51c6a5502097b37ce75a34fb44ce7ba4fbd", "settle_steps": 10, "initial_state_sha256": "7f984e0dc72378a22845369edbe2a86d8be67ec5d99a1f55a21d390e331e4549"}
Episodes: 100%|██████████| 5/5 [05:29<00:00, 64.97s/it]FP4VLA_EPISODE_RESET {"event": "reset", "task_name": "LIVING_ROOM_SCENE6_put_the_white_mug_on_the_plate_and_put_the_chocolate_pudding_to_the_right_of_the_plate", "episode_index": 6, "seed": 946006, "task_id": 6, "init_state_index": 5, "init_state_bank_size": 50, "init_state_bank_sha256": "6e811394c4ff9a43ae23515d8512e9b657c04344b94dd5baed121b595490514f", "restored_state_sha256": "12a6a2fbf64738073c60f4e10097f146d657e83132350d07d80cf5e2ccb879a4", "settle_steps": 10, "initial_state_sha256": "bee14b563b209176126c64dcbedb2033a9e5c5611c1e46e52d87b1ad621e0afa"}
Episodes: 100%|██████████| 5/5 [05:31<00:00, 66.30s/it]
Collecting 5 episodes took 336.4630262851715 seconds
Video saved to:  /home/zhaosiying/codebase/fp4vla/results/ptqad_20261003/v11_recovery_r4/artifacts/dev_opd_025/videos/LIVING_ROOM_SCENE6_put_the_white_mug_on_the_plate_and_put_the_chocolate_pudding_to_the_right_of_the_plate
results:  ('libero_sim/LIVING_ROOM_SCENE6_put_the_white_mug_on_the_plate_and_put_the_chocolate_pudding_to_the_right_of_the_plate', [True, True, True, True, True], {'episode_lengths': [235, 278, 296, 305, 221], 'episode_rewards': [1.0, 1.0, 1.0, 1.0, 1.0]})
success rate:  1.0
