[robosuite WARNING] No private macro file found! (__init__.py:7)
[robosuite WARNING] It is recommended to use a private macro file (__init__.py:8)
[robosuite WARNING] To setup, run: python /home/zhaosiying/codebase/groot-fsdp2/Isaac-GR00T/gr00t/eval/sim/LIBERO/libero_uv/.venv/lib/python3.12/site-packages/robosuite/scripts/setup_macros.py (__init__.py:9)
Gym has been unmaintained since 2022 and does not support NumPy 2.0 amongst other critical functionality.
Please upgrade to Gymnasium, the maintained drop-in replacement of Gym, or contact the authors of your software and request that they upgrade.
See the migration guide at https://gymnasium.farama.org/introduction/migration_guide/ for additional information.
[info] using task orders [0, 1, 2, 3, 4, 5, 6, 7, 8, 9]
[Warning]: datasets path /home/zhaosiying/codebase/groot-fsdp2/Isaac-GR00T/external_dependencies/LIBERO/libero/libero/../datasets does not exist!
Running collecting 5 episodes for libero_sim/KITCHEN_SCENE8_put_both_moka_pots_on_the_stove with 1 vec envs
[info] using task orders [0, 1, 2, 3, 4, 5, 6, 7, 8, 9]
[info] using task orders [0, 1, 2, 3, 4, 5, 6, 7, 8, 9]
[info] using task orders [0, 1, 2, 3, 4, 5, 6, 7, 8, 9]
[info] using task orders [0, 1, 2, 3, 4, 5, 6, 7, 8, 9]
FP4VLA_EPISODE_RESET {"event": "reset", "task_name": "KITCHEN_SCENE8_put_both_moka_pots_on_the_stove", "episode_index": 0, "seed": 948000, "task_id": 8, "init_state_index": 4, "init_state_bank_size": 50, "init_state_bank_sha256": "44f992e911c84a1340589510ecdaf947a4872966f7678c8364d8bb5d13dc4dac", "restored_state_sha256": "02b2b6ed14553a05557e097c0a838ce6f5d5aa05c839844aef81678752dace65", "settle_steps": 10, "initial_state_sha256": "194575f4e5334f105bad07993daa581f364f09b7a0ece5bb75e8a6385b1d13bd"}
/home/zhaosiying/codebase/groot-fsdp2/Isaac-GR00T/gr00t/eval/sim/LIBERO/libero_uv/.venv/lib/python3.12/site-packages/gymnasium/utils/passive_env_checker.py:159: UserWarning: [33mWARN: The obs returned by the `reset()` method is not within the observation space.[0m
  logger.warn(f"{pre} is not within the observation space.")
/home/zhaosiying/codebase/groot-fsdp2/Isaac-GR00T/gr00t/eval/sim/LIBERO/libero_uv/.venv/lib/python3.12/site-packages/gymnasium/utils/passive_env_checker.py:135: UserWarning: [33mWARN: The obs returned by the `reset()` method was expecting numpy array dtype to be float32, actual type: float64[0m
  logger.warn(
/home/zhaosiying/codebase/groot-fsdp2/Isaac-GR00T/gr00t/eval/sim/LIBERO/libero_uv/.venv/lib/python3.12/site-packages/gymnasium/utils/passive_env_checker.py:131: UserWarning: [33mWARN: The obs returned by the `reset()` method was expecting a numpy array, actual type: <class 'list'>[0m
  logger.warn(
/home/zhaosiying/codebase/groot-fsdp2/Isaac-GR00T/gr00t/eval/sim/LIBERO/libero_uv/.venv/lib/python3.12/site-packages/gymnasium/spaces/box.py:240: UserWarning: [33mWARN: Casting input x to numpy array.[0m
  gym.logger.warn("Casting input x to numpy array.")
Episodes:   0%|          | 0/5 [00:00<?, ?it/s]/home/zhaosiying/codebase/groot-fsdp2/Isaac-GR00T/gr00t/eval/sim/LIBERO/libero_uv/.venv/lib/python3.12/site-packages/gymnasium/utils/passive_env_checker.py:159: UserWarning: [33mWARN: The obs returned by the `step()` method is not within the observation space.[0m
  logger.warn(f"{pre} is not within the observation space.")
/home/zhaosiying/codebase/groot-fsdp2/Isaac-GR00T/gr00t/eval/sim/LIBERO/libero_uv/.venv/lib/python3.12/site-packages/gymnasium/utils/passive_env_checker.py:135: UserWarning: [33mWARN: The obs returned by the `step()` method was expecting numpy array dtype to be float32, actual type: float64[0m
  logger.warn(
/home/zhaosiying/codebase/groot-fsdp2/Isaac-GR00T/gr00t/eval/sim/LIBERO/libero_uv/.venv/lib/python3.12/site-packages/gymnasium/utils/passive_env_checker.py:131: UserWarning: [33mWARN: The obs returned by the `step()` method was expecting a numpy array, actual type: <class 'list'>[0m
  logger.warn(
FP4VLA_EPISODE_RESET {"event": "reset", "task_name": "KITCHEN_SCENE8_put_both_moka_pots_on_the_stove", "episode_index": 1, "seed": 948001, "task_id": 8, "init_state_index": 5, "init_state_bank_size": 50, "init_state_bank_sha256": "44f992e911c84a1340589510ecdaf947a4872966f7678c8364d8bb5d13dc4dac", "restored_state_sha256": "e7fb21bd2cc5f8edf289e64af08c735ef7d9d8f02d47ab96a1a386ab08fb313b", "settle_steps": 10, "initial_state_sha256": "57d92ea6e635e24347ca59bc5e3ae5cfdb6e685805f305b19703f71fcc73637a"}
Episodes:  20%|██        | 1/5 [02:32<10:08, 152.04s/it]FP4VLA_EPISODE_RESET {"event": "reset", "task_name": "KITCHEN_SCENE8_put_both_moka_pots_on_the_stove", "episode_index": 2, "seed": 948002, "task_id": 8, "init_state_index": 6, "init_state_bank_size": 50, "init_state_bank_sha256": "44f992e911c84a1340589510ecdaf947a4872966f7678c8364d8bb5d13dc4dac", "restored_state_sha256": "4aa16605c3cd7b8e942c725403293a65ac3d6f12b830efab8ca18aa3fe394fdc", "settle_steps": 10, "initial_state_sha256": "8073562b63897205147cfac9cd3e546fb16747f2fb1f640702db877a4239ca21"}
Episodes:  40%|████      | 2/5 [06:33<10:14, 204.89s/it]FP4VLA_EPISODE_RESET {"event": "reset", "task_name": "KITCHEN_SCENE8_put_both_moka_pots_on_the_stove", "episode_index": 3, "seed": 948003, "task_id": 8, "init_state_index": 7, "init_state_bank_size": 50, "init_state_bank_sha256": "44f992e911c84a1340589510ecdaf947a4872966f7678c8364d8bb5d13dc4dac", "restored_state_sha256": "19bf051ca4e699c4aa6628dafde90172df8794338cfadde5bf646e264e5ac81c", "settle_steps": 10, "initial_state_sha256": "13e19e76c62d883ae9dde8845581e7d853da0e4bd918e7c86cd2aaaa453612c1"}
Episodes:  60%|██████    | 3/5 [08:46<05:43, 171.74s/it]FP4VLA_EPISODE_RESET {"event": "reset", "task_name": "KITCHEN_SCENE8_put_both_moka_pots_on_the_stove", "episode_index": 4, "seed": 948004, "task_id": 8, "init_state_index": 8, "init_state_bank_size": 50, "init_state_bank_sha256": "44f992e911c84a1340589510ecdaf947a4872966f7678c8364d8bb5d13dc4dac", "restored_state_sha256": "1df5361f0d9c46de814aff2e48370f796f08ef4f141cbacf856c45ecf2809e24", "settle_steps": 10, "initial_state_sha256": "cf1128f2369c066e484669a150177a43f6864ff98efc607c79f1a119292fef89"}
Episodes:  80%|████████  | 4/5 [11:10<02:41, 161.03s/it]FP4VLA_EPISODE_RESET {"event": "reset", "task_name": "KITCHEN_SCENE8_put_both_moka_pots_on_the_stove", "episode_index": 5, "seed": 948005, "task_id": 8, "init_state_index": 4, "init_state_bank_size": 50, "init_state_bank_sha256": "44f992e911c84a1340589510ecdaf947a4872966f7678c8364d8bb5d13dc4dac", "restored_state_sha256": "02b2b6ed14553a05557e097c0a838ce6f5d5aa05c839844aef81678752dace65", "settle_steps": 10, "initial_state_sha256": "194575f4e5334f105bad07993daa581f364f09b7a0ece5bb75e8a6385b1d13bd"}
Episodes: 100%|██████████| 5/5 [13:59<00:00, 163.88s/it]FP4VLA_EPISODE_RESET {"event": "reset", "task_name": "KITCHEN_SCENE8_put_both_moka_pots_on_the_stove", "episode_index": 6, "seed": 948006, "task_id": 8, "init_state_index": 5, "init_state_bank_size": 50, "init_state_bank_sha256": "44f992e911c84a1340589510ecdaf947a4872966f7678c8364d8bb5d13dc4dac", "restored_state_sha256": "e7fb21bd2cc5f8edf289e64af08c735ef7d9d8f02d47ab96a1a386ab08fb313b", "settle_steps": 10, "initial_state_sha256": "57d92ea6e635e24347ca59bc5e3ae5cfdb6e685805f305b19703f71fcc73637a"}
Episodes: 100%|██████████| 5/5 [14:01<00:00, 168.40s/it]
Collecting 5 episodes took 846.2648169994354 seconds
Video saved to:  /home/zhaosiying/codebase/fp4vla/results/ptqad_20261003/v11_recovery_r4/artifacts/dev_opd_100/videos/KITCHEN_SCENE8_put_both_moka_pots_on_the_stove
results:  ('libero_sim/KITCHEN_SCENE8_put_both_moka_pots_on_the_stove', [True, False, True, True, True], {'episode_lengths': [422, 720, 403, 444, 501], 'episode_rewards': [1.0, 0.0, 1.0, 1.0, 1.0]})
success rate:  0.8
