[robosuite WARNING] No private macro file found! (__init__.py:7)
[robosuite WARNING] It is recommended to use a private macro file (__init__.py:8)
[robosuite WARNING] To setup, run: python /home/zhaosiying/codebase/groot-fsdp2/Isaac-GR00T/gr00t/eval/sim/LIBERO/libero_uv/.venv/lib/python3.12/site-packages/robosuite/scripts/setup_macros.py (__init__.py:9)
Gym has been unmaintained since 2022 and does not support NumPy 2.0 amongst other critical functionality.
Please upgrade to Gymnasium, the maintained drop-in replacement of Gym, or contact the authors of your software and request that they upgrade.
See the migration guide at https://gymnasium.farama.org/introduction/migration_guide/ for additional information.
[info] using task orders [0, 1, 2, 3, 4, 5, 6, 7, 8, 9]
[Warning]: datasets path /home/zhaosiying/codebase/groot-fsdp2/Isaac-GR00T/external_dependencies/LIBERO/libero/libero/../datasets does not exist!
Running collecting 5 episodes for libero_sim/STUDY_SCENE1_pick_up_the_book_and_place_it_in_the_back_compartment_of_the_caddy with 1 vec envs
[info] using task orders [0, 1, 2, 3, 4, 5, 6, 7, 8, 9]
[info] using task orders [0, 1, 2, 3, 4, 5, 6, 7, 8, 9]
[info] using task orders [0, 1, 2, 3, 4, 5, 6, 7, 8, 9]
[info] using task orders [0, 1, 2, 3, 4, 5, 6, 7, 8, 9]
FP4VLA_EPISODE_RESET {"event": "reset", "task_name": "STUDY_SCENE1_pick_up_the_book_and_place_it_in_the_back_compartment_of_the_caddy", "episode_index": 0, "seed": 945000, "task_id": 5, "init_state_index": 4, "init_state_bank_size": 50, "init_state_bank_sha256": "6cd3937ba18d64e72223222af36888d26ea201840415adbc4dae590454d0a5a8", "restored_state_sha256": "825a43323d564777617871b44f4c0f871a263f5aac13b1d04f204cc4957134e8", "settle_steps": 10, "initial_state_sha256": "941b370406bd8fc6e12c9f1b47605026119a23c95f2f918b3d622cdfba9505c1"}
/home/zhaosiying/codebase/groot-fsdp2/Isaac-GR00T/gr00t/eval/sim/LIBERO/libero_uv/.venv/lib/python3.12/site-packages/gymnasium/utils/passive_env_checker.py:159: UserWarning: [33mWARN: The obs returned by the `reset()` method is not within the observation space.[0m
  logger.warn(f"{pre} is not within the observation space.")
/home/zhaosiying/codebase/groot-fsdp2/Isaac-GR00T/gr00t/eval/sim/LIBERO/libero_uv/.venv/lib/python3.12/site-packages/gymnasium/utils/passive_env_checker.py:135: UserWarning: [33mWARN: The obs returned by the `reset()` method was expecting numpy array dtype to be float32, actual type: float64[0m
  logger.warn(
/home/zhaosiying/codebase/groot-fsdp2/Isaac-GR00T/gr00t/eval/sim/LIBERO/libero_uv/.venv/lib/python3.12/site-packages/gymnasium/utils/passive_env_checker.py:131: UserWarning: [33mWARN: The obs returned by the `reset()` method was expecting a numpy array, actual type: <class 'list'>[0m
  logger.warn(
/home/zhaosiying/codebase/groot-fsdp2/Isaac-GR00T/gr00t/eval/sim/LIBERO/libero_uv/.venv/lib/python3.12/site-packages/gymnasium/spaces/box.py:240: UserWarning: [33mWARN: Casting input x to numpy array.[0m
  gym.logger.warn("Casting input x to numpy array.")
Episodes:   0%|          | 0/5 [00:00<?, ?it/s]/home/zhaosiying/codebase/groot-fsdp2/Isaac-GR00T/gr00t/eval/sim/LIBERO/libero_uv/.venv/lib/python3.12/site-packages/gymnasium/utils/passive_env_checker.py:159: UserWarning: [33mWARN: The obs returned by the `step()` method is not within the observation space.[0m
  logger.warn(f"{pre} is not within the observation space.")
/home/zhaosiying/codebase/groot-fsdp2/Isaac-GR00T/gr00t/eval/sim/LIBERO/libero_uv/.venv/lib/python3.12/site-packages/gymnasium/utils/passive_env_checker.py:135: UserWarning: [33mWARN: The obs returned by the `step()` method was expecting numpy array dtype to be float32, actual type: float64[0m
  logger.warn(
/home/zhaosiying/codebase/groot-fsdp2/Isaac-GR00T/gr00t/eval/sim/LIBERO/libero_uv/.venv/lib/python3.12/site-packages/gymnasium/utils/passive_env_checker.py:131: UserWarning: [33mWARN: The obs returned by the `step()` method was expecting a numpy array, actual type: <class 'list'>[0m
  logger.warn(
FP4VLA_EPISODE_RESET {"event": "reset", "task_name": "STUDY_SCENE1_pick_up_the_book_and_place_it_in_the_back_compartment_of_the_caddy", "episode_index": 1, "seed": 945001, "task_id": 5, "init_state_index": 5, "init_state_bank_size": 50, "init_state_bank_sha256": "6cd3937ba18d64e72223222af36888d26ea201840415adbc4dae590454d0a5a8", "restored_state_sha256": "8e5a64567e7494c932e2b3e66d902342bdacc3b3d4216f9e1c36cf5be49a0acb", "settle_steps": 10, "initial_state_sha256": "804ba138c22c130f8859973fcba056d2ade080677db1bdc02859b19b234fc1ea"}
Episodes:  20%|██        | 1/5 [00:44<02:56, 44.24s/it]FP4VLA_EPISODE_RESET {"event": "reset", "task_name": "STUDY_SCENE1_pick_up_the_book_and_place_it_in_the_back_compartment_of_the_caddy", "episode_index": 2, "seed": 945002, "task_id": 5, "init_state_index": 6, "init_state_bank_size": 50, "init_state_bank_sha256": "6cd3937ba18d64e72223222af36888d26ea201840415adbc4dae590454d0a5a8", "restored_state_sha256": "714bd3564af9500471de00d628f8b6191e6bcd2954d8e3ee9eb6abd2bf67f543", "settle_steps": 10, "initial_state_sha256": "9a2a63b5119c4d9a1b6e5cae7e136a4699e7c9347a366565902510c04c996dfb"}
Episodes:  40%|████      | 2/5 [01:23<02:04, 41.43s/it]FP4VLA_EPISODE_RESET {"event": "reset", "task_name": "STUDY_SCENE1_pick_up_the_book_and_place_it_in_the_back_compartment_of_the_caddy", "episode_index": 3, "seed": 945003, "task_id": 5, "init_state_index": 7, "init_state_bank_size": 50, "init_state_bank_sha256": "6cd3937ba18d64e72223222af36888d26ea201840415adbc4dae590454d0a5a8", "restored_state_sha256": "2f359eaf0499d91a9e34f60059daf9c65b871bdc754a2860f66f07dfd1597fa8", "settle_steps": 10, "initial_state_sha256": "df8c62ef644a2d9795d305b9052516f790a367cd8765c45247fc500524580d65"}
Episodes:  60%|██████    | 3/5 [02:05<01:22, 41.49s/it]FP4VLA_EPISODE_RESET {"event": "reset", "task_name": "STUDY_SCENE1_pick_up_the_book_and_place_it_in_the_back_compartment_of_the_caddy", "episode_index": 4, "seed": 945004, "task_id": 5, "init_state_index": 8, "init_state_bank_size": 50, "init_state_bank_sha256": "6cd3937ba18d64e72223222af36888d26ea201840415adbc4dae590454d0a5a8", "restored_state_sha256": "75a83a20065300d19f7fbb49c3ab5236e56ededda0c2517e27b77c0e1356e23d", "settle_steps": 10, "initial_state_sha256": "e81d5753f14aeb10db62534752fbe838c4dc8bef9709d79d60491e99142752e5"}
Episodes:  80%|████████  | 4/5 [03:11<00:51, 51.30s/it]FP4VLA_EPISODE_RESET {"event": "reset", "task_name": "STUDY_SCENE1_pick_up_the_book_and_place_it_in_the_back_compartment_of_the_caddy", "episode_index": 5, "seed": 945005, "task_id": 5, "init_state_index": 4, "init_state_bank_size": 50, "init_state_bank_sha256": "6cd3937ba18d64e72223222af36888d26ea201840415adbc4dae590454d0a5a8", "restored_state_sha256": "825a43323d564777617871b44f4c0f871a263f5aac13b1d04f204cc4957134e8", "settle_steps": 10, "initial_state_sha256": "941b370406bd8fc6e12c9f1b47605026119a23c95f2f918b3d622cdfba9505c1"}
Episodes: 100%|██████████| 5/5 [03:47<00:00, 45.82s/it]FP4VLA_EPISODE_RESET {"event": "reset", "task_name": "STUDY_SCENE1_pick_up_the_book_and_place_it_in_the_back_compartment_of_the_caddy", "episode_index": 6, "seed": 945006, "task_id": 5, "init_state_index": 5, "init_state_bank_size": 50, "init_state_bank_sha256": "6cd3937ba18d64e72223222af36888d26ea201840415adbc4dae590454d0a5a8", "restored_state_sha256": "8e5a64567e7494c932e2b3e66d902342bdacc3b3d4216f9e1c36cf5be49a0acb", "settle_steps": 10, "initial_state_sha256": "804ba138c22c130f8859973fcba056d2ade080677db1bdc02859b19b234fc1ea"}
Episodes: 100%|██████████| 5/5 [03:49<00:00, 45.85s/it]
Collecting 5 episodes took 233.28674745559692 seconds
Video saved to:  /home/zhaosiying/codebase/fp4vla/results/ptqad_20261003/v11_recovery_r4/artifacts/dev_qad_lr_0.0001/videos/STUDY_SCENE1_pick_up_the_book_and_place_it_in_the_back_compartment_of_the_caddy
results:  ('libero_sim/STUDY_SCENE1_pick_up_the_book_and_place_it_in_the_back_compartment_of_the_caddy', [True, True, True, True, True], {'episode_lengths': [183, 167, 176, 286, 152], 'episode_rewards': [1.0, 1.0, 1.0, 1.0, 1.0]})
success rate:  1.0
