[robosuite WARNING] No private macro file found! (__init__.py:7)
[robosuite WARNING] It is recommended to use a private macro file (__init__.py:8)
[robosuite WARNING] To setup, run: python /home/zhaosiying/codebase/groot-fsdp2/Isaac-GR00T/gr00t/eval/sim/LIBERO/libero_uv/.venv/lib/python3.12/site-packages/robosuite/scripts/setup_macros.py (__init__.py:9)
Gym has been unmaintained since 2022 and does not support NumPy 2.0 amongst other critical functionality.
Please upgrade to Gymnasium, the maintained drop-in replacement of Gym, or contact the authors of your software and request that they upgrade.
See the migration guide at https://gymnasium.farama.org/introduction/migration_guide/ for additional information.
[info] using task orders [0, 1, 2, 3, 4, 5, 6, 7, 8, 9]
[Warning]: datasets path /home/zhaosiying/codebase/groot-fsdp2/Isaac-GR00T/external_dependencies/LIBERO/libero/libero/../datasets does not exist!
Running collecting 5 episodes for libero_sim/LIVING_ROOM_SCENE5_put_the_white_mug_on_the_left_plate_and_put_the_yellow_and_white_mug_on_the_right_plate with 1 vec envs
[info] using task orders [0, 1, 2, 3, 4, 5, 6, 7, 8, 9]
[info] using task orders [0, 1, 2, 3, 4, 5, 6, 7, 8, 9]
[info] using task orders [0, 1, 2, 3, 4, 5, 6, 7, 8, 9]
[info] using task orders [0, 1, 2, 3, 4, 5, 6, 7, 8, 9]
FP4VLA_EPISODE_RESET {"event": "reset", "task_name": "LIVING_ROOM_SCENE5_put_the_white_mug_on_the_left_plate_and_put_the_yellow_and_white_mug_on_the_right_plate", "episode_index": 0, "seed": 944000, "task_id": 4, "init_state_index": 4, "init_state_bank_size": 50, "init_state_bank_sha256": "b6f20784b381c75d715f4fdaadda1fb460cbe24adcbad76f381a009419b8474e", "restored_state_sha256": "4da1e19512111404fa9dc3c87088cf26dce60996e1e9cf5b43ca04c73465a4e6", "settle_steps": 10, "initial_state_sha256": "97173be7cf5967a5723c4343cc5520260b014a693267981f172d7593e6346dea"}
/home/zhaosiying/codebase/groot-fsdp2/Isaac-GR00T/gr00t/eval/sim/LIBERO/libero_uv/.venv/lib/python3.12/site-packages/gymnasium/utils/passive_env_checker.py:159: UserWarning: [33mWARN: The obs returned by the `reset()` method is not within the observation space.[0m
  logger.warn(f"{pre} is not within the observation space.")
/home/zhaosiying/codebase/groot-fsdp2/Isaac-GR00T/gr00t/eval/sim/LIBERO/libero_uv/.venv/lib/python3.12/site-packages/gymnasium/utils/passive_env_checker.py:135: UserWarning: [33mWARN: The obs returned by the `reset()` method was expecting numpy array dtype to be float32, actual type: float64[0m
  logger.warn(
/home/zhaosiying/codebase/groot-fsdp2/Isaac-GR00T/gr00t/eval/sim/LIBERO/libero_uv/.venv/lib/python3.12/site-packages/gymnasium/utils/passive_env_checker.py:131: UserWarning: [33mWARN: The obs returned by the `reset()` method was expecting a numpy array, actual type: <class 'list'>[0m
  logger.warn(
/home/zhaosiying/codebase/groot-fsdp2/Isaac-GR00T/gr00t/eval/sim/LIBERO/libero_uv/.venv/lib/python3.12/site-packages/gymnasium/spaces/box.py:240: UserWarning: [33mWARN: Casting input x to numpy array.[0m
  gym.logger.warn("Casting input x to numpy array.")
Episodes:   0%|          | 0/5 [00:00<?, ?it/s]/home/zhaosiying/codebase/groot-fsdp2/Isaac-GR00T/gr00t/eval/sim/LIBERO/libero_uv/.venv/lib/python3.12/site-packages/gymnasium/utils/passive_env_checker.py:159: UserWarning: [33mWARN: The obs returned by the `step()` method is not within the observation space.[0m
  logger.warn(f"{pre} is not within the observation space.")
/home/zhaosiying/codebase/groot-fsdp2/Isaac-GR00T/gr00t/eval/sim/LIBERO/libero_uv/.venv/lib/python3.12/site-packages/gymnasium/utils/passive_env_checker.py:135: UserWarning: [33mWARN: The obs returned by the `step()` method was expecting numpy array dtype to be float32, actual type: float64[0m
  logger.warn(
/home/zhaosiying/codebase/groot-fsdp2/Isaac-GR00T/gr00t/eval/sim/LIBERO/libero_uv/.venv/lib/python3.12/site-packages/gymnasium/utils/passive_env_checker.py:131: UserWarning: [33mWARN: The obs returned by the `step()` method was expecting a numpy array, actual type: <class 'list'>[0m
  logger.warn(
FP4VLA_EPISODE_RESET {"event": "reset", "task_name": "LIVING_ROOM_SCENE5_put_the_white_mug_on_the_left_plate_and_put_the_yellow_and_white_mug_on_the_right_plate", "episode_index": 1, "seed": 944001, "task_id": 4, "init_state_index": 5, "init_state_bank_size": 50, "init_state_bank_sha256": "b6f20784b381c75d715f4fdaadda1fb460cbe24adcbad76f381a009419b8474e", "restored_state_sha256": "b83253684e70aacc31a4caf328017aa7b4bf34e6320a1c999f1472c43a80e915", "settle_steps": 10, "initial_state_sha256": "61c8bd6d5ff5160ed1a46d22a24c7611d87b2a0ddc7eaee5158dda9dd0c77c58"}
Episodes:  20%|██        | 1/5 [00:53<03:32, 53.19s/it]FP4VLA_EPISODE_RESET {"event": "reset", "task_name": "LIVING_ROOM_SCENE5_put_the_white_mug_on_the_left_plate_and_put_the_yellow_and_white_mug_on_the_right_plate", "episode_index": 2, "seed": 944002, "task_id": 4, "init_state_index": 6, "init_state_bank_size": 50, "init_state_bank_sha256": "b6f20784b381c75d715f4fdaadda1fb460cbe24adcbad76f381a009419b8474e", "restored_state_sha256": "c5ccffa18cb4b9e735e02bf9dd64a86454f91d432a93e8af23b5e1d3a23472cc", "settle_steps": 10, "initial_state_sha256": "b01d1455674255de7ecc0459cd83b14ee6ccbaa5335e66f7e406e20829dec88c"}
Episodes:  40%|████      | 2/5 [03:30<05:43, 114.52s/it]FP4VLA_EPISODE_RESET {"event": "reset", "task_name": "LIVING_ROOM_SCENE5_put_the_white_mug_on_the_left_plate_and_put_the_yellow_and_white_mug_on_the_right_plate", "episode_index": 3, "seed": 944003, "task_id": 4, "init_state_index": 7, "init_state_bank_size": 50, "init_state_bank_sha256": "b6f20784b381c75d715f4fdaadda1fb460cbe24adcbad76f381a009419b8474e", "restored_state_sha256": "b95581ac6ecb117121be421670abca2d7ac7cfa98d3617a80a851bf7fa2faef0", "settle_steps": 10, "initial_state_sha256": "6106585f14cc323fa2dea0ff7e3661c3feab9a84a3c794ddb848d2662700bbd8"}
Episodes:  60%|██████    | 3/5 [04:29<02:57, 88.94s/it] FP4VLA_EPISODE_RESET {"event": "reset", "task_name": "LIVING_ROOM_SCENE5_put_the_white_mug_on_the_left_plate_and_put_the_yellow_and_white_mug_on_the_right_plate", "episode_index": 4, "seed": 944004, "task_id": 4, "init_state_index": 8, "init_state_bank_size": 50, "init_state_bank_sha256": "b6f20784b381c75d715f4fdaadda1fb460cbe24adcbad76f381a009419b8474e", "restored_state_sha256": "69b2841b88f91402edf81e40eb3afea98c5fa70a6a37c1a8d431a11784bfa935", "settle_steps": 10, "initial_state_sha256": "4cc78efd774a0b631bcd0b3a689ef75b14087fce0c430c902d7798128f3c9d11"}
Episodes:  80%|████████  | 4/5 [05:29<01:17, 77.55s/it]FP4VLA_EPISODE_RESET {"event": "reset", "task_name": "LIVING_ROOM_SCENE5_put_the_white_mug_on_the_left_plate_and_put_the_yellow_and_white_mug_on_the_right_plate", "episode_index": 5, "seed": 944005, "task_id": 4, "init_state_index": 4, "init_state_bank_size": 50, "init_state_bank_sha256": "b6f20784b381c75d715f4fdaadda1fb460cbe24adcbad76f381a009419b8474e", "restored_state_sha256": "4da1e19512111404fa9dc3c87088cf26dce60996e1e9cf5b43ca04c73465a4e6", "settle_steps": 10, "initial_state_sha256": "97173be7cf5967a5723c4343cc5520260b014a693267981f172d7593e6346dea"}
Episodes: 100%|██████████| 5/5 [06:20<00:00, 68.10s/it]FP4VLA_EPISODE_RESET {"event": "reset", "task_name": "LIVING_ROOM_SCENE5_put_the_white_mug_on_the_left_plate_and_put_the_yellow_and_white_mug_on_the_right_plate", "episode_index": 6, "seed": 944006, "task_id": 4, "init_state_index": 5, "init_state_bank_size": 50, "init_state_bank_sha256": "b6f20784b381c75d715f4fdaadda1fb460cbe24adcbad76f381a009419b8474e", "restored_state_sha256": "b83253684e70aacc31a4caf328017aa7b4bf34e6320a1c999f1472c43a80e915", "settle_steps": 10, "initial_state_sha256": "61c8bd6d5ff5160ed1a46d22a24c7611d87b2a0ddc7eaee5158dda9dd0c77c58"}
Episodes: 100%|██████████| 5/5 [06:22<00:00, 76.52s/it]
Collecting 5 episodes took 388.1159780025482 seconds
Video saved to:  /home/zhaosiying/codebase/fp4vla/results/ptqad_20261003/v11_recovery_r4/artifacts/dev_qad_lr_5e-05/videos/LIVING_ROOM_SCENE5_put_the_white_mug_on_the_left_plate_and_put_the_yellow_and_white_mug_on_the_right_plate
results:  ('libero_sim/LIVING_ROOM_SCENE5_put_the_white_mug_on_the_left_plate_and_put_the_yellow_and_white_mug_on_the_right_plate', [True, False, True, True, True], {'episode_lengths': [229, 720, 259, 267, 219], 'episode_rewards': [1.0, 0.0, 1.0, 1.0, 1.0]})
success rate:  0.8
